Component: ARM Compiler 5.06 update 6 (build 750) Tool: armlink [4d35ed]

==============================================================================

Section Cross References

    startup_stm32g431xx.o(STACK) refers (Special) to heapauxi.o(.text) for __use_two_region_memory
    startup_stm32g431xx.o(HEAP) refers (Special) to heapauxi.o(.text) for __use_two_region_memory
    startup_stm32g431xx.o(RESET) refers (Special) to heapauxi.o(.text) for __use_two_region_memory
    startup_stm32g431xx.o(RESET) refers to startup_stm32g431xx.o(STACK) for __initial_sp
    startup_stm32g431xx.o(RESET) refers to startup_stm32g431xx.o(.text) for Reset_Handler
    startup_stm32g431xx.o(RESET) refers to stm32g4xx_it.o(i.NMI_Handler) for NMI_Handler
    startup_stm32g431xx.o(RESET) refers to stm32g4xx_it.o(i.HardFault_Handler) for HardFault_Handler
    startup_stm32g431xx.o(RESET) refers to stm32g4xx_it.o(i.MemManage_Handler) for MemManage_Handler
    startup_stm32g431xx.o(RESET) refers to stm32g4xx_it.o(i.BusFault_Handler) for BusFault_Handler
    startup_stm32g431xx.o(RESET) refers to stm32g4xx_it.o(i.UsageFault_Handler) for UsageFault_Handler
    startup_stm32g431xx.o(RESET) refers to stm32g4xx_it.o(i.SVC_Handler) for SVC_Handler
    startup_stm32g431xx.o(RESET) refers to stm32g4xx_it.o(i.DebugMon_Handler) for DebugMon_Handler
    startup_stm32g431xx.o(RESET) refers to stm32g4xx_it.o(i.PendSV_Handler) for PendSV_Handler
    startup_stm32g431xx.o(RESET) refers to stm32g4xx_it.o(i.SysTick_Handler) for SysTick_Handler
    startup_stm32g431xx.o(RESET) refers to stm32g4xx_it.o(i.TIM3_IRQHandler) for TIM3_IRQHandler
    startup_stm32g431xx.o(RESET) refers to stm32g4xx_it.o(i.USART1_IRQHandler) for USART1_IRQHandler
    startup_stm32g431xx.o(RESET) refers to stm32g4xx_it.o(i.TIM7_IRQHandler) for TIM7_IRQHandler
    startup_stm32g431xx.o(.text) refers (Special) to heapauxi.o(.text) for __use_two_region_memory
    startup_stm32g431xx.o(.text) refers to system_stm32g4xx.o(i.SystemInit) for SystemInit
    startup_stm32g431xx.o(.text) refers to __main.o(!!!main) for __main
    startup_stm32g431xx.o(.text) refers to startup_stm32g431xx.o(HEAP) for Heap_Mem
    startup_stm32g431xx.o(.text) refers to startup_stm32g431xx.o(STACK) for Stack_Mem
    main.o(i.SystemClock_Config) refers to rt_memclr_w.o(.text) for __aeabi_memclr4
    main.o(i.SystemClock_Config) refers to stm32g4xx_hal_pwr_ex.o(i.HAL_PWREx_ControlVoltageScaling) for HAL_PWREx_ControlVoltageScaling
    main.o(i.SystemClock_Config) refers to stm32g4xx_hal_rcc.o(i.HAL_RCC_OscConfig) for HAL_RCC_OscConfig
    main.o(i.SystemClock_Config) refers to stm32g4xx_hal_rcc.o(i.HAL_RCC_ClockConfig) for HAL_RCC_ClockConfig
    main.o(i.main) refers to stm32g4xx_hal.o(i.HAL_Init) for HAL_Init
    main.o(i.main) refers to main.o(i.SystemClock_Config) for SystemClock_Config
    main.o(i.main) refers to gpio.o(i.MX_GPIO_Init) for MX_GPIO_Init
    main.o(i.main) refers to usart.o(i.MX_USART1_UART_Init) for MX_USART1_UART_Init
    main.o(i.main) refers to tim.o(i.MX_TIM7_Init) for MX_TIM7_Init
    main.o(i.main) refers to tim.o(i.MX_TIM2_Init) for MX_TIM2_Init
    main.o(i.main) refers to tim.o(i.MX_TIM3_Init) for MX_TIM3_Init
    main.o(i.main) refers to config.o(i.sysInit) for sysInit
    main.o(i.main) refers to config.o(i.sysWork) for sysWork
    gpio.o(i.MX_GPIO_Init) refers to rt_memclr_w.o(.text) for __aeabi_memclr4
    gpio.o(i.MX_GPIO_Init) refers to stm32g4xx_hal_gpio.o(i.HAL_GPIO_WritePin) for HAL_GPIO_WritePin
    gpio.o(i.MX_GPIO_Init) refers to stm32g4xx_hal_gpio.o(i.HAL_GPIO_Init) for HAL_GPIO_Init
    tim.o(i.HAL_TIM_Base_MspDeInit) refers to stm32g4xx_hal_cortex.o(i.HAL_NVIC_DisableIRQ) for HAL_NVIC_DisableIRQ
    tim.o(i.HAL_TIM_Base_MspInit) refers to stm32g4xx_hal_cortex.o(i.HAL_NVIC_SetPriority) for HAL_NVIC_SetPriority
    tim.o(i.HAL_TIM_Base_MspInit) refers to stm32g4xx_hal_cortex.o(i.HAL_NVIC_EnableIRQ) for HAL_NVIC_EnableIRQ
    tim.o(i.HAL_TIM_IC_MspDeInit) refers to stm32g4xx_hal_gpio.o(i.HAL_GPIO_DeInit) for HAL_GPIO_DeInit
    tim.o(i.HAL_TIM_IC_MspDeInit) refers to stm32g4xx_hal_cortex.o(i.HAL_NVIC_DisableIRQ) for HAL_NVIC_DisableIRQ
    tim.o(i.HAL_TIM_IC_MspInit) refers to rt_memclr_w.o(.text) for __aeabi_memclr4
    tim.o(i.HAL_TIM_IC_MspInit) refers to stm32g4xx_hal_gpio.o(i.HAL_GPIO_Init) for HAL_GPIO_Init
    tim.o(i.HAL_TIM_IC_MspInit) refers to stm32g4xx_hal_cortex.o(i.HAL_NVIC_SetPriority) for HAL_NVIC_SetPriority
    tim.o(i.HAL_TIM_IC_MspInit) refers to stm32g4xx_hal_cortex.o(i.HAL_NVIC_EnableIRQ) for HAL_NVIC_EnableIRQ
    tim.o(i.HAL_TIM_MspPostInit) refers to rt_memclr_w.o(.text) for __aeabi_memclr4
    tim.o(i.HAL_TIM_MspPostInit) refers to stm32g4xx_hal_gpio.o(i.HAL_GPIO_Init) for HAL_GPIO_Init
    tim.o(i.MX_TIM2_Init) refers to rt_memclr_w.o(.text) for __aeabi_memclr4
    tim.o(i.MX_TIM2_Init) refers to stm32g4xx_hal_tim.o(i.HAL_TIM_PWM_Init) for HAL_TIM_PWM_Init
    tim.o(i.MX_TIM2_Init) refers to main.o(i.Error_Handler) for Error_Handler
[...]
    .ARM.Collect$$rtentry$$00000009          0x08000274   Section        0  __rtentry2.o(.ARM.Collect$$rtentry$$00000009)
    .ARM.Collect$$rtentry$$0000000A          0x08000274   Section        4  __rtentry2.o(.ARM.Collect$$rtentry$$0000000A)
    .ARM.Collect$$rtentry$$0000000C          0x08000278   Section        0  __rtentry2.o(.ARM.Collect$$rtentry$$0000000C)
    .ARM.Collect$$rtentry$$0000000D          0x08000278   Section        8  __rtentry2.o(.ARM.Collect$$rtentry$$0000000D)
    .ARM.Collect$$rtexit$$00000000           0x08000280   Section        2  rtexit.o(.ARM.Collect$$rtexit$$00000000)
    .ARM.Collect$$rtexit$$00000002           0x08000282   Section        0  rtexit2.o(.ARM.Collect$$rtexit$$00000002)
    .ARM.Collect$$rtexit$$00000003           0x08000282   Section        4  rtexit2.o(.ARM.Collect$$rtexit$$00000003)
    .ARM.Collect$$rtexit$$00000004           0x08000286   Section        6  rtexit2.o(.ARM.Collect$$rtexit$$00000004)
    .text                                    0x0800028c   Section       64  startup_stm32g431xx.o(.text)
    $v0                                      0x0800028c   Number         0  startup_stm32g431xx.o(.text)
    .text                                    0x080002cc   Section      238  lludivv7m.o(.text)
    .text                                    0x080003bc   Section        0  noretval__2sprintf.o(.text)
    .text                                    0x080003e4   Section        0  _printf_pad.o(.text)
    .text                                    0x08000432   Section        0  _printf_str.o(.text)
    .text                                    0x08000484   Section        0  _printf_dec.o(.text)
    .text                                    0x080004fc   Section        0  __printf_wp.o(.text)
    .text                                    0x0800060a   Section        0  strlen.o(.text)
    .text                                    0x08000648   Section       78  rt_memclr_w.o(.text)
    .text                                    0x08000698   Section      128  strcmpv7m.o(.text)
    .text                                    0x08000718   Section        0  heapauxi.o(.text)
    .text                                    0x0800071e   Section        0  _printf_intcommon.o(.text)
    .text                                    0x080007d0   Section        0  _printf_char_common.o(.text)
    _printf_input_char                       0x080007d1   Thumb Code    10  _printf_char_common.o(.text)
    .text                                    0x08000800   Section        0  _sputc.o(.text)
    .text                                    0x0800080a   Section        0  _printf_char.o(.text)
    .text                                    0x08000836   Section       74  sys_stackheap_outer.o(.text)
    .text                                    0x08000880   Section        0  exit.o(.text)
    .text                                    0x08000894   Section        8  libspace.o(.text)
    .text                                    0x0800089c   Section        0  sys_exit.o(.text)
    .text                                    0x080008a8   Section        2  use_no_semi.o(.text)
    .text                                    0x080008aa   Section        0  indicate_semi.o(.text)
    i.BusFault_Handler                       0x080008aa   Section        0  stm32g4xx_it.o(i.BusFault_Handler)
    i.DebugMon_Handler                       0x080008ac   Section        0  stm32g4xx_it.o(i.DebugMon_Handler)
    i.Delay_LCD                              0x080008ae   Section        0  lcd.o(i.Delay_LCD)
    i.Error_Handler                          0x080008ca   Section        0  main.o(i.Error_Handler)
    i.HAL_DMA_Abort                          0x080008ce   Section        0  stm32g4xx_hal_dma.o(i.HAL_DMA_Abort)
    i.HAL_DMA_Abort_IT                       0x08000938   Section        0  stm32g4xx_hal_dma.o(i.HAL_DMA_Abort_IT)
    i.HAL_Delay                              0x080009b0   Section        0  stm32g4xx_hal.o(i.HAL_Delay)
    i.HAL_GPIO_Init                          0x080009d4   Section        0  stm32g4xx_hal_gpio.o(i.HAL_GPIO_Init)
    i.HAL_GPIO_ReadPin                       0x08000c1c   Section        0  stm32g4xx_hal_gpio.o(i.HAL_GPIO_ReadPin)
    i.HAL_GPIO_WritePin                      0x08000c26   Section        0  stm32g4xx_hal_gpio.o(i.HAL_GPIO_WritePin)
    i.HAL_GetTick                            0x08000c30   Section        0  stm32g4xx_hal.o(i.HAL_GetTick)
    i.HAL_IncTick                            0x08000c3c   Section        0  stm32g4xx_hal.o(i.HAL_IncTick)
    i.HAL_Init                               0x08000c4c   Section        0  stm32g4xx_hal.o(i.HAL_Init)
    i.HAL_InitTick                           0x08000c6c   Section        0  stm32g4xx_hal.o(i.HAL_InitTick)
    i.HAL_MspInit                            0x08000cb0   Section        0  stm32g4xx_hal_msp.o(i.HAL_MspInit)
    i.HAL_NVIC_EnableIRQ                     0x08000ce0   Section        0  stm32g4xx_hal_cortex.o(i.HAL_NVIC_EnableIRQ)
    i.HAL_NVIC_SetPriority                   0x08000cfc   Section        0  stm32g4xx_hal_cortex.o(i.HAL_NVIC_SetPriority)
    i.HAL_NVIC_SetPriorityGrouping           0x08000d3c   Section        0  stm32g4xx_hal_cortex.o(i.HAL_NVIC_SetPriorityGrouping)
    i.HAL_PWREx_ControlVoltageScaling        0x08000d60   Section        0  stm32g4xx_hal_pwr_ex.o(i.HAL_PWREx_ControlVoltageScaling)
    i.HAL_PWREx_DisableUCPDDeadBattery       0x08000e1c   Section        0  stm32g4xx_hal_pwr_ex.o(i.HAL_PWREx_DisableUCPDDeadBattery)
    i.HAL_RCCEx_PeriphCLKConfig              0x08000e2c   Section        0  stm32g4xx_hal_rcc_ex.o(i.HAL_RCCEx_PeriphCLKConfig)
    i.HAL_RCC_ClockConfig                    0x080010b4   Section        0  stm32g4xx_hal_rcc.o(i.HAL_RCC_ClockConfig)
    i.HAL_RCC_GetPCLK1Freq                   0x08001290   Section        0  stm32g4xx_hal_rcc.o(i.HAL_RCC_GetPCLK1Freq)
    i.HAL_RCC_GetPCLK2Freq                   0x080012b4   Section        0  stm32g4xx_hal_rcc.o(i.HAL_RCC_GetPCLK2Freq)
    i.HAL_RCC_GetSysClockFreq                0x080012d8   Section        0  stm32g4xx_hal_rcc.o(i.HAL_RCC_GetSysClockFreq)
    i.HAL_RCC_OscConfig                      0x08001348   Section        0  stm32g4xx_hal_rcc.o(i.HAL_RCC_OscConfig)
    i.HAL_SYSTICK_Config                     0x08001754   Section        0  stm32g4xx_hal_cortex.o(i.HAL_SYSTICK_Config)
    i.HAL_TIMEx_Break2Callback               0x0800177c   Section        0  stm32g4xx_hal_tim_ex.o(i.HAL_TIMEx_Break2Callback)
    i.HAL_TIMEx_BreakCallback                0x0800177e   Section        0  stm32g4xx_hal_tim_ex.o(i.HAL_TIMEx_BreakCallback)
    i.HAL_TIMEx_CommutCallback               0x08001780   Section        0  stm32g4xx_hal_tim_ex.o(i.HAL_TIMEx_CommutCallback)
    i.HAL_TIMEx_DirectionChangeCallback      0x08001782   Section        0  stm32g4xx_hal_tim_ex.o(i.HAL_TIMEx_DirectionChangeCallback)
    i.HAL_TIMEx_EncoderIndexCallback         0x08001784   Section        0  stm32g4xx_hal_tim_ex.o(i.HAL_TIMEx_EncoderIndexCallback)
    i.HAL_TIMEx_IndexErrorCallback           0x08001786   Section        0  stm32g4xx_hal_tim_ex.o(i.HAL_TIMEx_IndexErrorCallback)
    i.HAL_TIMEx_MasterConfigSynchronization  0x08001788   Section        0  stm32g4xx_hal_tim_ex.o(i.HAL_TIMEx_MasterConfigSynchronization)
    i.HAL_TIMEx_TransitionErrorCallback      0x08001824   Section        0  stm32g4xx_hal_tim_ex.o(i.HAL_TIMEx_TransitionErrorCallback)
    i.HAL_TIM_Base_Init                      0x08001826   Section        0  stm32g4xx_hal_tim.o(i.HAL_TIM_Base_Init)
    i.HAL_TIM_Base_MspInit                   0x08001888   Section        0  tim.o(i.HAL_TIM_Base_MspInit)
    i.HAL_TIM_Base_Start_IT                  0x080018c4   Section        0  stm32g4xx_hal_tim.o(i.HAL_TIM_Base_Start_IT)
    i.HAL_TIM_IC_CaptureCallback             0x0800193c   Section        0  config.o(i.HAL_TIM_IC_CaptureCallback)
    i.HAL_TIM_IC_ConfigChannel               0x0800197c   Section        0  stm32g4xx_hal_tim.o(i.HAL_TIM_IC_ConfigChannel)
    i.HAL_TIM_IC_Init                        0x08001a9a   Section        0  stm32g4xx_hal_tim.o(i.HAL_TIM_IC_Init)
    i.HAL_TIM_IC_MspInit                     0x08001afc   Section        0  tim.o(i.HAL_TIM_IC_MspInit)
    i.HAL_TIM_IC_Start_IT                    0x08001b6c   Section        0  stm32g4xx_hal_tim.o(i.HAL_TIM_IC_Start_IT)
    i.HAL_TIM_IRQHandler                     0x08001c98   Section        0  stm32g4xx_hal_tim.o(i.HAL_TIM_IRQHandler)
    i.HAL_TIM_MspPostInit                    0x08001e94   Section        0  tim.o(i.HAL_TIM_MspPostInit)
    i.HAL_TIM_OC_DelayElapsedCallback        0x08001ee0   Section        0  stm32g4xx_hal_tim.o(i.HAL_TIM_OC_DelayElapsedCallback)
    i.HAL_TIM_PWM_ConfigChannel              0x08001ee2   Section        0  stm32g4xx_hal_tim.o(i.HAL_TIM_PWM_ConfigChannel)
    i.HAL_TIM_PWM_Init                       0x08002006   Section        0  stm32g4xx_hal_tim.o(i.HAL_TIM_PWM_Init)
    i.HAL_TIM_PWM_MspInit                    0x08002068   Section        0  tim.o(i.HAL_TIM_PWM_MspInit)
    i.HAL_TIM_PWM_PulseFinishedCallback      0x0800208c   Section        0  stm32g4xx_hal_tim.o(i.HAL_TIM_PWM_PulseFinishedCallback)
    i.HAL_TIM_PWM_Start                      0x08002090   Section        0  stm32g4xx_hal_tim.o(i.HAL_TIM_PWM_Start)
    i.HAL_TIM_PeriodElapsedCallback          0x0800218c   Section        0  config.o(i.HAL_TIM_PeriodElapsedCallback)
    i.HAL_TIM_ReadCapturedValue              0x080021b4   Section        0  stm32g4xx_hal_tim.o(i.HAL_TIM_ReadCapturedValue)
    i.HAL_TIM_TriggerCallback                0x080021de   Section        0  stm32g4xx_hal_tim.o(i.HAL_TIM_TriggerCallback)
    i.HAL_UARTEx_DisableFifoMode             0x080021e0   Section        0  stm32g4xx_hal_uart_ex.o(i.HAL_UARTEx_DisableFifoMode)
    i.HAL_UARTEx_RxEventCallback             0x0800221e   Section        0  stm32g4xx_hal_uart.o(i.HAL_UARTEx_RxEventCallback)
    i.HAL_UARTEx_RxFifoFullCallback          0x08002220   Section        0  stm32g4xx_hal_uart_ex.o(i.HAL_UARTEx_RxFifoFullCallback)
    i.HAL_UARTEx_SetRxFifoThreshold          0x08002222   Section        0  stm32g4xx_hal_uart_ex.o(i.HAL_UARTEx_SetRxFifoThreshold)
    i.HAL_UARTEx_SetTxFifoThreshold          0x0800226e   Section        0  stm32g4xx_hal_uart_ex.o(i.HAL_UARTEx_SetTxFifoThreshold)
    i.HAL_UARTEx_TxFifoEmptyCallback         0x080022ba   Section        0  stm32g4xx_hal_uart_ex.o(i.HAL_UARTEx_TxFifoEmptyCallback)
    i.HAL_UARTEx_WakeupCallback              0x080022bc   Section        0  stm32g4xx_hal_uart_ex.o(i.HAL_UARTEx_WakeupCallback)
    i.HAL_UART_ErrorCallback                 0x080022be   Section        0  stm32g4xx_hal_uart.o(i.HAL_UART_ErrorCallback)
    i.HAL_UART_IRQHandler                    0x080022c0   Section        0  stm32g4xx_hal_uart.o(i.HAL_UART_IRQHandler)
    i.HAL_UART_Init                          0x080025a0   Section        0  stm32g4xx_hal_uart.o(i.HAL_UART_Init)
    i.HAL_UART_MspInit                       0x0800260c   Section        0  usart.o(i.HAL_UART_MspInit)
    i.HAL_UART_Receive_IT                    0x08002698   Section        0  stm32g4xx_hal_uart.o(i.HAL_UART_Receive_IT)
    i.HAL_UART_RxCpltCallback                0x080026ec   Section        0  config.o(i.HAL_UART_RxCpltCallback)
    i.HAL_UART_TxCpltCallback                0x08002708   Section        0  stm32g4xx_hal_uart.o(i.HAL_UART_TxCpltCallback)
    i.HardFault_Handler                      0x0800270a   Section        0  stm32g4xx_it.o(i.HardFault_Handler)
    i.LCD_BusIn                              0x0800270c   Section        0  lcd.o(i.LCD_BusIn)
    i.LCD_BusOut                             0x08002738   Section        0  lcd.o(i.LCD_BusOut)
    i.LCD_Clear                              0x08002768   Section        0  lcd.o(i.LCD_Clear)
    i.LCD_ClearLine                          0x0800278c   Section        0  lcd.o(i.LCD_ClearLine)
    i.LCD_CtrlLinesConfig                    0x080027ac   Section        0  lcd.o(i.LCD_CtrlLinesConfig)
    i.LCD_DisplayChar                        0x0800283c   Section        0  lcd.o(i.LCD_DisplayChar)
    i.LCD_DisplayStringLine                  0x08002854   Section        0  lcd.o(i.LCD_DisplayStringLine)
    i.LCD_DrawChar                           0x08002880   Section        0  lcd.o(i.LCD_DrawChar)
    i.LCD_Init                               0x080028d8   Section        0  lcd.o(i.LCD_Init)
    i.LCD_ReadReg                            0x0800290c   Section        0  lcd.o(i.LCD_ReadReg)
    i.LCD_SetCursor                          0x0800298c   Section        0  lcd.o(i.LCD_SetCursor)
    i.LCD_WriteRAM                           0x080029a4   Section        0  lcd.o(i.LCD_WriteRAM)
    i.LCD_WriteRAM_Prepare                   0x080029fc   Section        0  lcd.o(i.LCD_WriteRAM_Prepare)
    i.LCD_WriteReg                           0x08002a58   Section        0  lcd.o(i.LCD_WriteReg)
    i.MX_GPIO_Init                           0x08002ac4   Section        0  gpio.o(i.MX_GPIO_Init)
    i.MX_TIM2_Init                           0x08002b98   Section        0  tim.o(i.MX_TIM2_Init)
    i.MX_TIM3_Init                           0x08002c0c   Section        0  tim.o(i.MX_TIM3_Init)
    i.MX_TIM7_Init                           0x08002c80   Section        0  tim.o(i.MX_TIM7_Init)
    i.MX_USART1_UART_Init                    0x08002cc8   Section        0  usart.o(i.MX_USART1_UART_Init)
    i.MemManage_Handler                      0x08002d30   Section        0  stm32g4xx_it.o(i.MemManage_Handler)
    i.NMI_Handler                            0x08002d32   Section        0  stm32g4xx_it.o(i.NMI_Handler)
    i.PSDViewDisplay                         0x08002d34   Section        0  config.o(i.PSDViewDisplay)
    i.PendSV_Handler                         0x08002dfc   Section        0  stm32g4xx_it.o(i.PendSV_Handler)
    i.REG_8230_Init                          0x08002dfe   Section        0  lcd.o(i.REG_8230_Init)
    i.REG_932X_Init                          0x08002f10   Section        0  lcd.o(i.REG_932X_Init)
    i.STAViewDisplay                         0x08003114   Section        0  config.o(i.STAViewDisplay)
    i.SVC_Handler                            0x08003160   Section        0  stm32g4xx_it.o(i.SVC_Handler)
    i.SysTick_Handler                        0x08003162   Section        0  stm32g4xx_it.o(i.SysTick_Handler)
    i.SystemClock_Config                     0x08003166   Section        0  main.o(i.SystemClock_Config)
    i.SystemInit                             0x080031cc   Section        0  system_stm32g4xx.o(i.SystemInit)
    i.TIM3_IRQHandler                        0x080031dc   Section        0  stm32g4xx_it.o(i.TIM3_IRQHandler)
    i.TIM7_IRQHandler                        0x080031e8   Section        0  stm32g4xx_it.o(i.TIM7_IRQHandler)
    i.TIM_Base_SetConfig                     0x080031f4   Section        0  stm32g4xx_hal_tim.o(i.TIM_Base_SetConfig)
    i.TIM_CCxChannelCmd                      0x080032a4   Section        0  stm32g4xx_hal_tim.o(i.TIM_CCxChannelCmd)
    i.TIM_OC1_SetConfig                      0x080032c0   Section        0  stm32g4xx_hal_tim.o(i.TIM_OC1_SetConfig)
    TIM_OC1_SetConfig                        0x080032c1   Thumb Code   132  stm32g4xx_hal_tim.o(i.TIM_OC1_SetConfig)
    i.TIM_OC2_SetConfig                      0x0800335c   Section        0  stm32g4xx_hal_tim.o(i.TIM_OC2_SetConfig)
    i.TIM_OC3_SetConfig                      0x080033ec   Section        0  stm32g4xx_hal_tim.o(i.TIM_OC3_SetConfig)
    TIM_OC3_SetConfig                        0x080033ed   Thumb Code   118  stm32g4xx_hal_tim.o(i.TIM_OC3_SetConfig)
    i.TIM_OC4_SetConfig                      0x0800347c   Section        0  stm32g4xx_hal_tim.o(i.TIM_OC4_SetConfig)
    TIM_OC4_SetConfig                        0x0800347d   Thumb Code   120  stm32g4xx_hal_tim.o(i.TIM_OC4_SetConfig)
    i.TIM_OC5_SetConfig                      0x0800350c   Section        0  stm32g4xx_hal_tim.o(i.TIM_OC5_SetConfig)
    TIM_OC5_SetConfig                        0x0800350d   Thumb Code    86  stm32g4xx_hal_tim.o(i.TIM_OC5_SetConfig)
    i.TIM_OC6_SetConfig                      0x0800357c   Section        0  stm32g4xx_hal_tim.o(i.TIM_OC6_SetConfig)
    TIM_OC6_SetConfig                        0x0800357d   Thumb Code    88  stm32g4xx_hal_tim.o(i.TIM_OC6_SetConfig)
    i.TIM_TI1_SetConfig                      0x080035ec   Section        0  stm32g4xx_hal_tim.o(i.TIM_TI1_SetConfig)
    i.TIM_TI2_SetConfig                      0x08003658   Section        0  stm32g4xx_hal_tim.o(i.TIM_TI2_SetConfig)
    TIM_TI2_SetConfig                        0x08003659   Thumb Code    54  stm32g4xx_hal_tim.o(i.TIM_TI2_SetConfig)
    i.UARTEx_SetNbDataToProcess              0x08003690   Section        0  stm32g4xx_hal_uart_ex.o(i.UARTEx_SetNbDataToProcess)
    UARTEx_SetNbDataToProcess                0x08003691   Thumb Code    62  stm32g4xx_hal_uart_ex.o(i.UARTEx_SetNbDataToProcess)
    i.UART_AdvFeatureConfig                  0x080036d4   Section        0  stm32g4xx_hal_uart.o(i.UART_AdvFeatureConfig)
    i.UART_CheckIdleState                    0x0800379c   Section        0  stm32g4xx_hal_uart.o(i.UART_CheckIdleState)
    i.UART_DMAAbortOnError                   0x080037fc   Section        0  stm32g4xx_hal_uart.o(i.UART_DMAAbortOnError)
    UART_DMAAbortOnError                     0x080037fd   Thumb Code    20  stm32g4xx_hal_uart.o(i.UART_DMAAbortOnError)
    i.UART_EndRxTransfer                     0x08003810   Section        0  stm32g4xx_hal_uart.o(i.UART_EndRxTransfer)
    UART_EndRxTransfer                       0x08003811   Thumb Code    78  stm32g4xx_hal_uart.o(i.UART_EndRxTransfer)
    i.UART_RxISR_16BIT                       0x08003864   Section        0  stm32g4xx_hal_uart.o(i.UART_RxISR_16BIT)
    UART_RxISR_16BIT                         0x08003865   Thumb Code   162  stm32g4xx_hal_uart.o(i.UART_RxISR_16BIT)
    i.UART_RxISR_16BIT_FIFOEN                0x08003908   Section        0  stm32g4xx_hal_uart.o(i.UART_RxISR_16BIT_FIFOEN)
    UART_RxISR_16BIT_FIFOEN                  0x08003909   Thumb Code   364  stm32g4xx_hal_uart.o(i.UART_RxISR_16BIT_FIFOEN)
    i.UART_RxISR_8BIT                        0x08003a7c   Section        0  stm32g4xx_hal_uart.o(i.UART_RxISR_8BIT)
    UART_RxISR_8BIT                          0x08003a7d   Thumb Code   162  stm32g4xx_hal_uart.o(i.UART_RxISR_8BIT)
    i.UART_RxISR_8BIT_FIFOEN                 0x08003b20   Section        0  stm32g4xx_hal_uart.o(i.UART_RxISR_8BIT_FIFOEN)
    UART_RxISR_8BIT_FIFOEN                   0x08003b21   Thumb Code   364  stm32g4xx_hal_uart.o(i.UART_RxISR_8BIT_FIFOEN)
    i.UART_SetConfig                         0x08003c94   Section        0  stm32g4xx_hal_uart.o(i.UART_SetConfig)
    i.UART_Start_Receive_IT                  0x08003f08   Section        0  stm32g4xx_hal_uart.o(i.UART_Start_Receive_IT)
    i.UART_WaitOnFlagUntilTimeout            0x08004020   Section        0  stm32g4xx_hal_uart.o(i.UART_WaitOnFlagUntilTimeout)
    i.USART1_IRQHandler                      0x080040e8   Section        0  stm32g4xx_it.o(i.USART1_IRQHandler)
    i.UsageFault_Handler                     0x080040f4   Section        0  stm32g4xx_it.o(i.UsageFault_Handler)
    i.__NVIC_SetPriority                     0x080040f6   Section        0  stm32g4xx_hal_cortex.o(i.__NVIC_SetPriority)
    __NVIC_SetPriority                       0x080040f7   Thumb Code    32  stm32g4xx_hal_cortex.o(i.__NVIC_SetPriority)
    i._is_digit                              0x08004116   Section        0  __printf_wp.o(i._is_digit)
    i.changeAllLedByStateNumber              0x08004124   Section        0  led.o(i.changeAllLedByStateNumber)
    i.changeLedStateByLocation               0x0800415c   Section        0  led.o(i.changeLedStateByLocation)
    i.getPasswdByUsart                       0x08004194   Section        0  config.o(i.getPasswdByUsart)
    i.keyProc                                0x080041e0   Section        0  config.o(i.keyProc)
    i.lcdInit                                0x08004258   Section        0  lcd.o(i.lcdInit)
    i.ledDisplay                             0x08004288   Section        0  config.o(i.ledDisplay)
    i.main                                   0x080042d8   Section        0  main.o(i.main)
    i.pwmWorkByFre                           0x08004300   Section        0  config.o(i.pwmWorkByFre)
    i.scanKeyUseStructAndTime                0x08004314   Section        0  key.o(i.scanKeyUseStructAndTime)
    i.sysInit                                0x080043f8   Section        0  config.o(i.sysInit)
    i.sysWork                                0x08004430   Section        0  config.o(i.sysWork)
    x$fpl$fpinit                             0x08004524   Section       10  fpinit.o(x$fpl$fpinit)
    $v0                                      0x08004524   Number         0  fpinit.o(x$fpl$fpinit)
    .constdata                               0x0800452e   Section       24  stm32g4xx_hal_uart.o(.constdata)
    .constdata                               0x08004546   Section       16  stm32g4xx_hal_uart_ex.o(.constdata)
    numerator                                0x08004546   Data           8  stm32g4xx_hal_uart_ex.o(.constdata)
    denominator                              0x0800454e   Data           8  stm32g4xx_hal_uart_ex.o(.constdata)
    .constdata                               0x08004556   Section       16  system_stm32g4xx.o(.constdata)
    .constdata                               0x08004566   Section        8  system_stm32g4xx.o(.constdata)
    .constdata                               0x0800456e   Section     4560  lcd.o(.constdata)
    .data                                    0x20000000   Section       12  stm32g4xx_hal.o(.data)
    .data                                    0x2000000c   Section        4  system_stm32g4xx.o(.data)
    .data                                    0x20000010   Section       51  config.o(.data)
    LED2_state                               0x20000034   Data           4  config.o(.data)
    .data                                    0x20000044   Section        6  lcd.o(.data)
    TextColor                                0x20000044   Data           2  lcd.o(.data)
    BackColor                                0x20000046   Data           2  lcd.o(.data)
    .bss                                     0x2000004c   Section      228  tim.o(.bss)
    .bss                                     0x20000130   Section      144  usart.o(.bss)
    .bss                                     0x200001c0   Section       40  config.o(.bss)
    .bss                                     0x200001e8   Section       96  key.o(.bss)
    _key                                     0x20000218   Data          48  key.o(.bss)
    .bss                                     0x20000248   Section       96  libspace.o(.bss)
    HEAP                                     0x200002a8   Section      512  startup_stm32g431xx.o(HEAP)
    Heap_Mem                                 0x200002a8   Data         512  startup_stm32g431xx.o(HEAP)
    STACK                                    0x200004a8   Section     1024  startup_stm32g431xx.o(STACK)
    Stack_Mem                                0x200004a8   Data        1024  startup_stm32g431xx.o(STACK)
    __initial_sp                             0x200008a8   Data           0  startup_stm32g431xx.o(STACK)

    Global Symbols

    Symbol Name                              Value     Ov Type        Size  Object(Section)

    BuildAttributes$$THM_ISAv4$E$P$D$K$B$S$7EM$VFPi3$EXTD16$VFPS$VFMA$PE$A:L22UL41UL21$X:L11$S22US41US21$IEEE1$IW$USESV6$~STKCKD$USESV7$~SHL$OSPACE$ROPI$EBA8$UX$STANDARDLIB$REQ8$PRES8$EABIv2 0x00000000   Number         0  anon$$obj.o ABSOLUTE
    __ARM_use_no_argv                        0x00000000   Number         0  main.o ABSOLUTE
    _printf_flags                            0x00000000   Number         0  printf_stubs.o ABSOLUTE
    _printf_return_value                     0x00000000   Number         0  printf_stubs.o ABSOLUTE
    _printf_sizespec                         0x00000000   Number         0  printf_stubs.o ABSOLUTE
    _printf_widthprec                        0x00000000   Number         0  printf_stubs.o ABSOLUTE
    __ARM_exceptions_init                     - Undefined Weak Reference
    __alloca_initialize                       - Undefined Weak Reference
    __arm_preinit_                            - Undefined Weak Reference
    __cpp_initialize__aeabi_                  - Undefined Weak Reference
    __cxa_finalize                            - Undefined Weak Reference
    __rt_locale                               - Undefined Weak Reference
    __sigvec_lookup                           - Undefined Weak Reference
    _atexit_init                              - Undefined Weak Reference
    _call_atexit_fns                          - Undefined Weak Reference
    _clock_init                               - Undefined Weak Reference
    _fp_trap_init                             - Undefined Weak Reference
    _fp_trap_shutdown                         - Undefined Weak Reference
    _get_lc_collate                           - Undefined Weak Reference
    _get_lc_ctype                             - Undefined Weak Reference
    _get_lc_monetary                          - Undefined Weak Reference
    _get_lc_numeric                           - Undefined Weak Reference
    _get_lc_time                              - Undefined Weak Reference
    _getenv_init                              - Undefined Weak Reference
    _handle_redirection                       - Undefined Weak Reference
    _init_alloc                               - Undefined Weak Reference
    _init_user_alloc                          - Undefined Weak Reference
    _initio                                   - Undefined Weak Reference
    _printf_mbtowc                            - Undefined Weak Reference
    _printf_truncate_signed                   - Undefined Weak Reference
    _printf_truncate_unsigned                 - Undefined Weak Reference
    _rand_init                                - Undefined Weak Reference
    _signal_finish                            - Undefined Weak Reference
    _signal_init                              - Undefined Weak Reference
    _terminate_alloc                          - Undefined Weak Reference
    _terminate_user_alloc                     - Undefined Weak Reference
    _terminateio                              - Undefined Weak Reference
    __Vectors_Size                           0x000001d8   Number         0  startup_stm32g431xx.o ABSOLUTE
    __Vectors                                0x08000000   Data           4  startup_stm32g431xx.o(RESET)
    __Vectors_End                            0x080001d8   Data           0  startup_stm32g431xx.o(RESET)
    __main                                   0x080001d9   Thumb Code     8  __main.o(!!!main)
    __scatterload                            0x080001e1   Thumb Code     0  __scatter.o(!!!scatter)
    __scatterload_rt2                        0x080001e1   Thumb Code    44  __scatter.o(!!!scatter)
    __scatterload_rt2_thumb_only             0x080001e1   Thumb Code     0  __scatter.o(!!!scatter)
    __scatterload_null                       0x080001ef   Thumb Code     0  __scatter.o(!!!scatter)
    __scatterload_copy                       0x08000215   Thumb Code    26  __scatter_copy.o(!!handler_copy)
    __scatterload_zeroinit                   0x08000231   Thumb Code    28  __scatter_zi.o(!!handler_zi)
    _printf_d                                0x0800024d   Thumb Code     0  _printf_d.o(.ARM.Collect$$_printf_percent$$00000009)
    _printf_percent                          0x0800024d   Thumb Code     0  _printf_percent.o(.ARM.Collect$$_printf_percent$$00000000)
    _printf_c                                0x08000253   Thumb Code     0  _printf_c.o(.ARM.Collect$$_printf_percent$$00000013)
    _printf_s                                0x08000259   Thumb Code     0  _printf_s.o(.ARM.Collect$$_printf_percent$$00000014)
    _printf_percent_end                      0x0800025f   Thumb Code     0  _printf_percent_end.o(.ARM.Collect$$_printf_percent$$00000017)
    __rt_lib_init                            0x08000263   Thumb Code     0  libinit.o(.ARM.Collect$$libinit$$00000000)
    __rt_lib_init_fp_1                       0x08000265   Thumb Code     0  libinit2.o(.ARM.Collect$$libinit$$00000001)
    __rt_lib_init_alloca_1                   0x08000269   Thumb Code     0  libinit2.o(.ARM.Collect$$libinit$$0000002E)
    __rt_lib_init_argv_1                     0x08000269   Thumb Code     0  libinit2.o(.ARM.Collect$$libinit$$0000002C)
    __rt_lib_init_atexit_1                   0x08000269   Thumb Code     0  libinit2.o(.ARM.Collect$$libinit$$0000001B)
    __rt_lib_init_clock_1                    0x08000269   Thumb Code     0  libinit2.o(.ARM.Collect$$libinit$$00000021)
    __rt_lib_init_cpp_1                      0x08000269   Thumb Code     0  libinit2.o(.ARM.Collect$$libinit$$00000032)
    __rt_lib_init_exceptions_1               0x08000269   Thumb Code     0  libinit2.o(.ARM.Collect$$libinit$$00000030)
    __rt_lib_init_fp_trap_1                  0x08000269   Thumb Code     0  libinit2.o(.ARM.Collect$$libinit$$0000001F)
    __rt_lib_init_getenv_1                   0x08000269   Thumb Code     0  libinit2.o(.ARM.Collect$$libinit$$00000023)
    __rt_lib_init_heap_1                     0x08000269   Thumb Code     0  libinit2.o(.ARM.Collect$$libinit$$0000000A)
    __rt_lib_init_lc_collate_1               0x08000269   Thumb Code     0  libinit2.o(.ARM.Collect$$libinit$$00000011)
    __rt_lib_init_lc_ctype_1                 0x08000269   Thumb Code     0  libinit2.o(.ARM.Collect$$libinit$$00000013)
    __rt_lib_init_lc_monetary_1              0x08000269   Thumb Code     0  libinit2.o(.ARM.Collect$$libinit$$00000015)
    __rt_lib_init_lc_numeric_1               0x08000269   Thumb Code     0  libinit2.o(.ARM.Collect$$libinit$$00000017)
    __rt_lib_init_lc_time_1                  0x08000269   Thumb Code     0  libinit2.o(.ARM.Collect$$libinit$$00000019)
    __rt_lib_init_preinit_1                  0x08000269   Thumb Code     0  libinit2.o(.ARM.Collect$$libinit$$00000004)
    __rt_lib_init_rand_1                     0x08000269   Thumb Code     0  libinit2.o(.ARM.Collect$$libinit$$0000000E)
    __rt_lib_init_return                     0x08000269   Thumb Code     0  libinit2.o(.ARM.Collect$$libinit$$00000033)
    __rt_lib_init_signal_1                   0x08000269   Thumb Code     0  libinit2.o(.ARM.Collect$$libinit$$0000001D)
    __rt_lib_init_stdio_1                    0x08000269   Thumb Code     0  libinit2.o(.ARM.Collect$$libinit$$00000025)
    __rt_lib_init_user_alloc_1               0x08000269   Thumb Code     0  libinit2.o(.ARM.Collect$$libinit$$0000000C)
    __rt_lib_shutdown                        0x0800026b   Thumb Code     0  libshutdown.o(.ARM.Collect$$libshutdown$$00000000)
    __rt_lib_shutdown_cpp_1                  0x0800026d   Thumb Code     0  libshutdown2.o(.ARM.Collect$$libshutdown$$00000002)
    __rt_lib_shutdown_fp_trap_1              0x0800026d   Thumb Code     0  libshutdown2.o(.ARM.Collect$$libshutdown$$00000007)
    __rt_lib_shutdown_heap_1                 0x0800026d   Thumb Code     0  libshutdown2.o(.ARM.Collect$$libshutdown$$0000000F)
    __rt_lib_shutdown_return                 0x0800026d   Thumb Code     0  libshutdown2.o(.ARM.Collect$$libshutdown$$00000010)
    __rt_lib_shutdown_signal_1               0x0800026d   Thumb Code     0  libshutdown2.o(.ARM.Collect$$libshutdown$$0000000A)
    __rt_lib_shutdown_stdio_1                0x0800026d   Thumb Code     0  libshutdown2.o(.ARM.Collect$$libshutdown$$00000004)
    __rt_lib_shutdown_user_alloc_1           0x0800026d   Thumb Code     0  libshutdown2.o(.ARM.Collect$$libshutdown$$0000000C)
    __rt_entry                               0x0800026f   Thumb Code     0  __rtentry.o(.ARM.Collect$$rtentry$$00000000)
    __rt_entry_presh_1                       0x0800026f   Thumb Code     0  __rtentry2.o(.ARM.Collect$$rtentry$$00000002)
    __rt_entry_sh                            0x0800026f   Thumb Code     0  __rtentry4.o(.ARM.Collect$$rtentry$$00000004)
    __rt_entry_li                            0x08000275   Thumb Code     0  __rtentry2.o(.ARM.Collect$$rtentry$$0000000A)
    __rt_entry_postsh_1                      0x08000275   Thumb Code     0  __rtentry2.o(.ARM.Collect$$rtentry$$00000009)
    __rt_entry_main                          0x08000279   Thumb Code     0  __rtentry2.o(.ARM.Collect$$rtentry$$0000000D)
    __rt_entry_postli_1                      0x08000279   Thumb Code     0  __rtentry2.o(.ARM.Collect$$rtentry$$0000000C)
    __rt_exit                                0x08000281   Thumb Code     0  rtexit.o(.ARM.Collect$$rtexit$$00000000)
    __rt_exit_ls                             0x08000283   Thumb Code     0  rtexit2.o(.ARM.Collect$$rtexit$$00000003)
    __rt_exit_prels_1                        0x08000283   Thumb Code     0  rtexit2.o(.ARM.Collect$$rtexit$$00000002)
    __rt_exit_exit                           0x08000287   Thumb Code     0  rtexit2.o(.ARM.Collect$$rtexit$$00000004)
    Reset_Handler                            0x0800028d   Thumb Code     8  startup_stm32g431xx.o(.text)
    ADC1_2_IRQHandler                        0x080002a7   Thumb Code     0  startup_stm32g431xx.o(.text)
    COMP1_2_3_IRQHandler                     0x080002a7   Thumb Code     0  startup_stm32g431xx.o(.text)
    COMP4_IRQHandler                         0x080002a7   Thumb Code     0  startup_stm32g431xx.o(.text)
    CORDIC_IRQHandler                        0x080002a7   Thumb Code     0  startup_stm32g431xx.o(.text)
    CRS_IRQHandler                           0x080002a7   Thumb Code     0  startup_stm32g431xx.o(.text)
    DMA1_Channel1_IRQHandler                 0x080002a7   Thumb Code     0  startup_stm32g431xx.o(.text)
    DMA1_Channel2_IRQHandler                 0x080002a7   Thumb Code     0  startup_stm32g431xx.o(.text)
    DMA1_Channel3_IRQHandler                 0x080002a7   Thumb Code     0  startup_stm32g431xx.o(.text)
    DMA1_Channel4_IRQHandler                 0x080002a7   Thumb Code     0  startup_stm32g431xx.o(.text)
    DMA1_Channel5_IRQHandler                 0x080002a7   Thumb Code     0  startup_stm32g431xx.o(.text)
    DMA1_Channel6_IRQHandler                 0x080002a7   Thumb Code     0  startup_stm32g431xx.o(.text)
    DMA2_Channel1_IRQHandler                 0x080002a7   Thumb Code     0  startup_stm32g431xx.o(.text)
    DMA2_Channel2_IRQHandler                 0x080002a7   Thumb Code     0  startup_stm32g431xx.o(.text)
    DMA2_Channel3_IRQHandler                 0x080002a7   Thumb Code     0  startup_stm32g431xx.o(.text)
    DMA2_Channel4_IRQHandler                 0x080002a7   Thumb Code     0  startup_stm32g431xx.o(.text)
    DMA2_Channel5_IRQHandler                 0x080002a7   Thumb Code     0  startup_stm32g431xx.o(.text)
    DMA2_Channel6_IRQHandler                 0x080002a7   Thumb Code     0  startup_stm32g431xx.o(.text)
    DMAMUX_OVR_IRQHandler                    0x080002a7   Thumb Code     0  startup_stm32g431xx.o(.text)
    EXTI0_IRQHandler                         0x080002a7   Thumb Code     0  startup_stm32g431xx.o(.text)
    EXTI15_10_IRQHandler                     0x080002a7   Thumb Code     0  startup_stm32g431xx.o(.text)
    EXTI1_IRQHandler                         0x080002a7   Thumb Code     0  startup_stm32g431xx.o(.text)
    EXTI2_IRQHandler                         0x080002a7   Thumb Code     0  startup_stm32g431xx.o(.text)
    EXTI3_IRQHandler                         0x080002a7   Thumb Code     0  startup_stm32g431xx.o(.text)
    EXTI4_IRQHandler                         0x080002a7   Thumb Code     0  startup_stm32g431xx.o(.text)
    EXTI9_5_IRQHandler                       0x080002a7   Thumb Code     0  startup_stm32g431xx.o(.text)
    FDCAN1_IT0_IRQHandler                    0x080002a7   Thumb Code     0  startup_stm32g431xx.o(.text)
    FDCAN1_IT1_IRQHandler                    0x080002a7   Thumb Code     0  startup_stm32g431xx.o(.text)
    FLASH_IRQHandler                         0x080002a7   Thumb Code     0  startup_stm32g431xx.o(.text)
    FMAC_IRQHandler                          0x080002a7   Thumb Code     0  startup_stm32g431xx.o(.text)
    FPU_IRQHandler                           0x080002a7   Thumb Code     0  startup_stm32g431xx.o(.text)
    I2C1_ER_IRQHandler                       0x080002a7   Thumb Code     0  startup_stm32g431xx.o(.text)
    I2C1_EV_IRQHandler                       0x080002a7   Thumb Code     0  startup_stm32g431xx.o(.text)
    I2C2_ER_IRQHandler                       0x080002a7   Thumb Code     0  startup_stm32g431xx.o(.text)
    I2C2_EV_IRQHandler                       0x080002a7   Thumb Code     0  startup_stm32g431xx.o(.text)
    I2C3_ER_IRQHandler                       0x080002a7   Thumb Code     0  startup_stm32g431xx.o(.text)
    I2C3_EV_IRQHandler                       0x080002a7   Thumb Code     0  startup_stm32g431xx.o(.text)
    LPTIM1_IRQHandler                        0x080002a7   Thumb Code     0  startup_stm32g431xx.o(.text)
    LPUART1_IRQHandler                       0x080002a7   Thumb Code     0  startup_stm32g431xx.o(.text)
    PVD_PVM_IRQHandler                       0x080002a7   Thumb Code     0  startup_stm32g431xx.o(.text)
    RCC_IRQHandler                           0x080002a7   Thumb Code     0  startup_stm32g431xx.o(.text)
    RNG_IRQHandler                           0x080002a7   Thumb Code     0  startup_stm32g431xx.o(.text)
    RTC_Alarm_IRQHandler                     0x080002a7   Thumb Code     0  startup_stm32g431xx.o(.text)
    RTC_TAMP_LSECSS_IRQHandler               0x080002a7   Thumb Code     0  startup_stm32g431xx.o(.text)
    RTC_WKUP_IRQHandler                      0x080002a7   Thumb Code     0  startup_stm32g431xx.o(.text)
    SAI1_IRQHandler                          0x080002a7   Thumb Code     0  startup_stm32g431xx.o(.text)
    SPI1_IRQHandler                          0x080002a7   Thumb Code     0  startup_stm32g431xx.o(.text)
    SPI2_IRQHandler                          0x080002a7   Thumb Code     0  startup_stm32g431xx.o(.text)
    SPI3_IRQHandler                          0x080002a7   Thumb Code     0  startup_stm32g431xx.o(.text)
    TIM1_BRK_TIM15_IRQHandler                0x080002a7   Thumb Code     0  startup_stm32g431xx.o(.text)
    TIM1_CC_IRQHandler                       0x080002a7   Thumb Code     0  startup_stm32g431xx.o(.text)
    TIM1_TRG_COM_TIM17_IRQHandler            0x080002a7   Thumb Code     0  startup_stm32g431xx.o(.text)
    TIM1_UP_TIM16_IRQHandler                 0x080002a7   Thumb Code     0  startup_stm32g431xx.o(.text)
    TIM2_IRQHandler                          0x080002a7   Thumb Code     0  startup_stm32g431xx.o(.text)
    TIM4_IRQHandler                          0x080002a7   Thumb Code     0  startup_stm32g431xx.o(.text)
    TIM6_DAC_IRQHandler                      0x080002a7   Thumb Code     0  startup_stm32g431xx.o(.text)
    TIM8_BRK_IRQHandler                      0x080002a7   Thumb Code     0  startup_stm32g431xx.o(.text)
    TIM8_CC_IRQHandler                       0x080002a7   Thumb Code     0  startup_stm32g431xx.o(.text)
    TIM8_TRG_COM_IRQHandler                  0x080002a7   Thumb Code     0  startup_stm32g431xx.o(.text)
    TIM8_UP_IRQHandler                       0x080002a7   Thumb Code     0  startup_stm32g431xx.o(.text)
    UART4_IRQHandler                         0x080002a7   Thumb Code     0  startup_stm32g431xx.o(.text)
    UCPD1_IRQHandler                         0x080002a7   Thumb Code     0  startup_stm32g431xx.o(.text)
    USART2_IRQHandler                        0x080002a7   Thumb Code     0  startup_stm32g431xx.o(.text)
    USART3_IRQHandler                        0x080002a7   Thumb Code     0  startup_stm32g431xx.o(.text)
    USBWakeUp_IRQHandler                     0x080002a7   Thumb Code     0  startup_stm32g431xx.o(.text)
    USB_HP_IRQHandler                        0x080002a7   Thumb Code     0  startup_stm32g431xx.o(.text)
    USB_LP_IRQHandler                        0x080002a7   Thumb Code     0  startup_stm32g431xx.o(.text)
    WWDG_IRQHandler                          0x080002a7   Thumb Code     0  startup_stm32g431xx.o(.text)
    __user_initial_stackheap                 0x080002a9   Thumb Code     0  startup_stm32g431xx.o(.text)
    __aeabi_uldivmod                         0x080002cd   Thumb Code     0  lludivv7m.o(.text)
    _ll_udiv                                 0x080002cd   Thumb Code   238  lludivv7m.o(.text)
    __2sprintf                               0x080003bd   Thumb Code    34  noretval__2sprintf.o(.text)
    _printf_pre_padding                      0x080003e5   Thumb Code    44  _printf_pad.o(.text)
    _printf_post_padding                     0x08000411   Thumb Code    34  _printf_pad.o(.text)
    _printf_str                              0x08000433   Thumb Code    82  _printf_str.o(.text)
    _printf_int_dec                          0x08000485   Thumb Code   104  _printf_dec.o(.text)
    __printf                                 0x080004fd   Thumb Code   270  __printf_wp.o(.text)
    strlen                                   0x0800060b   Thumb Code    62  strlen.o(.text)
    __aeabi_memclr4                          0x08000649   Thumb Code     0  rt_memclr_w.o(.text)
    __aeabi_memclr8                          0x08000649   Thumb Code     0  rt_memclr_w.o(.text)
    __rt_memclr_w                            0x08000649   Thumb Code    78  rt_memclr_w.o(.text)
    _memset_w                                0x0800064d   Thumb Code     0  rt_memclr_w.o(.text)
    strcmp                                   0x08000699   Thumb Code   128  strcmpv7m.o(.text)
    __use_two_region_memory                  0x08000719   Thumb Code     2  heapauxi.o(.text)
    __rt_heap_escrow$2region                 0x0800071b   Thumb Code     2  heapauxi.o(.text)
    __rt_heap_expand$2region                 0x0800071d   Thumb Code     2  heapauxi.o(.text)
    _printf_int_common                       0x0800071f   Thumb Code   178  _printf_intcommon.o(.text)
    _printf_char_common                      0x080007db   Thumb Code    32  _printf_char_common.o(.text)
    _sputc                                   0x08000801   Thumb Code    10  _sputc.o(.text)
    _printf_cs_common                        0x0800080b   Thumb Code    20  _printf_char.o(.text)
    _printf_char                             0x0800081f   Thumb Code    16  _printf_char.o(.text)
    _printf_string                           0x0800082f   Thumb Code     8  _printf_char.o(.text)
    __user_setup_stackheap                   0x08000837   Thumb Code    74  sys_stackheap_outer.o(.text)
    exit                                     0x08000881   Thumb Code    18  exit.o(.text)
    __user_libspace                          0x08000895   Thumb Code     8  libspace.o(.text)
    __user_perproc_libspace                  0x08000895   Thumb Code     0  libspace.o(.text)
    __user_perthread_libspace                0x08000895   Thumb Code     0  libspace.o(.text)
    _sys_exit                                0x0800089d   Thumb Code     8  sys_exit.o(.text)
    __I$use$semihosting                      0x080008a9   Thumb Code     0  use_no_semi.o(.text)
    __use_no_semihosting_swi                 0x080008a9   Thumb Code     2  use_no_semi.o(.text)
    BusFault_Handler                         0x080008ab   Thumb Code     2  stm32g4xx_it.o(i.BusFault_Handler)
    __semihosting_library_function           0x080008ab   Thumb Code     0  indicate_semi.o(.text)
    DebugMon_Handler                         0x080008ad   Thumb Code     2  stm32g4xx_it.o(i.DebugMon_Handler)
    Delay_LCD                                0x080008af   Thumb Code    28  lcd.o(i.Delay_LCD)
    Error_Handler                            0x080008cb   Thumb Code     4  main.o(i.Error_Handler)
    HAL_DMA_Abort                            0x080008cf   Thumb Code   106  stm32g4xx_hal_dma.o(i.HAL_DMA_Abort)
    HAL_DMA_Abort_IT                         0x08000939   Thumb Code   120  stm32g4xx_hal_dma.o(i.HAL_DMA_Abort_IT)
    HAL_Delay                                0x080009b1   Thumb Code    32  stm32g4xx_hal.o(i.HAL_Delay)
    HAL_GPIO_Init                            0x080009d5   Thumb Code   550  stm32g4xx_hal_gpio.o(i.HAL_GPIO_Init)
    HAL_GPIO_ReadPin                         0x08000c1d   Thumb Code    10  stm32g4xx_hal_gpio.o(i.HAL_GPIO_ReadPin)
    HAL_GPIO_WritePin                        0x08000c27   Thumb Code    10  stm32g4xx_hal_gpio.o(i.HAL_GPIO_WritePin)
    HAL_GetTick                              0x08000c31   Thumb Code     6  stm32g4xx_hal.o(i.HAL_GetTick)
    HAL_IncTick                              0x08000c3d   Thumb Code    12  stm32g4xx_hal.o(i.HAL_IncTick)
    HAL_Init                                 0x08000c4d   Thumb Code    30  stm32g4xx_hal.o(i.HAL_Init)
    HAL_InitTick                             0x08000c6d   Thumb Code    58  stm32g4xx_hal.o(i.HAL_InitTick)
    HAL_MspInit                              0x08000cb1   Thumb Code    42  stm32g4xx_hal_msp.o(i.HAL_MspInit)
    HAL_NVIC_EnableIRQ                       0x08000ce1   Thumb Code    26  stm32g4xx_hal_cortex.o(i.HAL_NVIC_EnableIRQ)
    HAL_NVIC_SetPriority                     0x08000cfd   Thumb Code    60  stm32g4xx_hal_cortex.o(i.HAL_NVIC_SetPriority)
    HAL_NVIC_SetPriorityGrouping             0x08000d3d   Thumb Code    26  stm32g4xx_hal_cortex.o(i.HAL_NVIC_SetPriorityGrouping)
    HAL_PWREx_ControlVoltageScaling          0x08000d61   Thumb Code   174  stm32g4xx_hal_pwr_ex.o(i.HAL_PWREx_ControlVoltageScaling)
    HAL_PWREx_DisableUCPDDeadBattery         0x08000e1d   Thumb Code    12  stm32g4xx_hal_pwr_ex.o(i.HAL_PWREx_DisableUCPDDeadBattery)
    HAL_RCCEx_PeriphCLKConfig                0x08000e2d   Thumb Code   638  stm32g4xx_hal_rcc_ex.o(i.HAL_RCCEx_PeriphCLKConfig)
    HAL_RCC_ClockConfig                      0x080010b5   Thumb Code   444  stm32g4xx_hal_rcc.o(i.HAL_RCC_ClockConfig)
    HAL_RCC_GetPCLK1Freq                     0x08001291   Thumb Code    24  stm32g4xx_hal_rcc.o(i.HAL_RCC_GetPCLK1Freq)
    HAL_RCC_GetPCLK2Freq                     0x080012b5   Thumb Code    24  stm32g4xx_hal_rcc.o(i.HAL_RCC_GetPCLK2Freq)
    HAL_RCC_GetSysClockFreq                  0x080012d9   Thumb Code    98  stm32g4xx_hal_rcc.o(i.HAL_RCC_GetSysClockFreq)
    HAL_RCC_OscConfig                        0x08001349   Thumb Code  1036  stm32g4xx_hal_rcc.o(i.HAL_RCC_OscConfig)
    HAL_SYSTICK_Config                       0x08001755   Thumb Code    40  stm32g4xx_hal_cortex.o(i.HAL_SYSTICK_Config)
    HAL_TIMEx_Break2Callback                 0x0800177d   Thumb Code     2  stm32g4xx_hal_tim_ex.o(i.HAL_TIMEx_Break2Callback)
    HAL_TIMEx_BreakCallback                  0x0800177f   Thumb Code     2  stm32g4xx_hal_tim_ex.o(i.HAL_TIMEx_BreakCallback)
    HAL_TIMEx_CommutCallback                 0x08001781   Thumb Code     2  stm32g4xx_hal_tim_ex.o(i.HAL_TIMEx_CommutCallback)
    HAL_TIMEx_DirectionChangeCallback        0x08001783   Thumb Code     2  stm32g4xx_hal_tim_ex.o(i.HAL_TIMEx_DirectionChangeCallback)
    HAL_TIMEx_EncoderIndexCallback           0x08001785   Thumb Code     2  stm32g4xx_hal_tim_ex.o(i.HAL_TIMEx_EncoderIndexCallback)
    HAL_TIMEx_IndexErrorCallback             0x08001787   Thumb Code     2  stm32g4xx_hal_tim_ex.o(i.HAL_TIMEx_IndexErrorCallback)
    HAL_TIMEx_MasterConfigSynchronization    0x08001789   Thumb Code   132  stm32g4xx_hal_tim_ex.o(i.HAL_TIMEx_MasterConfigSynchronization)
    HAL_TIMEx_TransitionErrorCallback        0x08001825   Thumb Code     2  stm32g4xx_hal_tim_ex.o(i.HAL_TIMEx_TransitionErrorCallback)
    HAL_TIM_Base_Init                        0x08001827   Thumb Code    98  stm32g4xx_hal_tim.o(i.HAL_TIM_Base_Init)
    HAL_TIM_Base_MspInit                     0x08001889   Thumb Code    50  tim.o(i.HAL_TIM_Base_MspInit)
    HAL_TIM_Base_Start_IT                    0x080018c5   Thumb Code    94  stm32g4xx_hal_tim.o(i.HAL_TIM_Base_Start_IT)
    HAL_TIM_IC_CaptureCallback               0x0800193d   Thumb Code    52  config.o(i.HAL_TIM_IC_CaptureCallback)
    HAL_TIM_IC_ConfigChannel                 0x0800197d   Thumb Code   286  stm32g4xx_hal_tim.o(i.HAL_TIM_IC_ConfigChannel)
    HAL_TIM_IC_Init                          0x08001a9b   Thumb Code    98  stm32g4xx_hal_tim.o(i.HAL_TIM_IC_Init)
    HAL_TIM_IC_MspInit                       0x08001afd   Thumb Code   100  tim.o(i.HAL_TIM_IC_MspInit)
    HAL_TIM_IC_Start_IT                      0x08001b6d   Thumb Code   274  stm32g4xx_hal_tim.o(i.HAL_TIM_IC_Start_IT)
    HAL_TIM_IRQHandler                       0x08001c99   Thumb Code   508  stm32g4xx_hal_tim.o(i.HAL_TIM_IRQHandler)
    HAL_TIM_MspPostInit                      0x08001e95   Thumb Code    70  tim.o(i.HAL_TIM_MspPostInit)
    HAL_TIM_OC_DelayElapsedCallback          0x08001ee1   Thumb Code     2  stm32g4xx_hal_tim.o(i.HAL_TIM_OC_DelayElapsedCallback)
    HAL_TIM_PWM_ConfigChannel                0x08001ee3   Thumb Code   292  stm32g4xx_hal_tim.o(i.HAL_TIM_PWM_ConfigChannel)
    HAL_TIM_PWM_Init                         0x08002007   Thumb Code    98  stm32g4xx_hal_tim.o(i.HAL_TIM_PWM_Init)
    HAL_TIM_PWM_MspInit                      0x08002069   Thumb Code    30  tim.o(i.HAL_TIM_PWM_MspInit)
    HAL_TIM_PWM_PulseFinishedCallback        0x0800208d   Thumb Code     2  stm32g4xx_hal_tim.o(i.HAL_TIM_PWM_PulseFinishedCallback)
    HAL_TIM_PWM_Start                        0x08002091   Thumb Code   218  stm32g4xx_hal_tim.o(i.HAL_TIM_PWM_Start)
    HAL_TIM_PeriodElapsedCallback            0x0800218d   Thumb Code    30  config.o(i.HAL_TIM_PeriodElapsedCallback)
    HAL_TIM_ReadCapturedValue                0x080021b5   Thumb Code    42  stm32g4xx_hal_tim.o(i.HAL_TIM_ReadCapturedValue)
    HAL_TIM_TriggerCallback                  0x080021df   Thumb Code     2  stm32g4xx_hal_tim.o(i.HAL_TIM_TriggerCallback)
    HAL_UARTEx_DisableFifoMode               0x080021e1   Thumb Code    62  stm32g4xx_hal_uart_ex.o(i.HAL_UARTEx_DisableFifoMode)
    HAL_UARTEx_RxEventCallback               0x0800221f   Thumb Code     2  stm32g4xx_hal_uart.o(i.HAL_UARTEx_RxEventCallback)
    HAL_UARTEx_RxFifoFullCallback            0x08002221   Thumb Code     2  stm32g4xx_hal_uart_ex.o(i.HAL_UARTEx_RxFifoFullCallback)
    HAL_UARTEx_SetRxFifoThreshold            0x08002223   Thumb Code    76  stm32g4xx_hal_uart_ex.o(i.HAL_UARTEx_SetRxFifoThreshold)
    HAL_UARTEx_SetTxFifoThreshold            0x0800226f   Thumb Code    76  stm32g4xx_hal_uart_ex.o(i.HAL_UARTEx_SetTxFifoThreshold)
    HAL_UARTEx_TxFifoEmptyCallback           0x080022bb   Thumb Code     2  stm32g4xx_hal_uart_ex.o(i.HAL_UARTEx_TxFifoEmptyCallback)
    HAL_UARTEx_WakeupCallback                0x080022bd   Thumb Code     2  stm32g4xx_hal_uart_ex.o(i.HAL_UARTEx_WakeupCallback)
    HAL_UART_ErrorCallback                   0x080022bf   Thumb Code     2  stm32g4xx_hal_uart.o(i.HAL_UART_ErrorCallback)
    HAL_UART_IRQHandler                      0x080022c1   Thumb Code   722  stm32g4xx_hal_uart.o(i.HAL_UART_IRQHandler)
    HAL_UART_Init                            0x080025a1   Thumb Code   106  stm32g4xx_hal_uart.o(i.HAL_UART_Init)
    HAL_UART_MspInit                         0x0800260d   Thumb Code   132  usart.o(i.HAL_UART_MspInit)
    HAL_UART_Receive_IT                      0x08002699   Thumb Code    80  stm32g4xx_hal_uart.o(i.HAL_UART_Receive_IT)
    HAL_UART_RxCpltCallback                  0x080026ed   Thumb Code    18  config.o(i.HAL_UART_RxCpltCallback)
    HAL_UART_TxCpltCallback                  0x08002709   Thumb Code     2  stm32g4xx_hal_uart.o(i.HAL_UART_TxCpltCallback)
    HardFault_Handler                        0x0800270b   Thumb Code     2  stm32g4xx_it.o(i.HardFault_Handler)
    LCD_BusIn                                0x0800270d   Thumb Code    40  lcd.o(i.LCD_BusIn)
    LCD_BusOut                               0x08002739   Thumb Code    42  lcd.o(i.LCD_BusOut)
    LCD_Clear                                0x08002769   Thumb Code    36  lcd.o(i.LCD_Clear)
    LCD_ClearLine                            0x0800278d   Thumb Code     6  lcd.o(i.LCD_ClearLine)
    LCD_CtrlLinesConfig                      0x080027ad   Thumb Code   136  lcd.o(i.LCD_CtrlLinesConfig)
    LCD_DisplayChar                          0x0800283d   Thumb Code    18  lcd.o(i.LCD_DisplayChar)
    LCD_DisplayStringLine                    0x08002855   Thumb Code    42  lcd.o(i.LCD_DisplayStringLine)
    LCD_DrawChar                             0x08002881   Thumb Code    84  lcd.o(i.LCD_DrawChar)
    LCD_Init                                 0x080028d9   Thumb Code    46  lcd.o(i.LCD_Init)
    LCD_ReadReg                              0x0800290d   Thumb Code   120  lcd.o(i.LCD_ReadReg)
    LCD_SetCursor                            0x0800298d   Thumb Code    24  lcd.o(i.LCD_SetCursor)
    LCD_WriteRAM                             0x080029a5   Thumb Code    80  lcd.o(i.LCD_WriteRAM)
    LCD_WriteRAM_Prepare                     0x080029fd   Thumb Code    82  lcd.o(i.LCD_WriteRAM_Prepare)
    LCD_WriteReg                             0x08002a59   Thumb Code   100  lcd.o(i.LCD_WriteReg)
    MX_GPIO_Init                             0x08002ac5   Thumb Code   194  gpio.o(i.MX_GPIO_Init)
    MX_TIM2_Init                             0x08002b99   Thumb Code   110  tim.o(i.MX_TIM2_Init)
    MX_TIM3_Init                             0x08002c0d   Thumb Code   108  tim.o(i.MX_TIM3_Init)
    MX_TIM7_Init                             0x08002c81   Thumb Code    62  tim.o(i.MX_TIM7_Init)
    MX_USART1_UART_Init                      0x08002cc9   Thumb Code    94  usart.o(i.MX_USART1_UART_Init)
    MemManage_Handler                        0x08002d31   Thumb Code     2  stm32g4xx_it.o(i.MemManage_Handler)
    NMI_Handler                              0x08002d33   Thumb Code     2  stm32g4xx_it.o(i.NMI_Handler)
    PSDViewDisplay                           0x08002d35   Thumb Code   118  config.o(i.PSDViewDisplay)
    PendSV_Handler                           0x08002dfd   Thumb Code     2  stm32g4xx_it.o(i.PendSV_Handler)
    REG_8230_Init                            0x08002dff   Thumb Code   274  lcd.o(i.REG_8230_Init)
    REG_932X_Init                            0x08002f11   Thumb Code   514  lcd.o(i.REG_932X_Init)
    STAViewDisplay                           0x08003115   Thumb Code    36  config.o(i.STAViewDisplay)
    SVC_Handler                              0x08003161   Thumb Code     2  stm32g4xx_it.o(i.SVC_Handler)
    SysTick_Handler                          0x08003163   Thumb Code     4  stm32g4xx_it.o(i.SysTick_Handler)
    SystemClock_Config                       0x08003167   Thumb Code   102  main.o(i.SystemClock_Config)
    SystemInit                               0x080031cd   Thumb Code    12  system_stm32g4xx.o(i.SystemInit)
    TIM3_IRQHandler                          0x080031dd   Thumb Code     6  stm32g4xx_it.o(i.TIM3_IRQHandler)
    TIM7_IRQHandler                          0x080031e9   Thumb Code     6  stm32g4xx_it.o(i.TIM7_IRQHandler)
    TIM_Base_SetConfig                       0x080031f5   Thumb Code   146  stm32g4xx_hal_tim.o(i.TIM_Base_SetConfig)
    TIM_CCxChannelCmd                        0x080032a5   Thumb Code    26  stm32g4xx_hal_tim.o(i.TIM_CCxChannelCmd)
    TIM_OC2_SetConfig                        0x0800335d   Thumb Code   120  stm32g4xx_hal_tim.o(i.TIM_OC2_SetConfig)
    TIM_TI1_SetConfig                        0x080035ed   Thumb Code    88  stm32g4xx_hal_tim.o(i.TIM_TI1_SetConfig)
    UART_AdvFeatureConfig                    0x080036d5   Thumb Code   200  stm32g4xx_hal_uart.o(i.UART_AdvFeatureConfig)
    UART_CheckIdleState                      0x0800379d   Thumb Code    96  stm32g4xx_hal_uart.o(i.UART_CheckIdleState)
    UART_SetConfig                           0x08003c95   Thumb Code   582  stm32g4xx_hal_uart.o(i.UART_SetConfig)
    UART_Start_Receive_IT                    0x08003f09   Thumb Code   262  stm32g4xx_hal_uart.o(i.UART_Start_Receive_IT)
    UART_WaitOnFlagUntilTimeout              0x08004021   Thumb Code   198  stm32g4xx_hal_uart.o(i.UART_WaitOnFlagUntilTimeout)
    USART1_IRQHandler                        0x080040e9   Thumb Code     6  stm32g4xx_it.o(i.USART1_IRQHandler)
    UsageFault_Handler                       0x080040f5   Thumb Code     2  stm32g4xx_it.o(i.UsageFault_Handler)
    _is_digit                                0x08004117   Thumb Code    14  __printf_wp.o(i._is_digit)
    changeAllLedByStateNumber                0x08004125   Thumb Code    48  led.o(i.changeAllLedByStateNumber)
    changeLedStateByLocation                 0x0800415d   Thumb Code    46  led.o(i.changeLedStateByLocation)
    getPasswdByUsart                         0x08004195   Thumb Code    72  config.o(i.getPasswdByUsart)
    keyProc                                  0x080041e1   Thumb Code   112  config.o(i.keyProc)
    lcdInit                                  0x08004259   Thumb Code    42  lcd.o(i.lcdInit)
    ledDisplay                               0x08004289   Thumb Code    76  config.o(i.ledDisplay)
    main                                     0x080042d9   Thumb Code    38  main.o(i.main)
    pwmWorkByFre                             0x08004301   Thumb Code    16  config.o(i.pwmWorkByFre)
    scanKeyUseStructAndTime                  0x08004315   Thumb Code   218  key.o(i.scanKeyUseStructAndTime)
    sysInit                                  0x080043f9   Thumb Code    40  config.o(i.sysInit)
    sysWork                                  0x08004431   Thumb Code   176  config.o(i.sysWork)
    _fp_init                                 0x08004525   Thumb Code    10  fpinit.o(x$fpl$fpinit)
    __fplib_config_fpu_vfp                   0x0800452d   Thumb Code     0  fpinit.o(x$fpl$fpinit)
    __fplib_config_pureend_doubles           0x0800452d   Thumb Code     0  fpinit.o(x$fpl$fpinit)
    UARTPrescTable                           0x0800452e   Data          24  stm32g4xx_hal_uart.o(.constdata)
    AHBPrescTable                            0x08004556   Data          16  system_stm32g4xx.o(.constdata)
    APBPrescTable                            0x08004566   Data           8  system_stm32g4xx.o(.constdata)
    ASCII_Table                              0x0800456e   Data        4560  lcd.o(.constdata)
    Region$$Table$$Base                      0x08005740   Number         0  anon$$obj.o(Region$$Table)
    Region$$Table$$Limit                     0x08005760   Number         0  anon$$obj.o(Region$$Table)
    uwTickPrio                               0x20000000   Data           4  stm32g4xx_hal.o(.data)
    uwTickFreq                               0x20000004   Data           4  stm32g4xx_hal.o(.data)
    uwTick                                   0x20000008   Data           4  stm32g4xx_hal.o(.data)
    SystemCoreClock                          0x2000000c   Data           4  system_stm32g4xx.o(.data)
    passwd_flag                              0x20000010   Data           1  config.o(.data)
    lcd_view_mod                             0x20000014   Data           4  config.o(.data)
    time7_count                              0x20000018   Data           4  config.o(.data)
    time7_count_start_flag                   0x2000001c   Data           4  config.o(.data)
    crrl_t                                   0x20000020   Data           4  config.o(.data)
    frd                                      0x20000024   Data           4  config.o(.data)
    passwd                                   0x20000028   Data           4  config.o(.data)
    passwd_test                              0x2000002c   Data           4  config.o(.data)
    passwd_wrong_count                       0x20000030   Data           4  config.o(.data)
    i                                        0x20000038   Data           4  config.o(.data)
    Rxbuff                                   0x2000003c   Data           7  config.o(.data)
    dummy                                    0x20000048   Data           2  lcd.o(.data)
    htim2                                    0x2000004c   Data          76  tim.o(.bss)
    htim3                                    0x20000098   Data          76  tim.o(.bss)
    htim7                                    0x200000e4   Data          76  tim.o(.bss)
    huart1                                   0x20000130   Data         144  usart.o(.bss)
    psd_txt                                  0x200001c0   Data          20  config.o(.bss)
    temp                                     0x200001d4   Data          20  config.o(.bss)
    key                                      0x200001e8   Data          48  key.o(.bss)
    __libspace_start                         0x20000248   Data          96  libspace.o(.bss)
    __temporary_stack_top$libspace           0x200002a8   Data           0  libspace.o(.bss)



==============================================================================

Memory Map of the image

  Image Entry point : 0x080001d9

  Load Region LR_IROM1 (Base: 0x08000000, Size: 0x000057ac, Max: 0x00020000, ABSOLUTE)

    Execution Region ER_IROM1 (Exec base: 0x08000000, Load base: 0x08000000, Size: 0x00005760, Max: 0x00020000, ABSOLUTE)

    Exec Addr    Load Addr    Size         Type   Attr      Idx    E Section Name        Object

    0x08000000   0x08000000   0x000001d8   Data   RO            3    RESET               startup_stm32g431xx.o
    0x080001d8   0x080001d8   0x00000008   Code   RO         4084  * !!!main             c_w.l(__main.o)
    0x080001e0   0x080001e0   0x00000034   Code   RO         4262    !!!scatter          c_w.l(__scatter.o)
    0x08000214   0x08000214   0x0000001a   Code   RO         4264    !!handler_copy      c_w.l(__scatter_copy.o)
    0x0800022e   0x0800022e   0x00000002   PAD
    0x08000230   0x08000230   0x0000001c   Code   RO         4266    !!handler_zi        c_w.l(__scatter_zi.o)
    0x0800024c   0x0800024c   0x00000000   Code   RO         4075    .ARM.Collect$$_printf_percent$$00000000  c_w.l(_printf_percent.o)
    0x0800024c   0x0800024c   0x00000006   Code   RO         4074    .ARM.Collect$$_printf_percent$$00000009  c_w.l(_printf_d.o)
    0x08000252   0x08000252   0x00000006   Code   RO         4072    .ARM.Collect$$_printf_percent$$00000013  c_w.l(_printf_c.o)
    0x08000258   0x08000258   0x00000006   Code   RO         4073    .ARM.Collect$$_printf_percent$$00000014  c_w.l(_printf_s.o)
    0x0800025e   0x0800025e   0x00000004   Code   RO         4099    .ARM.Collect$$_printf_percent$$00000017  c_w.l(_printf_percent_end.o)
    0x08000262   0x08000262   0x00000002   Code   RO         4132    .ARM.Collect$$libinit$$00000000  c_w.l(libinit.o)
    0x08000264   0x08000264   0x00000004   Code   RO         4144    .ARM.Collect$$libinit$$00000001  c_w.l(libinit2.o)
    0x08000268   0x08000268   0x00000000   Code   RO         4147    .ARM.Collect$$libinit$$00000004  c_w.l(libinit2.o)
    0x08000268   0x08000268   0x00000000   Code   RO         4150    .ARM.Collect$$libinit$$0000000A  c_w.l(libinit2.o)
    0x08000268   0x08000268   0x00000000   Code   RO         4152    .ARM.Collect$$libinit$$0000000C  c_w.l(libinit2.o)
    0x08000268   0x08000268   0x00000000   Code   RO         4154    .ARM.Collect$$libinit$$0000000E  c_w.l(libinit2.o)
    0x08000268   0x08000268   0x00000000   Code   RO         4157    .ARM.Collect$$libinit$$00000011  c_w.l(libinit2.o)
    0x08000268   0x08000268   0x00000000   Code   RO         4159    .ARM.Collect$$libinit$$00000013  c_w.l(libinit2.o)
    0x08000268   0x08000268   0x00000000   Code   RO         4161    .ARM.Collect$$libinit$$00000015  c_w.l(libinit2.o)
    0x08000268   0x08000268   0x00000000   Code   RO         4163    .ARM.Collect$$libinit$$00000017  c_w.l(libinit2.o)
    0x08000268   0x08000268   0x00000000   Code   RO         4165    .ARM.Collect$$libinit$$00000019  c_w.l(libinit2.o)
    0x08000268   0x08000268   0x00000000   Code   RO         4167    .ARM.Collect$$libinit$$0000001B  c_w.l(libinit2.o)
    0x08000268   0x08000268   0x00000000   Code   RO         4169    .ARM.Collect$$libinit$$0000001D  c_w.l(libinit2.o)
    0x08000268   0x08000268   0x00000000   Code   RO         4171    .ARM.Collect$$libinit$$0000001F  c_w.l(libinit2.o)
    0x08000268   0x08000268   0x00000000   Code   RO         4173    .ARM.Collect$$libinit$$00000021  c_w.l(libinit2.o)
    0x08000268   0x08000268   0x00000000   Code   RO         4175    .ARM.Collect$$libinit$$00000023  c_w.l(libinit2.o)
    0x08000268   0x08000268   0x00000000   Code   RO         4177    .ARM.Collect$$libinit$$00000025  c_w.l(libinit2.o)
    0x08000268   0x08000268   0x00000000   Code   RO         4181    .ARM.Collect$$libinit$$0000002C  c_w.l(libinit2.o)
    0x08000268   0x08000268   0x00000000   Code   RO         4183    .ARM.Collect$$libinit$$0000002E  c_w.l(libinit2.o)
    0x08000268   0x08000268   0x00000000   Code   RO         4185    .ARM.Collect$$libinit$$00000030  c_w.l(libinit2.o)
    0x08000268   0x08000268   0x00000000   Code   RO         4187    .ARM.Collect$$libinit$$00000032  c_w.l(libinit2.o)
    0x08000268   0x08000268   0x00000002   Code   RO         4188    .ARM.Collect$$libinit$$00000033  c_w.l(libinit2.o)
    0x0800026a   0x0800026a   0x00000002   Code   RO         4219    .ARM.Collect$$libshutdown$$00000000  c_w.l(libshutdown.o)
    0x0800026c   0x0800026c   0x00000000   Code   RO         4245    .ARM.Collect$$libshutdown$$00000002  c_w.l(libshutdown2.o)
    0x0800026c   0x0800026c   0x00000000   Code   RO         4247    .ARM.Collect$$libshutdown$$00000004  c_w.l(libshutdown2.o)
    0x0800026c   0x0800026c   0x00000000   Code   RO         4250    .ARM.Collect$$libshutdown$$00000007  c_w.l(libshutdown2.o)
    0x0800026c   0x0800026c   0x00000000   Code   RO         4253    .ARM.Collect$$libshutdown$$0000000A  c_w.l(libshutdown2.o)
    0x0800026c   0x0800026c   0x00000000   Code   RO         4255    .ARM.Collect$$libshutdown$$0000000C  c_w.l(libshutdown2.o)
    0x0800026c   0x0800026c   0x00000000   Code   RO         4258    .ARM.Collect$$libshutdown$$0000000F  c_w.l(libshutdown2.o)
    0x0800026c   0x0800026c   0x00000002   Code   RO         4259    .ARM.Collect$$libshutdown$$00000010  c_w.l(libshutdown2.o)
    0x0800026e   0x0800026e   0x00000000   Code   RO         4086    .ARM.Collect$$rtentry$$00000000  c_w.l(__rtentry.o)
    0x0800026e   0x0800026e   0x00000000   Code   RO         4101    .ARM.Collect$$rtentry$$00000002  c_w.l(__rtentry2.o)
    0x0800026e   0x0800026e   0x00000006   Code   RO         4113    .ARM.Collect$$rtentry$$00000004  c_w.l(__rtentry4.o)
    0x08000274   0x08000274   0x00000000   Code   RO         4103    .ARM.Collect$$rtentry$$00000009  c_w.l(__rtentry2.o)
    0x08000274   0x08000274   0x00000004   Code   RO         4104    .ARM.Collect$$rtentry$$0000000A  c_w.l(__rtentry2.o)
    0x08000278   0x08000278   0x00000000   Code   RO         4106    .ARM.Collect$$rtentry$$0000000C  c_w.l(__rtentry2.o)
    0x08000278   0x08000278   0x00000008   Code   RO         4107    .ARM.Collect$$rtentry$$0000000D  c_w.l(__rtentry2.o)
    0x08000280   0x08000280   0x00000002   Code   RO         4136    .ARM.Collect$$rtexit$$00000000  c_w.l(rtexit.o)
    0x08000282   0x08000282   0x00000000   Code   RO         4192    .ARM.Collect$$rtexit$$00000002  c_w.l(rtexit2.o)
    0x08000282   0x08000282   0x00000004   Code   RO         4193    .ARM.Collect$$rtexit$$00000003  c_w.l(rtexit2.o)
    0x08000286   0x08000286   0x00000006   Code   RO         4194    .ARM.Collect$$rtexit$$00000004  c_w.l(rtexit2.o)
    0x0800028c   0x0800028c   0x00000040   Code   RO            4    .text               startup_stm32g431xx.o
    0x080002cc   0x080002cc   0x000000ee   Code   RO         4038    .text               c_w.l(lludivv7m.o)
    0x080003ba   0x080003ba   0x00000002   PAD
    0x080003bc   0x080003bc   0x00000028   Code   RO         4042    .text               c_w.l(noretval__2sprintf.o)
    0x080003e4   0x080003e4   0x0000004e   Code   RO         4046    .text               c_w.l(_printf_pad.o)
    0x08000432   0x08000432   0x00000052   Code   RO         4048    .text               c_w.l(_printf_str.o)
    0x08000484   0x08000484   0x00000078   Code   RO         4050    .text               c_w.l(_printf_dec.o)
    0x080004fc   0x080004fc   0x0000010e   Code   RO         4060    .text               c_w.l(__printf_wp.o)
    0x0800060a   0x0800060a   0x0000003e   Code   RO         4076    .text               c_w.l(strlen.o)
    0x08000648   0x08000648   0x0000004e   Code   RO         4078    .text               c_w.l(rt_memclr_w.o)
    0x08000696   0x08000696   0x00000002   PAD
    0x08000698   0x08000698   0x00000080   Code   RO         4080    .text               c_w.l(strcmpv7m.o)
    0x08000718   0x08000718   0x00000006   Code   RO         4082    .text               c_w.l(heapauxi.o)
    0x0800071e   0x0800071e   0x000000b2   Code   RO         4091    .text               c_w.l(_printf_intcommon.o)
    0x080007d0   0x080007d0   0x00000030   Code   RO         4093    .text               c_w.l(_printf_char_common.o)
    0x08000800   0x08000800   0x0000000a   Code   RO         4095    .text               c_w.l(_sputc.o)
    0x0800080a   0x0800080a   0x0000002c   Code   RO         4097    .text               c_w.l(_printf_char.o)
    0x08000836   0x08000836   0x0000004a   Code   RO         4119    .text               c_w.l(sys_stackheap_outer.o)
    0x08000880   0x08000880   0x00000012   Code   RO         4121    .text               c_w.l(exit.o)
    0x08000892   0x08000892   0x00000002   PAD
    0x08000894   0x08000894   0x00000008   Code   RO         4133    .text               c_w.l(libspace.o)
    0x0800089c   0x0800089c   0x0000000c   Code   RO         4189    .text               c_w.l(sys_exit.o)
    0x080008a8   0x080008a8   0x00000002   Code   RO         4208    .text               c_w.l(use_no_semi.o)
    0x080008aa   0x080008aa   0x00000000   Code   RO         4210    .text               c_w.l(indicate_semi.o)
    0x080008aa   0x080008aa   0x00000002   Code   RO          325    i.BusFault_Handler  stm32g4xx_it.o
    0x080008ac   0x080008ac   0x00000002   Code   RO          326    i.DebugMon_Handler  stm32g4xx_it.o
    0x080008ae   0x080008ae   0x0000001c   Code   RO         3788    i.Delay_LCD         lcd.o
    0x080008ca   0x080008ca   0x00000004   Code   RO           13    i.Error_Handler     main.o
    0x080008ce   0x080008ce   0x0000006a   Code   RO         2664    i.HAL_DMA_Abort     stm32g4xx_hal_dma.o
    0x08000938   0x08000938   0x00000078   Code   RO         2665    i.HAL_DMA_Abort_IT  stm32g4xx_hal_dma.o
    0x080009b0   0x080009b0   0x00000024   Code   RO         1835    i.HAL_Delay         stm32g4xx_hal.o
    0x080009d4   0x080009d4   0x00000248   Code   RO         2526    i.HAL_GPIO_Init     stm32g4xx_hal_gpio.o
    0x08000c1c   0x08000c1c   0x0000000a   Code   RO         2528    i.HAL_GPIO_ReadPin  stm32g4xx_hal_gpio.o
    0x08000c26   0x08000c26   0x0000000a   Code   RO         2530    i.HAL_GPIO_WritePin  stm32g4xx_hal_gpio.o
    0x08000c30   0x08000c30   0x0000000c   Code   RO         1839    i.HAL_GetTick       stm32g4xx_hal.o
    0x08000c3c   0x08000c3c   0x00000010   Code   RO         1842    i.HAL_IncTick       stm32g4xx_hal.o
    0x08000c4c   0x08000c4c   0x0000001e   Code   RO         1843    i.HAL_Init          stm32g4xx_hal.o
    0x08000c6a   0x08000c6a   0x00000002   PAD
    0x08000c6c   0x08000c6c   0x00000044   Code   RO         1844    i.HAL_InitTick      stm32g4xx_hal.o
    0x08000cb0   0x08000cb0   0x00000030   Code   RO          419    i.HAL_MspInit       stm32g4xx_hal_msp.o
    0x08000ce0   0x08000ce0   0x0000001a   Code   RO         2933    i.HAL_NVIC_EnableIRQ  stm32g4xx_hal_cortex.o
    0x08000cfa   0x08000cfa   0x00000002   PAD
    0x08000cfc   0x08000cfc   0x00000040   Code   RO         2939    i.HAL_NVIC_SetPriority  stm32g4xx_hal_cortex.o
    0x08000d3c   0x08000d3c   0x00000024   Code   RO         2940    i.HAL_NVIC_SetPriorityGrouping  stm32g4xx_hal_cortex.o
    0x08000d60   0x08000d60   0x000000bc   Code   RO         1589    i.HAL_PWREx_ControlVoltageScaling  stm32g4xx_hal_pwr_ex.o
    0x08000e1c   0x08000e1c   0x00000010   Code   RO         1601    i.HAL_PWREx_DisableUCPDDeadBattery  stm32g4xx_hal_pwr_ex.o
    0x08000e2c   0x08000e2c   0x00000288   Code   RO         2188    i.HAL_RCCEx_PeriphCLKConfig  stm32g4xx_hal_rcc_ex.o
    0x080010b4   0x080010b4   0x000001dc   Code   RO         2063    i.HAL_RCC_ClockConfig  stm32g4xx_hal_rcc.o
    0x08001290   0x08001290   0x00000024   Code   RO         2071    i.HAL_RCC_GetPCLK1Freq  stm32g4xx_hal_rcc.o
    0x080012b4   0x080012b4   0x00000024   Code   RO         2072    i.HAL_RCC_GetPCLK2Freq  stm32g4xx_hal_rcc.o
    0x080012d8   0x080012d8   0x00000070   Code   RO         2073    i.HAL_RCC_GetSysClockFreq  stm32g4xx_hal_rcc.o
    0x08001348   0x08001348   0x0000040c   Code   RO         2076    i.HAL_RCC_OscConfig  stm32g4xx_hal_rcc.o
    0x08001754   0x08001754   0x00000028   Code   RO         2944    i.HAL_SYSTICK_Config  stm32g4xx_hal_cortex.o
    0x0800177c   0x0800177c   0x00000002   Code   RO         1159    i.HAL_TIMEx_Break2Callback  stm32g4xx_hal_tim_ex.o
    0x0800177e   0x0800177e   0x00000002   Code   RO         1160    i.HAL_TIMEx_BreakCallback  stm32g4xx_hal_tim_ex.o
    0x08001780   0x08001780   0x00000002   Code   RO         1161    i.HAL_TIMEx_CommutCallback  stm32g4xx_hal_tim_ex.o
    0x08001782   0x08001782   0x00000002   Code   RO         1172    i.HAL_TIMEx_DirectionChangeCallback  stm32g4xx_hal_tim_ex.o
    0x08001784   0x08001784   0x00000002   Code   RO         1186    i.HAL_TIMEx_EncoderIndexCallback  stm32g4xx_hal_tim_ex.o
    0x08001786   0x08001786   0x00000002   Code   RO         1200    i.HAL_TIMEx_IndexErrorCallback  stm32g4xx_hal_tim_ex.o
    0x08001788   0x08001788   0x0000009c   Code   RO         1201    i.HAL_TIMEx_MasterConfigSynchronization  stm32g4xx_hal_tim_ex.o
    0x08001824   0x08001824   0x00000002   Code   RO         1222    i.HAL_TIMEx_TransitionErrorCallback  stm32g4xx_hal_tim_ex.o
    0x08001826   0x08001826   0x00000062   Code   RO          445    i.HAL_TIM_Base_Init  stm32g4xx_hal_tim.o
    0x08001888   0x08001888   0x0000003c   Code   RO          200    i.HAL_TIM_Base_MspInit  tim.o
    0x080018c4   0x080018c4   0x00000078   Code   RO          450    i.HAL_TIM_Base_Start_IT  stm32g4xx_hal_tim.o
    0x0800193c   0x0800193c   0x00000040   Code   RO         3633    i.HAL_TIM_IC_CaptureCallback  config.o
    0x0800197c   0x0800197c   0x0000011e   Code   RO          481    i.HAL_TIM_IC_ConfigChannel  stm32g4xx_hal_tim.o
    0x08001a9a   0x08001a9a   0x00000062   Code   RO          484    i.HAL_TIM_IC_Init   stm32g4xx_hal_tim.o
    0x08001afc   0x08001afc   0x00000070   Code   RO          202    i.HAL_TIM_IC_MspInit  tim.o
    0x08001b6c   0x08001b6c   0x0000012c   Code   RO          489    i.HAL_TIM_IC_Start_IT  stm32g4xx_hal_tim.o
    0x08001c98   0x08001c98   0x000001fc   Code   RO          493    i.HAL_TIM_IRQHandler  stm32g4xx_hal_tim.o
    0x08001e94   0x08001e94   0x0000004c   Code   RO          203    i.HAL_TIM_MspPostInit  tim.o
    0x08001ee0   0x08001ee0   0x00000002   Code   RO          496    i.HAL_TIM_OC_DelayElapsedCallback  stm32g4xx_hal_tim.o
    0x08001ee2   0x08001ee2   0x00000124   Code   RO          517    i.HAL_TIM_PWM_ConfigChannel  stm32g4xx_hal_tim.o
    0x08002006   0x08002006   0x00000062   Code   RO          520    i.HAL_TIM_PWM_Init  stm32g4xx_hal_tim.o
    0x08002068   0x08002068   0x00000024   Code   RO          205    i.HAL_TIM_PWM_MspInit  tim.o
    0x0800208c   0x0800208c   0x00000002   Code   RO          523    i.HAL_TIM_PWM_PulseFinishedCallback  stm32g4xx_hal_tim.o
    0x0800208e   0x0800208e   0x00000002   PAD
    0x08002090   0x08002090   0x000000fc   Code   RO          525    i.HAL_TIM_PWM_Start  stm32g4xx_hal_tim.o
    0x0800218c   0x0800218c   0x00000028   Code   RO         3634    i.HAL_TIM_PeriodElapsedCallback  config.o
    0x080021b4   0x080021b4   0x0000002a   Code   RO          533    i.HAL_TIM_ReadCapturedValue  stm32g4xx_hal_tim.o
    0x080021de   0x080021de   0x00000002   Code   RO          536    i.HAL_TIM_TriggerCallback  stm32g4xx_hal_tim.o
    0x080021e0   0x080021e0   0x0000003e   Code   RO         3483    i.HAL_UARTEx_DisableFifoMode  stm32g4xx_hal_uart_ex.o
    0x0800221e   0x0800221e   0x00000002   Code   RO         3072    i.HAL_UARTEx_RxEventCallback  stm32g4xx_hal_uart.o
    0x08002220   0x08002220   0x00000002   Code   RO         3490    i.HAL_UARTEx_RxFifoFullCallback  stm32g4xx_hal_uart_ex.o
    0x08002222   0x08002222   0x0000004c   Code   RO         3491    i.HAL_UARTEx_SetRxFifoThreshold  stm32g4xx_hal_uart_ex.o
    0x0800226e   0x0800226e   0x0000004c   Code   RO         3492    i.HAL_UARTEx_SetTxFifoThreshold  stm32g4xx_hal_uart_ex.o
    0x080022ba   0x080022ba   0x00000002   Code   RO         3494    i.HAL_UARTEx_TxFifoEmptyCallback  stm32g4xx_hal_uart_ex.o
    0x080022bc   0x080022bc   0x00000002   Code   RO         3495    i.HAL_UARTEx_WakeupCallback  stm32g4xx_hal_uart_ex.o
    0x080022be   0x080022be   0x00000002   Code   RO         3088    i.HAL_UART_ErrorCallback  stm32g4xx_hal_uart.o
    0x080022c0   0x080022c0   0x000002e0   Code   RO         3091    i.HAL_UART_IRQHandler  stm32g4xx_hal_uart.o
    0x080025a0   0x080025a0   0x0000006a   Code   RO         3092    i.HAL_UART_Init     stm32g4xx_hal_uart.o
    0x0800260a   0x0800260a   0x00000002   PAD
    0x0800260c   0x0800260c   0x0000008c   Code   RO          284    i.HAL_UART_MspInit  usart.o
    0x08002698   0x08002698   0x00000054   Code   RO         3097    i.HAL_UART_Receive_IT  stm32g4xx_hal_uart.o
    0x080026ec   0x080026ec   0x0000001c   Code   RO         3635    i.HAL_UART_RxCpltCallback  config.o
    0x08002708   0x08002708   0x00000002   Code   RO         3104    i.HAL_UART_TxCpltCallback  stm32g4xx_hal_uart.o
    0x0800270a   0x0800270a   0x00000002   Code   RO          327    i.HardFault_Handler  stm32g4xx_it.o
    0x0800270c   0x0800270c   0x0000002c   Code   RO         3789    i.LCD_BusIn         lcd.o
    0x08002738   0x08002738   0x00000030   Code   RO         3790    i.LCD_BusOut        lcd.o
    0x08002768   0x08002768   0x00000024   Code   RO         3791    i.LCD_Clear         lcd.o
    0x0800278c   0x0800278c   0x00000020   Code   RO         3792    i.LCD_ClearLine     lcd.o
    0x080027ac   0x080027ac   0x00000090   Code   RO         3793    i.LCD_CtrlLinesConfig  lcd.o
    0x0800283c   0x0800283c   0x00000018   Code   RO         3794    i.LCD_DisplayChar   lcd.o
    0x08002854   0x08002854   0x0000002a   Code   RO         3797    i.LCD_DisplayStringLine  lcd.o
    0x0800287e   0x0800287e   0x00000002   PAD
    0x08002880   0x08002880   0x00000058   Code   RO         3798    i.LCD_DrawChar      lcd.o
    0x080028d8   0x080028d8   0x00000034   Code   RO         3804    i.LCD_Init          lcd.o
    0x0800290c   0x0800290c   0x00000080   Code   RO         3807    i.LCD_ReadReg       lcd.o
    0x0800298c   0x0800298c   0x00000018   Code   RO         3809    i.LCD_SetCursor     lcd.o
    0x080029a4   0x080029a4   0x00000058   Code   RO         3814    i.LCD_WriteRAM      lcd.o
    0x080029fc   0x080029fc   0x0000005c   Code   RO         3815    i.LCD_WriteRAM_Prepare  lcd.o
    0x08002a58   0x08002a58   0x0000006c   Code   RO         3816    i.LCD_WriteReg      lcd.o
    0x08002ac4   0x08002ac4   0x000000d4   Code   RO          175    i.MX_GPIO_Init      gpio.o
    0x08002b98   0x08002b98   0x00000074   Code   RO          206    i.MX_TIM2_Init      tim.o
    0x08002c0c   0x08002c0c   0x00000074   Code   RO          207    i.MX_TIM3_Init      tim.o
    0x08002c80   0x08002c80   0x00000048   Code   RO          208    i.MX_TIM7_Init      tim.o
    0x08002cc8   0x08002cc8   0x00000068   Code   RO          285    i.MX_USART1_UART_Init  usart.o
    0x08002d30   0x08002d30   0x00000002   Code   RO          328    i.MemManage_Handler  stm32g4xx_it.o
    0x08002d32   0x08002d32   0x00000002   Code   RO          329    i.NMI_Handler       stm32g4xx_it.o
    0x08002d34   0x08002d34   0x000000c8   Code   RO         3636    i.PSDViewDisplay    config.o
    0x08002dfc   0x08002dfc   0x00000002   Code   RO          330    i.PendSV_Handler    stm32g4xx_it.o
    0x08002dfe   0x08002dfe   0x00000112   Code   RO         3817    i.REG_8230_Init     lcd.o
    0x08002f10   0x08002f10   0x00000202   Code   RO         3818    i.REG_932X_Init     lcd.o
    0x08003112   0x08003112   0x00000002   PAD
    0x08003114   0x08003114   0x0000004c   Code   RO         3637    i.STAViewDisplay    config.o
    0x08003160   0x08003160   0x00000002   Code   RO          331    i.SVC_Handler       stm32g4xx_it.o
    0x08003162   0x08003162   0x00000004   Code   RO          332    i.SysTick_Handler   stm32g4xx_it.o
    0x08003166   0x08003166   0x00000066   Code   RO           14    i.SystemClock_Config  main.o
    0x080031cc   0x080031cc   0x00000010   Code   RO         3596    i.SystemInit        system_stm32g4xx.o
    0x080031dc   0x080031dc   0x0000000c   Code   RO          333    i.TIM3_IRQHandler   stm32g4xx_it.o
    0x080031e8   0x080031e8   0x0000000c   Code   RO          334    i.TIM7_IRQHandler   stm32g4xx_it.o
    0x080031f4   0x080031f4   0x000000b0   Code   RO          538    i.TIM_Base_SetConfig  stm32g4xx_hal_tim.o
    0x080032a4   0x080032a4   0x0000001a   Code   RO          539    i.TIM_CCxChannelCmd  stm32g4xx_hal_tim.o
    0x080032be   0x080032be   0x00000002   PAD
    0x080032c0   0x080032c0   0x0000009c   Code   RO          551    i.TIM_OC1_SetConfig  stm32g4xx_hal_tim.o
    0x0800335c   0x0800335c   0x00000090   Code   RO          552    i.TIM_OC2_SetConfig  stm32g4xx_hal_tim.o
    0x080033ec   0x080033ec   0x00000090   Code   RO          553    i.TIM_OC3_SetConfig  stm32g4xx_hal_tim.o
    0x0800347c   0x0800347c   0x00000090   Code   RO          554    i.TIM_OC4_SetConfig  stm32g4xx_hal_tim.o
    0x0800350c   0x0800350c   0x00000070   Code   RO          555    i.TIM_OC5_SetConfig  stm32g4xx_hal_tim.o
    0x0800357c   0x0800357c   0x00000070   Code   RO          556    i.TIM_OC6_SetConfig  stm32g4xx_hal_tim.o
    0x080035ec   0x080035ec   0x0000006c   Code   RO          559    i.TIM_TI1_SetConfig  stm32g4xx_hal_tim.o
    0x08003658   0x08003658   0x00000036   Code   RO          561    i.TIM_TI2_SetConfig  stm32g4xx_hal_tim.o
    0x0800368e   0x0800368e   0x00000002   PAD
    0x08003690   0x08003690   0x00000044   Code   RO         3496    i.UARTEx_SetNbDataToProcess  stm32g4xx_hal_uart_ex.o
    0x080036d4   0x080036d4   0x000000c8   Code   RO         3106    i.UART_AdvFeatureConfig  stm32g4xx_hal_uart.o
    0x0800379c   0x0800379c   0x00000060   Code   RO         3107    i.UART_CheckIdleState  stm32g4xx_hal_uart.o
    0x080037fc   0x080037fc   0x00000014   Code   RO         3108    i.UART_DMAAbortOnError  stm32g4xx_hal_uart.o
    0x08003810   0x08003810   0x00000054   Code   RO         3118    i.UART_EndRxTransfer  stm32g4xx_hal_uart.o
    0x08003864   0x08003864   0x000000a2   Code   RO         3120    i.UART_RxISR_16BIT  stm32g4xx_hal_uart.o
    0x08003906   0x08003906   0x00000002   PAD
    0x08003908   0x08003908   0x00000174   Code   RO         3121    i.UART_RxISR_16BIT_FIFOEN  stm32g4xx_hal_uart.o
    0x08003a7c   0x08003a7c   0x000000a2   Code   RO         3122    i.UART_RxISR_8BIT   stm32g4xx_hal_uart.o
    0x08003b1e   0x08003b1e   0x00000002   PAD
    0x08003b20   0x08003b20   0x00000174   Code   RO         3123    i.UART_RxISR_8BIT_FIFOEN  stm32g4xx_hal_uart.o
    0x08003c94   0x08003c94   0x00000274   Code   RO         3124    i.UART_SetConfig    stm32g4xx_hal_uart.o
    0x08003f08   0x08003f08   0x00000118   Code   RO         3126    i.UART_Start_Receive_IT  stm32g4xx_hal_uart.o
    0x08004020   0x08004020   0x000000c6   Code   RO         3131    i.UART_WaitOnFlagUntilTimeout  stm32g4xx_hal_uart.o
    0x080040e6   0x080040e6   0x00000002   PAD
    0x080040e8   0x080040e8   0x0000000c   Code   RO          335    i.USART1_IRQHandler  stm32g4xx_it.o
    0x080040f4   0x080040f4   0x00000002   Code   RO          336    i.UsageFault_Handler  stm32g4xx_it.o
    0x080040f6   0x080040f6   0x00000020   Code   RO         2946    i.__NVIC_SetPriority  stm32g4xx_hal_cortex.o
    0x08004116   0x08004116   0x0000000e   Code   RO         4062    i._is_digit         c_w.l(__printf_wp.o)
    0x08004124   0x08004124   0x00000038   Code   RO         3997    i.changeAllLedByStateNumber  led.o
    0x0800415c   0x0800415c   0x00000038   Code   RO         3998    i.changeLedStateByLocation  led.o
    0x08004194   0x08004194   0x0000004c   Code   RO         3638    i.getPasswdByUsart  config.o
    0x080041e0   0x080041e0   0x00000078   Code   RO         3639    i.keyProc           config.o
    0x08004258   0x08004258   0x00000030   Code   RO         3819    i.lcdInit           lcd.o
    0x08004288   0x08004288   0x00000050   Code   RO         3640    i.ledDisplay        config.o
    0x080042d8   0x080042d8   0x00000026   Code   RO           15    i.main              main.o
    0x080042fe   0x080042fe   0x00000002   PAD
    0x08004300   0x08004300   0x00000014   Code   RO         3641    i.pwmWorkByFre      config.o
    0x08004314   0x08004314   0x000000e4   Code   RO         3737    i.scanKeyUseStructAndTime  key.o
    0x080043f8   0x080043f8   0x00000038   Code   RO         3642    i.sysInit           config.o
    0x08004430   0x08004430   0x000000f4   Code   RO         3643    i.sysWork           config.o
    0x08004524   0x08004524   0x0000000a   Code   RO         4204    x$fpl$fpinit        fz_wm.l(fpinit.o)
    0x0800452e   0x0800452e   0x00000018   Data   RO         3132    .constdata          stm32g4xx_hal_uart.o
    0x08004546   0x08004546   0x00000010   Data   RO         3497    .constdata          stm32g4xx_hal_uart_ex.o
    0x08004556   0x08004556   0x00000010   Data   RO         3597    .constdata          system_stm32g4xx.o
    0x08004566   0x08004566   0x00000008   Data   RO         3598    .constdata          system_stm32g4xx.o
    0x0800456e   0x0800456e   0x000011d0   Data   RO         3820    .constdata          lcd.o
    0x0800573e   0x0800573e   0x00000002   PAD
    0x08005740   0x08005740   0x00000020   Data   RO         4260    Region$$Table       anon$$obj.o


    Execution Region RW_IRAM1 (Exec base: 0x20000000, Load base: 0x08005760, Size: 0x000008a8, Max: 0x00008000, ABSOLUTE)

    Exec Addr    Load Addr    Size         Type   Attr      Idx    E Section Name        Object

    0x20000000   0x08005760   0x0000000c   Data   RW         1863    .data               stm32g4xx_hal.o
    0x2000000c   0x0800576c   0x00000004   Data   RW         3599    .data               system_stm32g4xx.o
    0x20000010   0x08005770   0x00000033   Data   RW         3646    .data               config.o
    0x20000043   0x080057a3   0x00000001   PAD
    0x20000044   0x080057a4   0x00000006   Data   RW         3821    .data               lcd.o
    0x2000004a   0x080057aa   0x00000002   PAD
    0x2000004c        -       0x000000e4   Zero   RW          209    .bss                tim.o
    0x20000130        -       0x00000090   Zero   RW          286    .bss                usart.o
    0x200001c0        -       0x00000028   Zero   RW         3644    .bss                config.o
    0x200001e8        -       0x00000060   Zero   RW         3738    .bss                key.o
    0x20000248        -       0x00000060   Zero   RW         4134    .bss                c_w.l(libspace.o)
    0x200002a8        -       0x00000200   Zero   RW            2    HEAP                startup_stm32g431xx.o
    0x200004a8        -       0x00000400   Zero   RW            1    STACK               startup_stm32g431xx.o


==============================================================================

Image component sizes


      Code (inc. data)   RO Data    RW Data    ZI Data      Debug   Object Name

      1004        258          0         51         40       7762   config.o
       212         18          0          0          0       1079   gpio.o
       228         10          0          0         96       1908   key.o
      1814        100       4560          6          0      12298   lcd.o
       112         18          0          0          0       1263   led.o
       144          0          0          0          0     645573   main.o
        64         26        472          0       1536        884   startup_stm32g431xx.o
       162         24          0         12          0       4613   stm32g4xx_hal.o
       198         14          0          0          0      34075   stm32g4xx_hal_cortex.o
       226          0          0          0          0       2059   stm32g4xx_hal_dma.o
       604         34          0          0          0       3163   stm32g4xx_hal_gpio.o
        48          6          0          0          0        918   stm32g4xx_hal_msp.o
       204         18          0          0          0       1489   stm32g4xx_hal_pwr_ex.o
      1696         92          0          0          0       6512   stm32g4xx_hal_rcc.o
       648         10          0          0          0       1956   stm32g4xx_hal_rcc_ex.o
      3276        284          0          0          0      20642   stm32g4xx_hal_tim.o
       170         24          0          0          0       5764   stm32g4xx_hal_tim_ex.o
      3506        124         24          0          0      36258   stm32g4xx_hal_uart.o
       288          6         16          0          0       5682   stm32g4xx_hal_uart_ex.o
        56         18          0          0          0       5942   stm32g4xx_it.o
        16          4         24          4          0       1227   system_stm32g4xx.o
       588         58          0          0        228       5141   tim.o
       244         18          0          0        144       1922   usart.o

    ----------------------------------------------------------------------
     15532       1164       5130         76       2044     808130   Object Totals
         0          0         32          0          0          0   (incl. Generated)
        24          0          2          3          0          0   (incl. Padding)

    ----------------------------------------------------------------------

      Code (inc. data)   RO Data    RW Data    ZI Data      Debug   Library Member Name

         8          0          0          0          0         68   __main.o
       284          0          0          0          0        156   __printf_wp.o
         0          0          0          0          0          0   __rtentry.o
        12          0          0          0          0          0   __rtentry2.o
         6          0          0          0          0          0   __rtentry4.o
        52          8          0          0          0          0   __scatter.o
        26          0          0          0          0          0   __scatter_copy.o
        28          0          0          0          0          0   __scatter_zi.o
         6          0          0          0          0          0   _printf_c.o
        44          0          0          0          0        108   _printf_char.o
        48          6          0          0          0         96   _printf_char_common.o
         6          0          0          0          0          0   _printf_d.o
       120         16          0          0          0         92   _printf_dec.o
       178          0          0          0          0         88   _printf_intcommon.o
        78          0          0          0          0        108   _printf_pad.o
         0          0          0          0          0          0   _printf_percent.o
         4          0          0          0          0          0   _printf_percent_end.o
         6          0          0          0          0          0   _printf_s.o
        82          0          0          0          0         80   _printf_str.o
        10          0          0          0          0         68   _sputc.o
        18          0          0          0          0         80   exit.o
         6          0          0          0          0        152   heapauxi.o
         0          0          0          0          0          0   indicate_semi.o
         2          0          0          0          0          0   libinit.o
         6          0          0          0          0          0   libinit2.o
         2          0          0          0          0          0   libshutdown.o
         2          0          0          0          0          0   libshutdown2.o
         8          4          0          0         96         68   libspace.o
       238          0          0          0          0        100   lludivv7m.o
        40          6          0          0          0         84   noretval__2sprintf.o
        78          0          0          0          0         80   rt_memclr_w.o
         2          0          0          0          0          0   rtexit.o
        10          0          0          0          0          0   rtexit2.o
       128          0          0          0          0         68   strcmpv7m.o
        62          0          0          0          0         76   strlen.o
        12          4          0          0          0         68   sys_exit.o
        74          0          0          0          0         80   sys_stackheap_outer.o
         2          0          0          0          0         68   use_no_semi.o
        10          0          0          0          0        116   fpinit.o

    ----------------------------------------------------------------------
      1706         44          0          0         96       1904   Library Totals
         8          0          0          0          0          0   (incl. Padding)

    ----------------------------------------------------------------------

      Code (inc. data)   RO Data    RW Data    ZI Data      Debug   Library Name

      1688         44          0          0         96       1788   c_w.l
        10          0          0          0          0        116   fz_wm.l

    ----------------------------------------------------------------------
      1706         44          0          0         96       1904   Library Totals

    ----------------------------------------------------------------------

==============================================================================


      Code (inc. data)   RO Data    RW Data    ZI Data      Debug   

     17238       1208       5130         76       2140     796150   Grand Totals
     17238       1208       5130         76       2140     796150   ELF Image Totals
     17238       1208       5130         76          0          0   ROM Totals

==============================================================================

    Total RO  Size (Code + RO Data)                22368 (  21.84kB)
    Total RW  Size (RW Data + ZI Data)              2216 (   2.16kB)
    Total ROM Size (Code + RO Data + RW Data)      22444 (  21.92kB)

==============================================================================

