Component: ARM Compiler 5.06 update 6 (build 750) Tool: armlink [4d35ed]

==============================================================================

Section Cross References

    startup_stm32g431xx.o(STACK) refers (Special) to heapauxi.o(.text) for __use_two_region_memory
    startup_stm32g431xx.o(HEAP) refers (Special) to heapauxi.o(.text) for __use_two_region_memory
    startup_stm32g431xx.o(RESET) refers (Special) to heapauxi.o(.text) for __use_two_region_memory
    startup_stm32g431xx.o(RESET) refers to startup_stm32g431xx.o(STACK) for __initial_sp
    startup_stm32g431xx.o(RESET) refers to startup_stm32g431xx.o(.text) for Reset_Handler
    startup_stm32g431xx.o(RESET) refers to stm32g4xx_it.o(i.NMI_Handler) for NMI_Handler
    startup_stm32g431xx.o(RESET) refers to stm32g4xx_it.o(i.HardFault_Handler) for HardFault_Handler
    startup_stm32g431xx.o(RESET) refers to stm32g4xx_it.o(i.MemManage_Handler) for MemManage_Handler
    startup_stm32g431xx.o(RESET) refers to stm32g4xx_it.o(i.BusFault_Handler) for BusFault_Handler
    startup_stm32g431xx.o(RESET) refers to stm32g4xx_it.o(i.UsageFault_Handler) for UsageFault_Handler
    startup_stm32g431xx.o(RESET) refers to stm32g4xx_it.o(i.SVC_Handler) for SVC_Handler
    startup_stm32g431xx.o(RESET) refers to stm32g4xx_it.o(i.DebugMon_Handler) for DebugMon_Handler
    startup_stm32g431xx.o(RESET) refers to stm32g4xx_it.o(i.PendSV_Handler) for PendSV_Handler
    startup_stm32g431xx.o(RESET) refers to stm32g4xx_it.o(i.SysTick_Handler) for SysTick_Handler
    startup_stm32g431xx.o(RESET) refers to stm32g4xx_it.o(i.TIM3_IRQHandler) for TIM3_IRQHandler
    startup_stm32g431xx.o(RESET) refers to stm32g4xx_it.o(i.USART1_IRQHandler) for USART1_IRQHandler
    startup_stm32g431xx.o(RESET) refers to stm32g4xx_it.o(i.TIM7_IRQHandler) for TIM7_IRQHandler
    startup_stm32g431xx.o(.text) refers (Special) to heapauxi.o(.text) for __use_two_region_memory
    startup_stm32g431xx.o(.text) refers to system_stm32g4xx.o(i.SystemInit) for SystemInit
    startup_stm32g431xx.o(.text) refers to __main.o(!!!main) for __main
    startup_stm32g431xx.o(.text) refers to startup_stm32g431xx.o(HEAP) for Heap_Mem
    startup_stm32g431xx.o(.text) refers to startup_stm32g431xx.o(STACK) for Stack_Mem
    main.o(i.SystemClock_Config) refers to rt_memclr_w.o(.text) for __aeabi_memclr4
    main.o(i.SystemClock_Config) refers to stm32g4xx_hal_pwr_ex.o(i.HAL_PWREx_ControlVoltageScaling) for HAL_PWREx_ControlVoltageScaling
    main.o(i.SystemClock_Config) refers to stm32g4xx_hal_rcc.o(i.HAL_RCC_OscConfig) for HAL_RCC_OscConfig
    main.o(i.SystemClock_Config) refers to stm32g4xx_hal_rcc.o(i.HAL_RCC_ClockConfig) for HAL_RCC_ClockConfig
    main.o(i.main) refers to stm32g4xx_hal.o(i.HAL_Init) for HAL_Init
    main.o(i.main) refers to main.o(i.SystemClock_Config) for SystemClock_Config
    main.o(i.main) refers to gpio.o(i.MX_GPIO_Init) for MX_GPIO_Init
    main.o(i.main) refers to tim.o(i.MX_TIM17_Init) for MX_TIM17_Init
    main.o(i.main) refers to usart.o(i.MX_USART1_UART_Init) for MX_USART1_UART_Init
    main.o(i.main) refers to config.o(i.sysInit) for sysInit
    main.o(i.main) refers to config.o(i.sysWork) for sysWork
    gpio.o(i.MX_GPIO_Init) refers to rt_memclr_w.o(.text) for __aeabi_memclr4
    gpio.o(i.MX_GPIO_Init) refers to stm32g4xx_hal_gpio.o(i.HAL_GPIO_WritePin) for HAL_GPIO_WritePin
    gpio.o(i.MX_GPIO_Init) refers to stm32g4xx_hal_gpio.o(i.HAL_GPIO_Init) for HAL_GPIO_Init
    tim.o(i.HAL_TIM_Base_MspDeInit) refers to stm32g4xx_hal_cortex.o(i.HAL_NVIC_DisableIRQ) for HAL_NVIC_DisableIRQ
    tim.o(i.HAL_TIM_Base_MspInit) refers to stm32g4xx_hal_cortex.o(i.HAL_NVIC_SetPriority) for HAL_NVIC_SetPriority
    tim.o(i.HAL_TIM_Base_MspInit) refers to stm32g4xx_hal_cortex.o(i.HAL_NVIC_EnableIRQ) for HAL_NVIC_EnableIRQ
    tim.o(i.HAL_TIM_IC_MspDeInit) refers to stm32g4xx_hal_gpio.o(i.HAL_GPIO_DeInit) for HAL_GPIO_DeInit
    tim.o(i.HAL_TIM_IC_MspDeInit) refers to stm32g4xx_hal_cortex.o(i.HAL_NVIC_DisableIRQ) for HAL_NVIC_DisableIRQ
    tim.o(i.HAL_TIM_IC_MspInit) refers to rt_memclr_w.o(.text) for __aeabi_memclr4
    tim.o(i.HAL_TIM_IC_MspInit) refers to stm32g4xx_hal_gpio.o(i.HAL_GPIO_Init) for HAL_GPIO_Init
    tim.o(i.HAL_TIM_IC_MspInit) refers to stm32g4xx_hal_cortex.o(i.HAL_NVIC_SetPriority) for HAL_NVIC_SetPriority
    tim.o(i.HAL_TIM_IC_MspInit) refers to stm32g4xx_hal_cortex.o(i.HAL_NVIC_EnableIRQ) for HAL_NVIC_EnableIRQ
    tim.o(i.HAL_TIM_MspPostInit) refers to rt_memclr_w.o(.text) for __aeabi_memclr4
    tim.o(i.HAL_TIM_MspPostInit) refers to stm32g4xx_hal_gpio.o(i.HAL_GPIO_Init) for HAL_GPIO_Init
    tim.o(i.MX_TIM17_Init) refers to rt_memclr_w.o(.text) for __aeabi_memclr4
    tim.o(i.MX_TIM17_Init) refers to stm32g4xx_hal_tim.o(i.HAL_TIM_Base_Init) for HAL_TIM_Base_Init
    tim.o(i.MX_TIM17_Init) refers to main.o(i.Error_Handler) for Error_Handler
    tim.o(i.MX_TIM17_Init) refers to stm32g4xx_hal_tim.o(i.HAL_TIM_PWM_Init) for HAL_TIM_PWM_Init
[...]
    __NVIC_SetPriority                       0x08004bf9   Thumb Code    32  stm32g4xx_hal_cortex.o(i.__NVIC_SetPriority)
    i.__hardfp_ceil                          0x08004c18   Section        0  ceil.o(i.__hardfp_ceil)
    i._dataMessageDisplay                    0x08004d30   Section        0  config.o(i._dataMessageDisplay)
    i._is_digit                              0x08004dbc   Section        0  __printf_wp.o(i._is_digit)
    i._keyPro                                0x08004dcc   Section        0  config.o(i._keyPro)
    i._paraMessageDisplay                    0x08004e80   Section        0  config.o(i._paraMessageDisplay)
    i._usartMsgProcess                       0x08004ef8   Section        0  config.o(i._usartMsgProcess)
    i.addListNode                            0x08005138   Section        0  list.o(i.addListNode)
    i.changeAllLedByStateNumber              0x0800516c   Section        0  led.o(i.changeAllLedByStateNumber)
    i.changeLedStateByLocation               0x080051a4   Section        0  led.o(i.changeLedStateByLocation)
    i.checkData                              0x080051dc   Section        0  datahandle.o(i.checkData)
    i.deleteListNode                         0x08005284   Section        0  list.o(i.deleteListNode)
    i.getIntRxBuffDataByLocation             0x080052dc   Section        0  datahandle.o(i.getIntRxBuffDataByLocation)
    i.getStringRxBuffDataByLocation          0x080052fc   Section        0  datahandle.o(i.getStringRxBuffDataByLocation)
    i.lcdInit                                0x08005314   Section        0  lcd.o(i.lcdInit)
    i.main                                   0x08005344   Section        0  main.o(i.main)
    i.myMktime                               0x08005364   Section        0  datahandle.o(i.myMktime)
    i.scanKey                                0x080053c4   Section        0  key.o(i.scanKey)
    i.searchListNode                         0x08005484   Section        0  list.o(i.searchListNode)
    i.sysInit                                0x080054a4   Section        0  config.o(i.sysInit)
    i.sysWork                                0x080054f0   Section        0  config.o(i.sysWork)
    locale$$code                             0x08005518   Section       44  lc_numeric_c.o(locale$$code)
    x$fpl$dadd                               0x08005544   Section      336  daddsub_clz.o(x$fpl$dadd)
    $v0                                      0x08005544   Number         0  daddsub_clz.o(x$fpl$dadd)
    _dadd1                                   0x08005555   Thumb Code     0  daddsub_clz.o(x$fpl$dadd)
    x$fpl$dcmpinf                            0x08005694   Section       24  dcmpi.o(x$fpl$dcmpinf)
    $v0                                      0x08005694   Number         0  dcmpi.o(x$fpl$dcmpinf)
    x$fpl$ddiv                               0x080056ac   Section      688  ddiv.o(x$fpl$ddiv)
    $v0                                      0x080056ac   Number         0  ddiv.o(x$fpl$ddiv)
    ddiv_entry                               0x080056b3   Thumb Code     0  ddiv.o(x$fpl$ddiv)
    x$fpl$dfltu                              0x0800595c   Section       38  dflt_clz.o(x$fpl$dfltu)
    $v0                                      0x0800595c   Number         0  dflt_clz.o(x$fpl$dfltu)
    x$fpl$dleqf                              0x08005984   Section      120  dleqf.o(x$fpl$dleqf)
    $v0                                      0x08005984   Number         0  dleqf.o(x$fpl$dleqf)
    x$fpl$dmul                               0x080059fc   Section      340  dmul.o(x$fpl$dmul)
    $v0                                      0x080059fc   Number         0  dmul.o(x$fpl$dmul)
    x$fpl$dnaninf                            0x08005b50   Section      156  dnaninf.o(x$fpl$dnaninf)
    $v0                                      0x08005b50   Number         0  dnaninf.o(x$fpl$dnaninf)
    x$fpl$dretinf                            0x08005bec   Section       12  dretinf.o(x$fpl$dretinf)
    $v0                                      0x08005bec   Number         0  dretinf.o(x$fpl$dretinf)
    x$fpl$drleqf                             0x08005bf8   Section      108  drleqf.o(x$fpl$drleqf)
    $v0                                      0x08005bf8   Number         0  drleqf.o(x$fpl$drleqf)
    x$fpl$drsb                               0x08005c64   Section       22  daddsub_clz.o(x$fpl$drsb)
    $v0                                      0x08005c64   Number         0  daddsub_clz.o(x$fpl$drsb)
    x$fpl$dsub                               0x08005c7c   Section      468  daddsub_clz.o(x$fpl$dsub)
    $v0                                      0x08005c7c   Number         0  daddsub_clz.o(x$fpl$dsub)
    _dsub1                                   0x08005c8d   Thumb Code     0  daddsub_clz.o(x$fpl$dsub)
    x$fpl$fpinit                             0x08005e50   Section       10  fpinit.o(x$fpl$fpinit)
    $v0                                      0x08005e50   Number         0  fpinit.o(x$fpl$fpinit)
    x$fpl$printf1                            0x08005e5a   Section        4  printf1.o(x$fpl$printf1)
    $v0                                      0x08005e5a   Number         0  printf1.o(x$fpl$printf1)
    .constdata                               0x08005e5e   Section       24  stm32g4xx_hal_uart.o(.constdata)
    x$fpl$usenofp                            0x08005e5e   Section        0  usenofp.o(x$fpl$usenofp)
    .constdata                               0x08005e76   Section       16  stm32g4xx_hal_uart_ex.o(.constdata)
    numerator                                0x08005e76   Data           8  stm32g4xx_hal_uart_ex.o(.constdata)
    denominator                              0x08005e7e   Data           8  stm32g4xx_hal_uart_ex.o(.constdata)
    .constdata                               0x08005e86   Section       16  system_stm32g4xx.o(.constdata)
    .constdata                               0x08005e96   Section        8  system_stm32g4xx.o(.constdata)
    .constdata                               0x08005e9e   Section     4560  lcd.o(.constdata)
    .constdata                               0x08007070   Section      148  bigflt0.o(.constdata)
    tenpwrs_x                                0x08007070   Data          60  bigflt0.o(.constdata)
    tenpwrs_i                                0x080070ac   Data          64  bigflt0.o(.constdata)
    locale$$data                             0x08007124   Section       28  lc_numeric_c.o(locale$$data)
    __lcnum_c_name                           0x08007128   Data           2  lc_numeric_c.o(locale$$data)
    __lcnum_c_start                          0x08007130   Data           0  lc_numeric_c.o(locale$$data)
    __lcnum_c_point                          0x0800713c   Data           0  lc_numeric_c.o(locale$$data)
    __lcnum_c_thousands                      0x0800713e   Data           0  lc_numeric_c.o(locale$$data)
    __lcnum_c_grouping                       0x0800713f   Data           0  lc_numeric_c.o(locale$$data)
    __lcnum_c_end                            0x08007140   Data           0  lc_numeric_c.o(locale$$data)
    .data                                    0x20000000   Section       12  stm32g4xx_hal.o(.data)
    .data                                    0x2000000c   Section        4  system_stm32g4xx.o(.data)
    .data                                    0x20000010   Section        1  key.o(.data)
    keyLock                                  0x20000010   Data           1  key.o(.data)
    .data                                    0x20000012   Section        6  lcd.o(.data)
    TextColor                                0x20000012   Data           2  lcd.o(.data)
    BackColor                                0x20000014   Data           2  lcd.o(.data)
    .data                                    0x20000018   Section       48  datahandle.o(.data)
    .data                                    0x20000048   Section       40  config.o(.data)
    .bss                                     0x20000070   Section       76  tim.o(.bss)
    .bss                                     0x200000bc   Section       76  tim.o(.bss)
    .bss                                     0x20000108   Section       76  tim.o(.bss)
    .bss                                     0x20000154   Section      144  usart.o(.bss)
    .bss                                     0x200001e4   Section       22  config.o(.bss)
    .bss                                     0x200001fc   Section       96  libspace.o(.bss)
    HEAP                                     0x20000260   Section      512  startup_stm32g431xx.o(HEAP)
    Heap_Mem                                 0x20000260   Data         512  startup_stm32g431xx.o(HEAP)
    STACK                                    0x20000460   Section     1024  startup_stm32g431xx.o(STACK)
    Stack_Mem                                0x20000460   Data        1024  startup_stm32g431xx.o(STACK)
    __initial_sp                             0x20000860   Data           0  startup_stm32g431xx.o(STACK)

    Global Symbols

    Symbol Name                              Value     Ov Type        Size  Object(Section)

    BuildAttributes$$THM_ISAv4$E$P$D$K$B$S$7EM$VFPi3$EXTD16$VFPS$VFMA$PE$A:L22UL41UL21$X:L11$S22US41US21$IEEE1$IW$USESV6$~STKCKD$USESV7$~SHL$OTIME$ROPI$IEEEJ$EBA8$UX$STANDARDLIB$REQ8$PRES8$EABIv2 0x00000000   Number         0  anon$$obj.o ABSOLUTE
    __ARM_use_no_argv                        0x00000000   Number         0  main.o ABSOLUTE
    _printf_flags                            0x00000000   Number         0  printf_stubs.o ABSOLUTE
    _printf_return_value                     0x00000000   Number         0  printf_stubs.o ABSOLUTE
    _printf_sizespec                         0x00000000   Number         0  printf_stubs.o ABSOLUTE
    _printf_widthprec                        0x00000000   Number         0  printf_stubs.o ABSOLUTE
    __ARM_exceptions_init                     - Undefined Weak Reference
    __alloca_initialize                       - Undefined Weak Reference
    __arm_preinit_                            - Undefined Weak Reference
    __cpp_initialize__aeabi_                  - Undefined Weak Reference
    __cxa_finalize                            - Undefined Weak Reference
    __sigvec_lookup                           - Undefined Weak Reference
    __user_heap_extent                        - Undefined Weak Reference
    _atexit_init                              - Undefined Weak Reference
    _call_atexit_fns                          - Undefined Weak Reference
    _clock_init                               - Undefined Weak Reference
    _fp_trap_init                             - Undefined Weak Reference
    _fp_trap_shutdown                         - Undefined Weak Reference
    _get_lc_collate                           - Undefined Weak Reference
    _get_lc_ctype                             - Undefined Weak Reference
    _get_lc_monetary                          - Undefined Weak Reference
    _get_lc_time                              - Undefined Weak Reference
    _getenv_init                              - Undefined Weak Reference
    _handle_redirection                       - Undefined Weak Reference
    _initio                                   - Undefined Weak Reference
    _mutex_acquire                            - Undefined Weak Reference
    _mutex_free                               - Undefined Weak Reference
    _mutex_release                            - Undefined Weak Reference
    _printf_mbtowc                            - Undefined Weak Reference
    _printf_truncate_signed                   - Undefined Weak Reference
    _printf_truncate_unsigned                 - Undefined Weak Reference
    _rand_init                                - Undefined Weak Reference
    _signal_finish                            - Undefined Weak Reference
    _signal_init                              - Undefined Weak Reference
    _terminateio                              - Undefined Weak Reference
    __Vectors_Size                           0x000001d8   Number         0  startup_stm32g431xx.o ABSOLUTE
    __Vectors                                0x08000000   Data           4  startup_stm32g431xx.o(RESET)
    __Vectors_End                            0x080001d8   Data           0  startup_stm32g431xx.o(RESET)
    __main                                   0x080001d9   Thumb Code     8  __main.o(!!!main)
    __scatterload                            0x080001e1   Thumb Code     0  __scatter.o(!!!scatter)
    __scatterload_rt2                        0x080001e1   Thumb Code    44  __scatter.o(!!!scatter)
    __scatterload_rt2_thumb_only             0x080001e1   Thumb Code     0  __scatter.o(!!!scatter)
    __scatterload_null                       0x080001ef   Thumb Code     0  __scatter.o(!!!scatter)
    __scatterload_copy                       0x08000215   Thumb Code    26  __scatter_copy.o(!!handler_copy)
    __scatterload_zeroinit                   0x08000231   Thumb Code    28  __scatter_zi.o(!!handler_zi)
    _printf_f                                0x0800024d   Thumb Code     0  _printf_f.o(.ARM.Collect$$_printf_percent$$00000003)
    _printf_percent                          0x0800024d   Thumb Code     0  _printf_percent.o(.ARM.Collect$$_printf_percent$$00000000)
    _printf_d                                0x08000253   Thumb Code     0  _printf_d.o(.ARM.Collect$$_printf_percent$$00000009)
    _printf_s                                0x08000259   Thumb Code     0  _printf_s.o(.ARM.Collect$$_printf_percent$$00000014)
    _printf_percent_end                      0x0800025f   Thumb Code     0  _printf_percent_end.o(.ARM.Collect$$_printf_percent$$00000017)
    __rt_lib_init                            0x08000263   Thumb Code     0  libinit.o(.ARM.Collect$$libinit$$00000000)
    __rt_lib_init_fp_1                       0x08000265   Thumb Code     0  libinit2.o(.ARM.Collect$$libinit$$00000001)
    __rt_lib_init_heap_2                     0x08000269   Thumb Code     0  libinit2.o(.ARM.Collect$$libinit$$00000005)
    __rt_lib_init_preinit_1                  0x08000269   Thumb Code     0  libinit2.o(.ARM.Collect$$libinit$$00000004)
    __rt_lib_init_heap_1                     0x08000271   Thumb Code     0  libinit2.o(.ARM.Collect$$libinit$$0000000A)
    __rt_lib_init_lc_common                  0x08000271   Thumb Code     0  libinit2.o(.ARM.Collect$$libinit$$0000000F)
    __rt_lib_init_rand_1                     0x08000271   Thumb Code     0  libinit2.o(.ARM.Collect$$libinit$$0000000E)
    __rt_lib_init_user_alloc_1               0x08000271   Thumb Code     0  libinit2.o(.ARM.Collect$$libinit$$0000000C)
    __rt_lib_init_lc_collate_1               0x08000277   Thumb Code     0  libinit2.o(.ARM.Collect$$libinit$$00000011)
    __rt_lib_init_lc_ctype_1                 0x08000277   Thumb Code     0  libinit2.o(.ARM.Collect$$libinit$$00000013)
    __rt_lib_init_lc_monetary_1              0x08000277   Thumb Code     0  libinit2.o(.ARM.Collect$$libinit$$00000015)
    __rt_lib_init_lc_numeric_2               0x08000277   Thumb Code     0  libinit2.o(.ARM.Collect$$libinit$$00000016)
    __rt_lib_init_alloca_1                   0x08000281   Thumb Code     0  libinit2.o(.ARM.Collect$$libinit$$0000002E)
    __rt_lib_init_argv_1                     0x08000281   Thumb Code     0  libinit2.o(.ARM.Collect$$libinit$$0000002C)
    __rt_lib_init_atexit_1                   0x08000281   Thumb Code     0  libinit2.o(.ARM.Collect$$libinit$$0000001B)
    __rt_lib_init_clock_1                    0x08000281   Thumb Code     0  libinit2.o(.ARM.Collect$$libinit$$00000021)
    __rt_lib_init_cpp_1                      0x08000281   Thumb Code     0  libinit2.o(.ARM.Collect$$libinit$$00000032)
    __rt_lib_init_exceptions_1               0x08000281   Thumb Code     0  libinit2.o(.ARM.Collect$$libinit$$00000030)
    __rt_lib_init_fp_trap_1                  0x08000281   Thumb Code     0  libinit2.o(.ARM.Collect$$libinit$$0000001F)
    __rt_lib_init_getenv_1                   0x08000281   Thumb Code     0  libinit2.o(.ARM.Collect$$libinit$$00000023)
    __rt_lib_init_lc_numeric_1               0x08000281   Thumb Code     0  libinit2.o(.ARM.Collect$$libinit$$00000017)
    __rt_lib_init_lc_time_1                  0x08000281   Thumb Code     0  libinit2.o(.ARM.Collect$$libinit$$00000019)
    __rt_lib_init_return                     0x08000281   Thumb Code     0  libinit2.o(.ARM.Collect$$libinit$$00000033)
    __rt_lib_init_signal_1                   0x08000281   Thumb Code     0  libinit2.o(.ARM.Collect$$libinit$$0000001D)
    __rt_lib_init_stdio_1                    0x08000281   Thumb Code     0  libinit2.o(.ARM.Collect$$libinit$$00000025)
    __rt_lib_shutdown                        0x08000283   Thumb Code     0  libshutdown.o(.ARM.Collect$$libshutdown$$00000000)
    __rt_lib_shutdown_cpp_1                  0x08000285   Thumb Code     0  libshutdown2.o(.ARM.Collect$$libshutdown$$00000002)
    __rt_lib_shutdown_fp_trap_1              0x08000285   Thumb Code     0  libshutdown2.o(.ARM.Collect$$libshutdown$$00000007)
    __rt_lib_shutdown_heap_1                 0x08000285   Thumb Code     0  libshutdown2.o(.ARM.Collect$$libshutdown$$0000000F)
    __rt_lib_shutdown_return                 0x08000285   Thumb Code     0  libshutdown2.o(.ARM.Collect$$libshutdown$$00000010)
    __rt_lib_shutdown_signal_1               0x08000285   Thumb Code     0  libshutdown2.o(.ARM.Collect$$libshutdown$$0000000A)
    __rt_lib_shutdown_stdio_1                0x08000285   Thumb Code     0  libshutdown2.o(.ARM.Collect$$libshutdown$$00000004)
    __rt_lib_shutdown_user_alloc_1           0x08000285   Thumb Code     0  libshutdown2.o(.ARM.Collect$$libshutdown$$0000000C)
    __rt_entry                               0x08000287   Thumb Code     0  __rtentry.o(.ARM.Collect$$rtentry$$00000000)
    __rt_entry_presh_1                       0x08000287   Thumb Code     0  __rtentry2.o(.ARM.Collect$$rtentry$$00000002)
    __rt_entry_sh                            0x08000287   Thumb Code     0  __rtentry4.o(.ARM.Collect$$rtentry$$00000004)
    __rt_entry_li                            0x0800028d   Thumb Code     0  __rtentry2.o(.ARM.Collect$$rtentry$$0000000A)
    __rt_entry_postsh_1                      0x0800028d   Thumb Code     0  __rtentry2.o(.ARM.Collect$$rtentry$$00000009)
    __rt_entry_main                          0x08000291   Thumb Code     0  __rtentry2.o(.ARM.Collect$$rtentry$$0000000D)
    __rt_entry_postli_1                      0x08000291   Thumb Code     0  __rtentry2.o(.ARM.Collect$$rtentry$$0000000C)
    __rt_exit                                0x08000299   Thumb Code     0  rtexit.o(.ARM.Collect$$rtexit$$00000000)
    __rt_exit_ls                             0x0800029b   Thumb Code     0  rtexit2.o(.ARM.Collect$$rtexit$$00000003)
    __rt_exit_prels_1                        0x0800029b   Thumb Code     0  rtexit2.o(.ARM.Collect$$rtexit$$00000002)
    __rt_exit_exit                           0x0800029f   Thumb Code     0  rtexit2.o(.ARM.Collect$$rtexit$$00000004)
    Reset_Handler                            0x080002a5   Thumb Code     8  startup_stm32g431xx.o(.text)
    _maybe_terminate_alloc                   0x080002a5   Thumb Code     0  maybetermalloc1.o(.emb_text)
    ADC1_2_IRQHandler                        0x080002bf   Thumb Code     0  startup_stm32g431xx.o(.text)
    COMP1_2_3_IRQHandler                     0x080002bf   Thumb Code     0  startup_stm32g431xx.o(.text)
    COMP4_IRQHandler                         0x080002bf   Thumb Code     0  startup_stm32g431xx.o(.text)
    CORDIC_IRQHandler                        0x080002bf   Thumb Code     0  startup_stm32g431xx.o(.text)
    CRS_IRQHandler                           0x080002bf   Thumb Code     0  startup_stm32g431xx.o(.text)
    DMA1_Channel1_IRQHandler                 0x080002bf   Thumb Code     0  startup_stm32g431xx.o(.text)
    DMA1_Channel2_IRQHandler                 0x080002bf   Thumb Code     0  startup_stm32g431xx.o(.text)
    DMA1_Channel3_IRQHandler                 0x080002bf   Thumb Code     0  startup_stm32g431xx.o(.text)
    DMA1_Channel4_IRQHandler                 0x080002bf   Thumb Code     0  startup_stm32g431xx.o(.text)
    DMA1_Channel5_IRQHandler                 0x080002bf   Thumb Code     0  startup_stm32g431xx.o(.text)
    DMA1_Channel6_IRQHandler                 0x080002bf   Thumb Code     0  startup_stm32g431xx.o(.text)
    DMA2_Channel1_IRQHandler                 0x080002bf   Thumb Code     0  startup_stm32g431xx.o(.text)
    DMA2_Channel2_IRQHandler                 0x080002bf   Thumb Code     0  startup_stm32g431xx.o(.text)
    DMA2_Channel3_IRQHandler                 0x080002bf   Thumb Code     0  startup_stm32g431xx.o(.text)
    DMA2_Channel4_IRQHandler                 0x080002bf   Thumb Code     0  startup_stm32g431xx.o(.text)
    DMA2_Channel5_IRQHandler                 0x080002bf   Thumb Code     0  startup_stm32g431xx.o(.text)
    DMA2_Channel6_IRQHandler                 0x080002bf   Thumb Code     0  startup_stm32g431xx.o(.text)
    DMAMUX_OVR_IRQHandler                    0x080002bf   Thumb Code     0  startup_stm32g431xx.o(.text)
    EXTI0_IRQHandler                         0x080002bf   Thumb Code     0  startup_stm32g431xx.o(.text)
    EXTI15_10_IRQHandler                     0x080002bf   Thumb Code     0  startup_stm32g431xx.o(.text)
    EXTI1_IRQHandler                         0x080002bf   Thumb Code     0  startup_stm32g431xx.o(.text)
    EXTI2_IRQHandler                         0x080002bf   Thumb Code     0  startup_stm32g431xx.o(.text)
    EXTI3_IRQHandler                         0x080002bf   Thumb Code     0  startup_stm32g431xx.o(.text)
    EXTI4_IRQHandler                         0x080002bf   Thumb Code     0  startup_stm32g431xx.o(.text)
    EXTI9_5_IRQHandler                       0x080002bf   Thumb Code     0  startup_stm32g431xx.o(.text)
    FDCAN1_IT0_IRQHandler                    0x080002bf   Thumb Code     0  startup_stm32g431xx.o(.text)
    FDCAN1_IT1_IRQHandler                    0x080002bf   Thumb Code     0  startup_stm32g431xx.o(.text)
    FLASH_IRQHandler                         0x080002bf   Thumb Code     0  startup_stm32g431xx.o(.text)
    FMAC_IRQHandler                          0x080002bf   Thumb Code     0  startup_stm32g431xx.o(.text)
    FPU_IRQHandler                           0x080002bf   Thumb Code     0  startup_stm32g431xx.o(.text)
    I2C1_ER_IRQHandler                       0x080002bf   Thumb Code     0  startup_stm32g431xx.o(.text)
    I2C1_EV_IRQHandler                       0x080002bf   Thumb Code     0  startup_stm32g431xx.o(.text)
    I2C2_ER_IRQHandler                       0x080002bf   Thumb Code     0  startup_stm32g431xx.o(.text)
    I2C2_EV_IRQHandler                       0x080002bf   Thumb Code     0  startup_stm32g431xx.o(.text)
    I2C3_ER_IRQHandler                       0x080002bf   Thumb Code     0  startup_stm32g431xx.o(.text)
    I2C3_EV_IRQHandler                       0x080002bf   Thumb Code     0  startup_stm32g431xx.o(.text)
    LPTIM1_IRQHandler                        0x080002bf   Thumb Code     0  startup_stm32g431xx.o(.text)
    LPUART1_IRQHandler                       0x080002bf   Thumb Code     0  startup_stm32g431xx.o(.text)
    PVD_PVM_IRQHandler                       0x080002bf   Thumb Code     0  startup_stm32g431xx.o(.text)
    RCC_IRQHandler                           0x080002bf   Thumb Code     0  startup_stm32g431xx.o(.text)
    RNG_IRQHandler                           0x080002bf   Thumb Code     0  startup_stm32g431xx.o(.text)
    RTC_Alarm_IRQHandler                     0x080002bf   Thumb Code     0  startup_stm32g431xx.o(.text)
    RTC_TAMP_LSECSS_IRQHandler               0x080002bf   Thumb Code     0  startup_stm32g431xx.o(.text)
    RTC_WKUP_IRQHandler                      0x080002bf   Thumb Code     0  startup_stm32g431xx.o(.text)
    SAI1_IRQHandler                          0x080002bf   Thumb Code     0  startup_stm32g431xx.o(.text)
    SPI1_IRQHandler                          0x080002bf   Thumb Code     0  startup_stm32g431xx.o(.text)
    SPI2_IRQHandler                          0x080002bf   Thumb Code     0  startup_stm32g431xx.o(.text)
    SPI3_IRQHandler                          0x080002bf   Thumb Code     0  startup_stm32g431xx.o(.text)
    TIM1_BRK_TIM15_IRQHandler                0x080002bf   Thumb Code     0  startup_stm32g431xx.o(.text)
    TIM1_CC_IRQHandler                       0x080002bf   Thumb Code     0  startup_stm32g431xx.o(.text)
    TIM1_TRG_COM_TIM17_IRQHandler            0x080002bf   Thumb Code     0  startup_stm32g431xx.o(.text)
    TIM1_UP_TIM16_IRQHandler                 0x080002bf   Thumb Code     0  startup_stm32g431xx.o(.text)
    TIM2_IRQHandler                          0x080002bf   Thumb Code     0  startup_stm32g431xx.o(.text)
    TIM4_IRQHandler                          0x080002bf   Thumb Code     0  startup_stm32g431xx.o(.text)
    TIM6_DAC_IRQHandler                      0x080002bf   Thumb Code     0  startup_stm32g431xx.o(.text)
    TIM8_BRK_IRQHandler                      0x080002bf   Thumb Code     0  startup_stm32g431xx.o(.text)
    TIM8_CC_IRQHandler                       0x080002bf   Thumb Code     0  startup_stm32g431xx.o(.text)
    TIM8_TRG_COM_IRQHandler                  0x080002bf   Thumb Code     0  startup_stm32g431xx.o(.text)
    TIM8_UP_IRQHandler                       0x080002bf   Thumb Code     0  startup_stm32g431xx.o(.text)
    UART4_IRQHandler                         0x080002bf   Thumb Code     0  startup_stm32g431xx.o(.text)
    UCPD1_IRQHandler                         0x080002bf   Thumb Code     0  startup_stm32g431xx.o(.text)
    USART2_IRQHandler                        0x080002bf   Thumb Code     0  startup_stm32g431xx.o(.text)
    USART3_IRQHandler                        0x080002bf   Thumb Code     0  startup_stm32g431xx.o(.text)
    USBWakeUp_IRQHandler                     0x080002bf   Thumb Code     0  startup_stm32g431xx.o(.text)
    USB_HP_IRQHandler                        0x080002bf   Thumb Code     0  startup_stm32g431xx.o(.text)
    USB_LP_IRQHandler                        0x080002bf   Thumb Code     0  startup_stm32g431xx.o(.text)
    WWDG_IRQHandler                          0x080002bf   Thumb Code     0  startup_stm32g431xx.o(.text)
    __user_initial_stackheap                 0x080002c1   Thumb Code     0  startup_stm32g431xx.o(.text)
    malloc                                   0x080002e5   Thumb Code    94  h1_alloc.o(.text)
    __aeabi_uldivmod                         0x08000343   Thumb Code     0  lludivv7m.o(.text)
    _ll_udiv                                 0x08000343   Thumb Code   238  lludivv7m.o(.text)
    __2sprintf                               0x08000431   Thumb Code    34  noretval__2sprintf.o(.text)
    _printf_pre_padding                      0x08000459   Thumb Code    44  _printf_pad.o(.text)
    _printf_post_padding                     0x08000485   Thumb Code    34  _printf_pad.o(.text)
    _printf_str                              0x080004a7   Thumb Code    82  _printf_str.o(.text)
    _printf_int_dec                          0x080004f9   Thumb Code   104  _printf_dec.o(.text)
    __printf                                 0x08000571   Thumb Code   270  __printf_wp.o(.text)
    strlen                                   0x0800067f   Thumb Code    62  strlen.o(.text)
    __aeabi_memclr                           0x080006bd   Thumb Code     0  rt_memclr.o(.text)
    __rt_memclr                              0x080006bd   Thumb Code    68  rt_memclr.o(.text)
    _memset                                  0x080006c1   Thumb Code     0  rt_memclr.o(.text)
    __aeabi_memclr4                          0x08000701   Thumb Code     0  rt_memclr_w.o(.text)
    __aeabi_memclr8                          0x08000701   Thumb Code     0  rt_memclr_w.o(.text)
    __rt_memclr_w                            0x08000701   Thumb Code    78  rt_memclr_w.o(.text)
    _memset_w                                0x08000705   Thumb Code     0  rt_memclr_w.o(.text)
    strcmp                                   0x08000751   Thumb Code   128  strcmpv7m.o(.text)
    __use_two_region_memory                  0x080007d1   Thumb Code     2  heapauxi.o(.text)
    __rt_heap_escrow                         0x080007d3   Thumb Code     2  heapauxi.o(.text)
    __rt_heap_expand                         0x080007d5   Thumb Code     2  heapauxi.o(.text)
    __rt_heap_descriptor                     0x080007d9   Thumb Code     8  rt_heap_descriptor_intlibspace.o(.text)
    __use_no_heap                            0x080007e1   Thumb Code     2  hguard.o(.text)
    __heap$guard                             0x080007e3   Thumb Code     2  hguard.o(.text)
    _terminate_user_alloc                    0x080007e5   Thumb Code     2  init_alloc.o(.text)
    _init_user_alloc                         0x080007e7   Thumb Code     2  init_alloc.o(.text)
    __Heap_Full                              0x080007e9   Thumb Code    34  init_alloc.o(.text)
    __Heap_Broken                            0x0800080b   Thumb Code     6  init_alloc.o(.text)
    _init_alloc                              0x08000811   Thumb Code    94  init_alloc.o(.text)
    __Heap_Initialize                        0x0800086f   Thumb Code    10  h1_init.o(.text)
    __Heap_DescSize                          0x08000879   Thumb Code     4  h1_init.o(.text)
    free                                     0x0800087d   Thumb Code    78  h1_free.o(.text)
    _printf_int_common                       0x080008cb   Thumb Code   178  _printf_intcommon.o(.text)
    __lib_sel_fp_printf                      0x0800097d   Thumb Code     2  _printf_fp_dec.o(.text)
    _printf_fp_dec_real                      0x08000b2f   Thumb Code   620  _printf_fp_dec.o(.text)
    _printf_char_common                      0x08000da7   Thumb Code    32  _printf_char_common.o(.text)
    _sputc                                   0x08000dcd   Thumb Code    10  _sputc.o(.text)
    _printf_cs_common                        0x08000dd7   Thumb Code    20  _printf_char.o(.text)
    _printf_char                             0x08000deb   Thumb Code    16  _printf_char.o(.text)
    _printf_string                           0x08000dfb   Thumb Code     8  _printf_char.o(.text)
    __user_libspace                          0x08000e05   Thumb Code     8  libspace.o(.text)
    __user_perproc_libspace                  0x08000e05   Thumb Code     0  libspace.o(.text)
    __user_perthread_libspace                0x08000e05   Thumb Code     0  libspace.o(.text)
    __rt_locale                              0x08000e0d   Thumb Code     8  rt_locale_intlibspace.o(.text)
    __Heap_ProvideMemory                     0x08000e15   Thumb Code    52  h1_extend.o(.text)
    _ll_udiv10                               0x08000e49   Thumb Code   138  lludiv10.o(.text)
    _printf_fp_infnan                        0x08000ed5   Thumb Code   112  _printf_fp_infnan.o(.text)
    _btod_etento                             0x08000f55   Thumb Code   224  bigflt0.o(.text)
    __rt_SIGRTMEM                            0x08001039   Thumb Code    14  defsig_rtmem_outer.o(.text)
    __I$use$semihosting                      0x08001047   Thumb Code     0  use_no_semi.o(.text)
    __use_no_semihosting_swi                 0x08001047   Thumb Code     2  use_no_semi.o(.text)
    __semihosting_library_function           0x08001049   Thumb Code     0  indicate_semi.o(.text)
    __user_setup_stackheap                   0x08001049   Thumb Code    74  sys_stackheap_outer.o(.text)
    exit                                     0x08001093   Thumb Code    18  exit.o(.text)
    __sig_exit                               0x080010a5   Thumb Code    10  defsig_exit.o(.text)
    __rt_SIGRTMEM_inner                      0x080010b1   Thumb Code    22  defsig_rtmem_inner.o(.text)
    _sys_exit                                0x08001101   Thumb Code     8  sys_exit.o(.text)
    __default_signal_display                 0x0800110d   Thumb Code    50  defsig_general.o(.text)
    _ttywrch                                 0x0800113f   Thumb Code    14  sys_wrch.o(.text)
    _btod_d2e                                0x0800114d   Thumb Code    62  btod.o(CL$$btod_d2e)
    _d2e_denorm_low                          0x0800118b   Thumb Code    70  btod.o(CL$$btod_d2e_denorm_low)
    _d2e_norm_op1                            0x080011d1   Thumb Code    96  btod.o(CL$$btod_d2e_norm_op1)
    __btod_div_common                        0x08001231   Thumb Code   696  btod.o(CL$$btod_div_common)
    _e2e                                     0x08001569   Thumb Code   220  btod.o(CL$$btod_e2e)
    _btod_ediv                               0x08001645   Thumb Code    42  btod.o(CL$$btod_ediv)
    _btod_emul                               0x0800166f   Thumb Code    42  btod.o(CL$$btod_emul)
    __btod_mult_common                       0x08001699   Thumb Code   580  btod.o(CL$$btod_mult_common)
    BusFault_Handler                         0x080018dd   Thumb Code     2  stm32g4xx_it.o(i.BusFault_Handler)
    DebugMon_Handler                         0x080018df   Thumb Code     2  stm32g4xx_it.o(i.DebugMon_Handler)
    Delay_LCD                                0x080018e1   Thumb Code    28  lcd.o(i.Delay_LCD)
    Error_Handler                            0x080018fd   Thumb Code     4  main.o(i.Error_Handler)
    HAL_DMA_Abort                            0x08001901   Thumb Code   106  stm32g4xx_hal_dma.o(i.HAL_DMA_Abort)
    HAL_DMA_Abort_IT                         0x0800196b   Thumb Code   120  stm32g4xx_hal_dma.o(i.HAL_DMA_Abort_IT)
    HAL_Delay                                0x080019e5   Thumb Code    32  stm32g4xx_hal.o(i.HAL_Delay)
    HAL_GPIO_Init                            0x08001a09   Thumb Code   550  stm32g4xx_hal_gpio.o(i.HAL_GPIO_Init)
    HAL_GPIO_ReadPin                         0x08001c51   Thumb Code    10  stm32g4xx_hal_gpio.o(i.HAL_GPIO_ReadPin)
    HAL_GPIO_WritePin                        0x08001c5b   Thumb Code    10  stm32g4xx_hal_gpio.o(i.HAL_GPIO_WritePin)
    HAL_GetTick                              0x08001c65   Thumb Code     6  stm32g4xx_hal.o(i.HAL_GetTick)
    HAL_IncTick                              0x08001c71   Thumb Code    12  stm32g4xx_hal.o(i.HAL_IncTick)
    HAL_Init                                 0x08001c81   Thumb Code    30  stm32g4xx_hal.o(i.HAL_Init)
    HAL_InitTick                             0x08001ca1   Thumb Code    58  stm32g4xx_hal.o(i.HAL_InitTick)
    HAL_MspInit                              0x08001ce5   Thumb Code    42  stm32g4xx_hal_msp.o(i.HAL_MspInit)
    HAL_NVIC_EnableIRQ                       0x08001d15   Thumb Code    26  stm32g4xx_hal_cortex.o(i.HAL_NVIC_EnableIRQ)
    HAL_NVIC_SetPriority                     0x08001d31   Thumb Code    60  stm32g4xx_hal_cortex.o(i.HAL_NVIC_SetPriority)
    HAL_NVIC_SetPriorityGrouping             0x08001d71   Thumb Code    26  stm32g4xx_hal_cortex.o(i.HAL_NVIC_SetPriorityGrouping)
    HAL_PWREx_ControlVoltageScaling          0x08001d95   Thumb Code   174  stm32g4xx_hal_pwr_ex.o(i.HAL_PWREx_ControlVoltageScaling)
    HAL_PWREx_DisableUCPDDeadBattery         0x08001e51   Thumb Code    12  stm32g4xx_hal_pwr_ex.o(i.HAL_PWREx_DisableUCPDDeadBattery)
    HAL_RCCEx_PeriphCLKConfig                0x08001e61   Thumb Code   638  stm32g4xx_hal_rcc_ex.o(i.HAL_RCCEx_PeriphCLKConfig)
    HAL_RCC_ClockConfig                      0x080020e9   Thumb Code   444  stm32g4xx_hal_rcc.o(i.HAL_RCC_ClockConfig)
    HAL_RCC_GetPCLK1Freq                     0x080022c5   Thumb Code    24  stm32g4xx_hal_rcc.o(i.HAL_RCC_GetPCLK1Freq)
    HAL_RCC_GetPCLK2Freq                     0x080022e9   Thumb Code    24  stm32g4xx_hal_rcc.o(i.HAL_RCC_GetPCLK2Freq)
    HAL_RCC_GetSysClockFreq                  0x0800230d   Thumb Code    98  stm32g4xx_hal_rcc.o(i.HAL_RCC_GetSysClockFreq)
    HAL_RCC_OscConfig                        0x0800237d   Thumb Code  1036  stm32g4xx_hal_rcc.o(i.HAL_RCC_OscConfig)
    HAL_SYSTICK_Config                       0x08002789   Thumb Code    40  stm32g4xx_hal_cortex.o(i.HAL_SYSTICK_Config)
    HAL_TIMEx_Break2Callback                 0x080027b1   Thumb Code     2  stm32g4xx_hal_tim_ex.o(i.HAL_TIMEx_Break2Callback)
    HAL_TIMEx_BreakCallback                  0x080027b3   Thumb Code     2  stm32g4xx_hal_tim_ex.o(i.HAL_TIMEx_BreakCallback)
    HAL_TIMEx_CommutCallback                 0x080027b5   Thumb Code     2  stm32g4xx_hal_tim_ex.o(i.HAL_TIMEx_CommutCallback)
    HAL_TIMEx_ConfigBreakDeadTime            0x080027b9   Thumb Code   164  stm32g4xx_hal_tim_ex.o(i.HAL_TIMEx_ConfigBreakDeadTime)
    HAL_TIMEx_DirectionChangeCallback        0x08002865   Thumb Code     2  stm32g4xx_hal_tim_ex.o(i.HAL_TIMEx_DirectionChangeCallback)
    HAL_TIMEx_EncoderIndexCallback           0x08002867   Thumb Code     2  stm32g4xx_hal_tim_ex.o(i.HAL_TIMEx_EncoderIndexCallback)
    HAL_TIMEx_IndexErrorCallback             0x08002869   Thumb Code     2  stm32g4xx_hal_tim_ex.o(i.HAL_TIMEx_IndexErrorCallback)
    HAL_TIMEx_TransitionErrorCallback        0x0800286b   Thumb Code     2  stm32g4xx_hal_tim_ex.o(i.HAL_TIMEx_TransitionErrorCallback)
    HAL_TIM_Base_Init                        0x0800286d   Thumb Code    98  stm32g4xx_hal_tim.o(i.HAL_TIM_Base_Init)
    HAL_TIM_Base_MspInit                     0x080028d1   Thumb Code    72  tim.o(i.HAL_TIM_Base_MspInit)
    HAL_TIM_IC_CaptureCallback               0x08002925   Thumb Code     2  stm32g4xx_hal_tim.o(i.HAL_TIM_IC_CaptureCallback)
    HAL_TIM_IRQHandler                       0x08002927   Thumb Code   508  stm32g4xx_hal_tim.o(i.HAL_TIM_IRQHandler)
    HAL_TIM_MspPostInit                      0x08002b25   Thumb Code    72  tim.o(i.HAL_TIM_MspPostInit)
    HAL_TIM_OC_DelayElapsedCallback          0x08002b75   Thumb Code     2  stm32g4xx_hal_tim.o(i.HAL_TIM_OC_DelayElapsedCallback)
    HAL_TIM_PWM_ConfigChannel                0x08002b77   Thumb Code   292  stm32g4xx_hal_tim.o(i.HAL_TIM_PWM_ConfigChannel)
    HAL_TIM_PWM_Init                         0x08002c9b   Thumb Code    98  stm32g4xx_hal_tim.o(i.HAL_TIM_PWM_Init)
    HAL_TIM_PWM_MspInit                      0x08002cfd   Thumb Code     2  stm32g4xx_hal_tim.o(i.HAL_TIM_PWM_MspInit)
    HAL_TIM_PWM_PulseFinishedCallback        0x08002cff   Thumb Code     2  stm32g4xx_hal_tim.o(i.HAL_TIM_PWM_PulseFinishedCallback)
    HAL_TIM_PWM_Start                        0x08002d01   Thumb Code   218  stm32g4xx_hal_tim.o(i.HAL_TIM_PWM_Start)
    HAL_TIM_PeriodElapsedCallback            0x08002dfd   Thumb Code     2  stm32g4xx_hal_tim.o(i.HAL_TIM_PeriodElapsedCallback)
    HAL_TIM_TriggerCallback                  0x08002dff   Thumb Code     2  stm32g4xx_hal_tim.o(i.HAL_TIM_TriggerCallback)
    HAL_UARTEx_DisableFifoMode               0x08002e01   Thumb Code    62  stm32g4xx_hal_uart_ex.o(i.HAL_UARTEx_DisableFifoMode)
    HAL_UARTEx_RxEventCallback               0x08002e3f   Thumb Code     2  stm32g4xx_hal_uart.o(i.HAL_UARTEx_RxEventCallback)
    HAL_UARTEx_RxFifoFullCallback            0x08002e41   Thumb Code     2  stm32g4xx_hal_uart_ex.o(i.HAL_UARTEx_RxFifoFullCallback)
    HAL_UARTEx_SetRxFifoThreshold            0x08002e43   Thumb Code    76  stm32g4xx_hal_uart_ex.o(i.HAL_UARTEx_SetRxFifoThreshold)
    HAL_UARTEx_SetTxFifoThreshold            0x08002e8f   Thumb Code    76  stm32g4xx_hal_uart_ex.o(i.HAL_UARTEx_SetTxFifoThreshold)
    HAL_UARTEx_TxFifoEmptyCallback           0x08002edb   Thumb Code     2  stm32g4xx_hal_uart_ex.o(i.HAL_UARTEx_TxFifoEmptyCallback)
    HAL_UARTEx_WakeupCallback                0x08002edd   Thumb Code     2  stm32g4xx_hal_uart_ex.o(i.HAL_UARTEx_WakeupCallback)
    HAL_UART_ErrorCallback                   0x08002edf   Thumb Code     2  stm32g4xx_hal_uart.o(i.HAL_UART_ErrorCallback)
    HAL_UART_IRQHandler                      0x08002ee1   Thumb Code   722  stm32g4xx_hal_uart.o(i.HAL_UART_IRQHandler)
    HAL_UART_Init                            0x080031c1   Thumb Code   106  stm32g4xx_hal_uart.o(i.HAL_UART_Init)
    HAL_UART_MspInit                         0x0800322d   Thumb Code   132  usart.o(i.HAL_UART_MspInit)
    HAL_UART_Receive_IT                      0x080032b9   Thumb Code    80  stm32g4xx_hal_uart.o(i.HAL_UART_Receive_IT)
    HAL_UART_RxCpltCallback                  0x0800330d   Thumb Code    32  input.o(i.HAL_UART_RxCpltCallback)
    HAL_UART_Transmit                        0x08003339   Thumb Code   188  stm32g4xx_hal_uart.o(i.HAL_UART_Transmit)
    HAL_UART_TxCpltCallback                  0x080033f5   Thumb Code     2  stm32g4xx_hal_uart.o(i.HAL_UART_TxCpltCallback)
    HardFault_Handler                        0x080033f7   Thumb Code     2  stm32g4xx_it.o(i.HardFault_Handler)
    LCD_BusIn                                0x080033f9   Thumb Code    40  lcd.o(i.LCD_BusIn)
    LCD_BusOut                               0x08003425   Thumb Code    42  lcd.o(i.LCD_BusOut)
    LCD_Clear                                0x08003455   Thumb Code    36  lcd.o(i.LCD_Clear)
    LCD_ClearLine                            0x08003479   Thumb Code     6  lcd.o(i.LCD_ClearLine)
    LCD_CtrlLinesConfig                      0x08003499   Thumb Code   136  lcd.o(i.LCD_CtrlLinesConfig)
    LCD_DisplayChar                          0x08003529   Thumb Code    18  lcd.o(i.LCD_DisplayChar)
    LCD_DisplayStringLine                    0x08003541   Thumb Code    42  lcd.o(i.LCD_DisplayStringLine)
    LCD_DrawChar                             0x0800356d   Thumb Code    84  lcd.o(i.LCD_DrawChar)
    LCD_Init                                 0x080035c5   Thumb Code    46  lcd.o(i.LCD_Init)
    LCD_ReadReg                              0x080035f9   Thumb Code   120  lcd.o(i.LCD_ReadReg)
    LCD_SetCursor                            0x08003679   Thumb Code    24  lcd.o(i.LCD_SetCursor)
    LCD_WriteRAM                             0x08003691   Thumb Code    80  lcd.o(i.LCD_WriteRAM)
    LCD_WriteRAM_Prepare                     0x080036e9   Thumb Code    82  lcd.o(i.LCD_WriteRAM_Prepare)
    LCD_WriteReg                             0x08003745   Thumb Code   100  lcd.o(i.LCD_WriteReg)
    MX_GPIO_Init                             0x080037b1   Thumb Code   194  gpio.o(i.MX_GPIO_Init)
    MX_TIM17_Init                            0x08003885   Thumb Code   144  tim.o(i.MX_TIM17_Init)
    MX_USART1_UART_Init                      0x0800391d   Thumb Code    94  usart.o(i.MX_USART1_UART_Init)
    MemManage_Handler                        0x08003985   Thumb Code     2  stm32g4xx_it.o(i.MemManage_Handler)
    NMI_Handler                              0x08003987   Thumb Code     2  stm32g4xx_it.o(i.NMI_Handler)
    PendSV_Handler                           0x08003989   Thumb Code     2  stm32g4xx_it.o(i.PendSV_Handler)
    REG_8230_Init                            0x0800398b   Thumb Code   274  lcd.o(i.REG_8230_Init)
    REG_932X_Init                            0x08003a9d   Thumb Code   514  lcd.o(i.REG_932X_Init)
    SVC_Handler                              0x08003c9f   Thumb Code     2  stm32g4xx_it.o(i.SVC_Handler)
    SysTick_Handler                          0x08003ca1   Thumb Code     4  stm32g4xx_it.o(i.SysTick_Handler)
    SystemClock_Config                       0x08003ca5   Thumb Code   102  main.o(i.SystemClock_Config)
    SystemInit                               0x08003d0d   Thumb Code    12  system_stm32g4xx.o(i.SystemInit)
    TIM3_IRQHandler                          0x08003d1d   Thumb Code     6  stm32g4xx_it.o(i.TIM3_IRQHandler)
    TIM7_IRQHandler                          0x08003d29   Thumb Code     6  stm32g4xx_it.o(i.TIM7_IRQHandler)
    TIM_Base_SetConfig                       0x08003d35   Thumb Code   146  stm32g4xx_hal_tim.o(i.TIM_Base_SetConfig)
    TIM_CCxChannelCmd                        0x08003de5   Thumb Code    26  stm32g4xx_hal_tim.o(i.TIM_CCxChannelCmd)
    TIM_OC2_SetConfig                        0x08003e9d   Thumb Code   120  stm32g4xx_hal_tim.o(i.TIM_OC2_SetConfig)
    UART_AdvFeatureConfig                    0x08004171   Thumb Code   200  stm32g4xx_hal_uart.o(i.UART_AdvFeatureConfig)
    UART_CheckIdleState                      0x08004239   Thumb Code    96  stm32g4xx_hal_uart.o(i.UART_CheckIdleState)
    UART_SetConfig                           0x08004731   Thumb Code   582  stm32g4xx_hal_uart.o(i.UART_SetConfig)
    UART_Start_Receive_IT                    0x080049a5   Thumb Code   262  stm32g4xx_hal_uart.o(i.UART_Start_Receive_IT)
    UART_WaitOnFlagUntilTimeout              0x08004abd   Thumb Code   198  stm32g4xx_hal_uart.o(i.UART_WaitOnFlagUntilTimeout)
    USART1_IRQHandler                        0x08004b85   Thumb Code     6  stm32g4xx_it.o(i.USART1_IRQHandler)
    UsageFault_Handler                       0x08004b91   Thumb Code     2  stm32g4xx_it.o(i.UsageFault_Handler)
    _LEDDisplay                              0x08004b95   Thumb Code    46  config.o(i._LEDDisplay)
    __ARM_fpclassify                         0x08004bc9   Thumb Code    48  fpclassify.o(i.__ARM_fpclassify)
    __hardfp_ceil                            0x08004c19   Thumb Code   252  ceil.o(i.__hardfp_ceil)
    _dataMessageDisplay                      0x08004d31   Thumb Code    78  config.o(i._dataMessageDisplay)
    _is_digit                                0x08004dbd   Thumb Code    14  __printf_wp.o(i._is_digit)
    _keyPro                                  0x08004dcd   Thumb Code   164  config.o(i._keyPro)
    _paraMessageDisplay                      0x08004e81   Thumb Code    72  config.o(i._paraMessageDisplay)
    _usartMsgProcess                         0x08004ef9   Thumb Code   526  config.o(i._usartMsgProcess)
    addListNode                              0x08005139   Thumb Code    52  list.o(i.addListNode)
    changeAllLedByStateNumber                0x0800516d   Thumb Code    48  led.o(i.changeAllLedByStateNumber)
    changeLedStateByLocation                 0x080051a5   Thumb Code    46  led.o(i.changeLedStateByLocation)
    checkData                                0x080051dd   Thumb Code   148  datahandle.o(i.checkData)
    deleteListNode                           0x08005285   Thumb Code    88  list.o(i.deleteListNode)
    getIntRxBuffDataByLocation               0x080052dd   Thumb Code    32  datahandle.o(i.getIntRxBuffDataByLocation)
    getStringRxBuffDataByLocation            0x080052fd   Thumb Code    24  datahandle.o(i.getStringRxBuffDataByLocation)
    lcdInit                                  0x08005315   Thumb Code    42  lcd.o(i.lcdInit)
    main                                     0x08005345   Thumb Code    30  main.o(i.main)
    myMktime                                 0x08005365   Thumb Code    90  datahandle.o(i.myMktime)
    scanKey                                  0x080053c5   Thumb Code   184  key.o(i.scanKey)
    searchListNode                           0x08005485   Thumb Code    32  list.o(i.searchListNode)
    sysInit                                  0x080054a5   Thumb Code    60  config.o(i.sysInit)
    sysWork                                  0x080054f1   Thumb Code    34  config.o(i.sysWork)
    _get_lc_numeric                          0x08005519   Thumb Code    44  lc_numeric_c.o(locale$$code)
    __aeabi_dadd                             0x08005545   Thumb Code     0  daddsub_clz.o(x$fpl$dadd)
    _dadd                                    0x08005545   Thumb Code   332  daddsub_clz.o(x$fpl$dadd)
    __fpl_dcmp_Inf                           0x08005695   Thumb Code    24  dcmpi.o(x$fpl$dcmpinf)
    __aeabi_ddiv                             0x080056ad   Thumb Code     0  ddiv.o(x$fpl$ddiv)
    _ddiv                                    0x080056ad   Thumb Code   552  ddiv.o(x$fpl$ddiv)
    __aeabi_ui2d                             0x0800595d   Thumb Code     0  dflt_clz.o(x$fpl$dfltu)
    _dfltu                                   0x0800595d   Thumb Code    38  dflt_clz.o(x$fpl$dfltu)
    __aeabi_cdcmple                          0x08005985   Thumb Code     0  dleqf.o(x$fpl$dleqf)
    _dcmple                                  0x08005985   Thumb Code   120  dleqf.o(x$fpl$dleqf)
    __fpl_dcmple_InfNaN                      0x080059e7   Thumb Code     0  dleqf.o(x$fpl$dleqf)
    __aeabi_dmul                             0x080059fd   Thumb Code     0  dmul.o(x$fpl$dmul)
    _dmul                                    0x080059fd   Thumb Code   332  dmul.o(x$fpl$dmul)
    __fpl_dnaninf                            0x08005b51   Thumb Code   156  dnaninf.o(x$fpl$dnaninf)
    __fpl_dretinf                            0x08005bed   Thumb Code    12  dretinf.o(x$fpl$dretinf)
    __aeabi_cdrcmple                         0x08005bf9   Thumb Code     0  drleqf.o(x$fpl$drleqf)
    _drcmple                                 0x08005bf9   Thumb Code   108  drleqf.o(x$fpl$drleqf)
    __aeabi_drsub                            0x08005c65   Thumb Code     0  daddsub_clz.o(x$fpl$drsb)
    _drsb                                    0x08005c65   Thumb Code    22  daddsub_clz.o(x$fpl$drsb)
    __aeabi_dsub                             0x08005c7d   Thumb Code     0  daddsub_clz.o(x$fpl$dsub)
    _dsub                                    0x08005c7d   Thumb Code   464  daddsub_clz.o(x$fpl$dsub)
    _fp_init                                 0x08005e51   Thumb Code    10  fpinit.o(x$fpl$fpinit)
    __fplib_config_fpu_vfp                   0x08005e59   Thumb Code     0  fpinit.o(x$fpl$fpinit)
    __fplib_config_pureend_doubles           0x08005e59   Thumb Code     0  fpinit.o(x$fpl$fpinit)
    _printf_fp_dec                           0x08005e5b   Thumb Code     4  printf1.o(x$fpl$printf1)
    UARTPrescTable                           0x08005e5e   Data          24  stm32g4xx_hal_uart.o(.constdata)
    __I$use$fp                               0x08005e5e   Number         0  usenofp.o(x$fpl$usenofp)
    AHBPrescTable                            0x08005e86   Data          16  system_stm32g4xx.o(.constdata)
    APBPrescTable                            0x08005e96   Data           8  system_stm32g4xx.o(.constdata)
    ASCII_Table                              0x08005e9e   Data        4560  lcd.o(.constdata)
    Region$$Table$$Base                      0x08007104   Number         0  anon$$obj.o(Region$$Table)
    Region$$Table$$Limit                     0x08007124   Number         0  anon$$obj.o(Region$$Table)
    uwTickPrio                               0x20000000   Data           4  stm32g4xx_hal.o(.data)
    uwTickFreq                               0x20000004   Data           4  stm32g4xx_hal.o(.data)
    uwTick                                   0x20000008   Data           4  stm32g4xx_hal.o(.data)
    SystemCoreClock                          0x2000000c   Data           4  system_stm32g4xx.o(.data)
    dummy                                    0x20000016   Data           2  lcd.o(.data)
    monthTable                               0x20000018   Data          48  datahandle.o(.data)
    ucKeyNumber                              0x20000048   Data           1  config.o(.data)
    iRxFlag                                  0x2000004c   Data           4  config.o(.data)
    iDisplayMod                              0x20000050   Data           4  config.o(.data)
    iPwmMode                                 0x20000054   Data           4  config.o(.data)
    pcarMessage                              0x20000058   Data           4  config.o(.data)
    dVnbrPrice                               0x20000060   Data           8  config.o(.data)
    dCnbrPrice                               0x20000068   Data           8  config.o(.data)
    htim3                                    0x20000070   Data          76  tim.o(.bss)
    htim7                                    0x200000bc   Data          76  tim.o(.bss)
    htim17                                   0x20000108   Data          76  tim.o(.bss)
    huart1                                   0x20000154   Data         144  usart.o(.bss)
    ucRxbuff                                 0x200001e4   Data          22  config.o(.bss)
    __libspace_start                         0x200001fc   Data          96  libspace.o(.bss)
    __temporary_stack_top$libspace           0x2000025c   Data           0  libspace.o(.bss)



==============================================================================

Memory Map of the image

  Image Entry point : 0x080001d9

  Load Region LR_IROM1 (Base: 0x08000000, Size: 0x000071b0, Max: 0x00020000, ABSOLUTE)

    Execution Region ER_IROM1 (Exec base: 0x08000000, Load base: 0x08000000, Size: 0x00007140, Max: 0x00020000, ABSOLUTE)

    Exec Addr    Load Addr    Size         Type   Attr      Idx    E Section Name        Object

    0x08000000   0x08000000   0x000001d8   Data   RO            3    RESET               startup_stm32g431xx.o
    0x080001d8   0x080001d8   0x00000008   Code   RO         4213  * !!!main             c_w.l(__main.o)
    0x080001e0   0x080001e0   0x00000034   Code   RO         4523    !!!scatter          c_w.l(__scatter.o)
    0x08000214   0x08000214   0x0000001a   Code   RO         4525    !!handler_copy      c_w.l(__scatter_copy.o)
    0x0800022e   0x0800022e   0x00000002   PAD
    0x08000230   0x08000230   0x0000001c   Code   RO         4527    !!handler_zi        c_w.l(__scatter_zi.o)
    0x0800024c   0x0800024c   0x00000000   Code   RO         4202    .ARM.Collect$$_printf_percent$$00000000  c_w.l(_printf_percent.o)
    0x0800024c   0x0800024c   0x00000006   Code   RO         4201    .ARM.Collect$$_printf_percent$$00000003  c_w.l(_printf_f.o)
    0x08000252   0x08000252   0x00000006   Code   RO         4200    .ARM.Collect$$_printf_percent$$00000009  c_w.l(_printf_d.o)
    0x08000258   0x08000258   0x00000006   Code   RO         4199    .ARM.Collect$$_printf_percent$$00000014  c_w.l(_printf_s.o)
    0x0800025e   0x0800025e   0x00000004   Code   RO         4289    .ARM.Collect$$_printf_percent$$00000017  c_w.l(_printf_percent_end.o)
    0x08000262   0x08000262   0x00000002   Code   RO         4460    .ARM.Collect$$libinit$$00000000  c_w.l(libinit.o)
    0x08000264   0x08000264   0x00000004   Code   RO         4294    .ARM.Collect$$libinit$$00000001  c_w.l(libinit2.o)
    0x08000268   0x08000268   0x00000000   Code   RO         4297    .ARM.Collect$$libinit$$00000004  c_w.l(libinit2.o)
    0x08000268   0x08000268   0x00000008   Code   RO         4298    .ARM.Collect$$libinit$$00000005  c_w.l(libinit2.o)
    0x08000270   0x08000270   0x00000000   Code   RO         4300    .ARM.Collect$$libinit$$0000000A  c_w.l(libinit2.o)
    0x08000270   0x08000270   0x00000000   Code   RO         4302    .ARM.Collect$$libinit$$0000000C  c_w.l(libinit2.o)
    0x08000270   0x08000270   0x00000000   Code   RO         4304    .ARM.Collect$$libinit$$0000000E  c_w.l(libinit2.o)
    0x08000270   0x08000270   0x00000006   Code   RO         4305    .ARM.Collect$$libinit$$0000000F  c_w.l(libinit2.o)
    0x08000276   0x08000276   0x00000000   Code   RO         4307    .ARM.Collect$$libinit$$00000011  c_w.l(libinit2.o)
    0x08000276   0x08000276   0x00000000   Code   RO         4309    .ARM.Collect$$libinit$$00000013  c_w.l(libinit2.o)
    0x08000276   0x08000276   0x00000000   Code   RO         4311    .ARM.Collect$$libinit$$00000015  c_w.l(libinit2.o)
    0x08000276   0x08000276   0x0000000a   Code   RO         4312    .ARM.Collect$$libinit$$00000016  c_w.l(libinit2.o)
    0x08000280   0x08000280   0x00000000   Code   RO         4313    .ARM.Collect$$libinit$$00000017  c_w.l(libinit2.o)
    0x08000280   0x08000280   0x00000000   Code   RO         4315    .ARM.Collect$$libinit$$00000019  c_w.l(libinit2.o)
    0x08000280   0x08000280   0x00000000   Code   RO         4317    .ARM.Collect$$libinit$$0000001B  c_w.l(libinit2.o)
    0x08000280   0x08000280   0x00000000   Code   RO         4319    .ARM.Collect$$libinit$$0000001D  c_w.l(libinit2.o)
    0x08000280   0x08000280   0x00000000   Code   RO         4321    .ARM.Collect$$libinit$$0000001F  c_w.l(libinit2.o)
    0x08000280   0x08000280   0x00000000   Code   RO         4323    .ARM.Collect$$libinit$$00000021  c_w.l(libinit2.o)
    0x08000280   0x08000280   0x00000000   Code   RO         4325    .ARM.Collect$$libinit$$00000023  c_w.l(libinit2.o)
    0x08000280   0x08000280   0x00000000   Code   RO         4327    .ARM.Collect$$libinit$$00000025  c_w.l(libinit2.o)
    0x08000280   0x08000280   0x00000000   Code   RO         4331    .ARM.Collect$$libinit$$0000002C  c_w.l(libinit2.o)
    0x08000280   0x08000280   0x00000000   Code   RO         4333    .ARM.Collect$$libinit$$0000002E  c_w.l(libinit2.o)
    0x08000280   0x08000280   0x00000000   Code   RO         4335    .ARM.Collect$$libinit$$00000030  c_w.l(libinit2.o)
    0x08000280   0x08000280   0x00000000   Code   RO         4337    .ARM.Collect$$libinit$$00000032  c_w.l(libinit2.o)
    0x08000280   0x08000280   0x00000002   Code   RO         4338    .ARM.Collect$$libinit$$00000033  c_w.l(libinit2.o)
    0x08000282   0x08000282   0x00000002   Code   RO         4520    .ARM.Collect$$libshutdown$$00000000  c_w.l(libshutdown.o)
    0x08000284   0x08000284   0x00000000   Code   RO         4478    .ARM.Collect$$libshutdown$$00000002  c_w.l(libshutdown2.o)
    0x08000284   0x08000284   0x00000000   Code   RO         4480    .ARM.Collect$$libshutdown$$00000004  c_w.l(libshutdown2.o)
    0x08000284   0x08000284   0x00000000   Code   RO         4483    .ARM.Collect$$libshutdown$$00000007  c_w.l(libshutdown2.o)
    0x08000284   0x08000284   0x00000000   Code   RO         4486    .ARM.Collect$$libshutdown$$0000000A  c_w.l(libshutdown2.o)
    0x08000284   0x08000284   0x00000000   Code   RO         4488    .ARM.Collect$$libshutdown$$0000000C  c_w.l(libshutdown2.o)
    0x08000284   0x08000284   0x00000000   Code   RO         4491    .ARM.Collect$$libshutdown$$0000000F  c_w.l(libshutdown2.o)
    0x08000284   0x08000284   0x00000002   Code   RO         4492    .ARM.Collect$$libshutdown$$00000010  c_w.l(libshutdown2.o)
    0x08000286   0x08000286   0x00000000   Code   RO         4243    .ARM.Collect$$rtentry$$00000000  c_w.l(__rtentry.o)
    0x08000286   0x08000286   0x00000000   Code   RO         4352    .ARM.Collect$$rtentry$$00000002  c_w.l(__rtentry2.o)
    0x08000286   0x08000286   0x00000006   Code   RO         4364    .ARM.Collect$$rtentry$$00000004  c_w.l(__rtentry4.o)
    0x0800028c   0x0800028c   0x00000000   Code   RO         4354    .ARM.Collect$$rtentry$$00000009  c_w.l(__rtentry2.o)
    0x0800028c   0x0800028c   0x00000004   Code   RO         4355    .ARM.Collect$$rtentry$$0000000A  c_w.l(__rtentry2.o)
    0x08000290   0x08000290   0x00000000   Code   RO         4357    .ARM.Collect$$rtentry$$0000000C  c_w.l(__rtentry2.o)
    0x08000290   0x08000290   0x00000008   Code   RO         4358    .ARM.Collect$$rtentry$$0000000D  c_w.l(__rtentry2.o)
    0x08000298   0x08000298   0x00000002   Code   RO         4465    .ARM.Collect$$rtexit$$00000000  c_w.l(rtexit.o)
    0x0800029a   0x0800029a   0x00000000   Code   RO         4496    .ARM.Collect$$rtexit$$00000002  c_w.l(rtexit2.o)
    0x0800029a   0x0800029a   0x00000004   Code   RO         4497    .ARM.Collect$$rtexit$$00000003  c_w.l(rtexit2.o)
    0x0800029e   0x0800029e   0x00000006   Code   RO         4498    .ARM.Collect$$rtexit$$00000004  c_w.l(rtexit2.o)
    0x080002a4   0x080002a4   0x00000000   Code   RO         4375    .emb_text           c_w.l(maybetermalloc1.o)
    0x080002a4   0x080002a4   0x00000040   Code   RO            4    .text               startup_stm32g431xx.o
    0x080002e4   0x080002e4   0x0000005e   Code   RO         4111    .text               c_w.l(h1_alloc.o)
    0x08000342   0x08000342   0x000000ee   Code   RO         4165    .text               c_w.l(lludivv7m.o)
    0x08000430   0x08000430   0x00000028   Code   RO         4169    .text               c_w.l(noretval__2sprintf.o)
    0x08000458   0x08000458   0x0000004e   Code   RO         4173    .text               c_w.l(_printf_pad.o)
    0x080004a6   0x080004a6   0x00000052   Code   RO         4175    .text               c_w.l(_printf_str.o)
    0x080004f8   0x080004f8   0x00000078   Code   RO         4177    .text               c_w.l(_printf_dec.o)
    0x08000570   0x08000570   0x0000010e   Code   RO         4187    .text               c_w.l(__printf_wp.o)
    0x0800067e   0x0800067e   0x0000003e   Code   RO         4203    .text               c_w.l(strlen.o)
    0x080006bc   0x080006bc   0x00000044   Code   RO         4205    .text               c_w.l(rt_memclr.o)
    0x08000700   0x08000700   0x0000004e   Code   RO         4207    .text               c_w.l(rt_memclr_w.o)
    0x0800074e   0x0800074e   0x00000002   PAD
    0x08000750   0x08000750   0x00000080   Code   RO         4209    .text               c_w.l(strcmpv7m.o)
    0x080007d0   0x080007d0   0x00000006   Code   RO         4211    .text               c_w.l(heapauxi.o)
    0x080007d6   0x080007d6   0x00000002   PAD
    0x080007d8   0x080007d8   0x00000008   Code   RO         4251    .text               c_w.l(rt_heap_descriptor_intlibspace.o)
    0x080007e0   0x080007e0   0x00000004   Code   RO         4253    .text               c_w.l(hguard.o)
    0x080007e4   0x080007e4   0x0000008a   Code   RO         4255    .text               c_w.l(init_alloc.o)
    0x0800086e   0x0800086e   0x0000000e   Code   RO         4261    .text               c_w.l(h1_init.o)
    0x0800087c   0x0800087c   0x0000004e   Code   RO         4263    .text               c_w.l(h1_free.o)
    0x080008ca   0x080008ca   0x000000b2   Code   RO         4279    .text               c_w.l(_printf_intcommon.o)
    0x0800097c   0x0800097c   0x0000041e   Code   RO         4281    .text               c_w.l(_printf_fp_dec.o)
    0x08000d9a   0x08000d9a   0x00000002   PAD
    0x08000d9c   0x08000d9c   0x00000030   Code   RO         4283    .text               c_w.l(_printf_char_common.o)
    0x08000dcc   0x08000dcc   0x0000000a   Code   RO         4285    .text               c_w.l(_sputc.o)
    0x08000dd6   0x08000dd6   0x0000002c   Code   RO         4287    .text               c_w.l(_printf_char.o)
    0x08000e02   0x08000e02   0x00000002   PAD
    0x08000e04   0x08000e04   0x00000008   Code   RO         4348    .text               c_w.l(libspace.o)
    0x08000e0c   0x08000e0c   0x00000008   Code   RO         4371    .text               c_w.l(rt_locale_intlibspace.o)
    0x08000e14   0x08000e14   0x00000034   Code   RO         4377    .text               c_w.l(h1_extend.o)
    0x08000e48   0x08000e48   0x0000008a   Code   RO         4381    .text               c_w.l(lludiv10.o)
    0x08000ed2   0x08000ed2   0x00000002   PAD
    0x08000ed4   0x08000ed4   0x00000080   Code   RO         4383    .text               c_w.l(_printf_fp_infnan.o)
    0x08000f54   0x08000f54   0x000000e4   Code   RO         4387    .text               c_w.l(bigflt0.o)
    0x08001038   0x08001038   0x0000000e   Code   RO         4415    .text               c_w.l(defsig_rtmem_outer.o)
    0x08001046   0x08001046   0x00000002   Code   RO         4432    .text               c_w.l(use_no_semi.o)
    0x08001048   0x08001048   0x00000000   Code   RO         4434    .text               c_w.l(indicate_semi.o)
    0x08001048   0x08001048   0x0000004a   Code   RO         4435    .text               c_w.l(sys_stackheap_outer.o)
    0x08001092   0x08001092   0x00000012   Code   RO         4441    .text               c_w.l(exit.o)
    0x080010a4   0x080010a4   0x0000000a   Code   RO         4443    .text               c_w.l(defsig_exit.o)
    0x080010ae   0x080010ae   0x00000002   PAD
    0x080010b0   0x080010b0   0x00000050   Code   RO         4449    .text               c_w.l(defsig_rtmem_inner.o)
    0x08001100   0x08001100   0x0000000c   Code   RO         4463    .text               c_w.l(sys_exit.o)
    0x0800110c   0x0800110c   0x00000032   Code   RO         4473    .text               c_w.l(defsig_general.o)
    0x0800113e   0x0800113e   0x0000000e   Code   RO         4493    .text               c_w.l(sys_wrch.o)
    0x0800114c   0x0800114c   0x0000003e   Code   RO         4390    CL$$btod_d2e        c_w.l(btod.o)
    0x0800118a   0x0800118a   0x00000046   Code   RO         4392    CL$$btod_d2e_denorm_low  c_w.l(btod.o)
    0x080011d0   0x080011d0   0x00000060   Code   RO         4391    CL$$btod_d2e_norm_op1  c_w.l(btod.o)
    0x08001230   0x08001230   0x00000338   Code   RO         4400    CL$$btod_div_common  c_w.l(btod.o)
    0x08001568   0x08001568   0x000000dc   Code   RO         4397    CL$$btod_e2e        c_w.l(btod.o)
    0x08001644   0x08001644   0x0000002a   Code   RO         4394    CL$$btod_ediv       c_w.l(btod.o)
    0x0800166e   0x0800166e   0x0000002a   Code   RO         4393    CL$$btod_emul       c_w.l(btod.o)
    0x08001698   0x08001698   0x00000244   Code   RO         4399    CL$$btod_mult_common  c_w.l(btod.o)
    0x080018dc   0x080018dc   0x00000002   Code   RO          324    i.BusFault_Handler  stm32g4xx_it.o
    0x080018de   0x080018de   0x00000002   Code   RO          325    i.DebugMon_Handler  stm32g4xx_it.o
    0x080018e0   0x080018e0   0x0000001c   Code   RO         3687    i.Delay_LCD         lcd.o
    0x080018fc   0x080018fc   0x00000004   Code   RO           13    i.Error_Handler     main.o
    0x08001900   0x08001900   0x0000006a   Code   RO         2663    i.HAL_DMA_Abort     stm32g4xx_hal_dma.o
    0x0800196a   0x0800196a   0x00000078   Code   RO         2664    i.HAL_DMA_Abort_IT  stm32g4xx_hal_dma.o
    0x080019e2   0x080019e2   0x00000002   PAD
    0x080019e4   0x080019e4   0x00000024   Code   RO         1834    i.HAL_Delay         stm32g4xx_hal.o
    0x08001a08   0x08001a08   0x00000248   Code   RO         2525    i.HAL_GPIO_Init     stm32g4xx_hal_gpio.o
    0x08001c50   0x08001c50   0x0000000a   Code   RO         2527    i.HAL_GPIO_ReadPin  stm32g4xx_hal_gpio.o
    0x08001c5a   0x08001c5a   0x0000000a   Code   RO         2529    i.HAL_GPIO_WritePin  stm32g4xx_hal_gpio.o
    0x08001c64   0x08001c64   0x0000000c   Code   RO         1838    i.HAL_GetTick       stm32g4xx_hal.o
    0x08001c70   0x08001c70   0x00000010   Code   RO         1841    i.HAL_IncTick       stm32g4xx_hal.o
    0x08001c80   0x08001c80   0x0000001e   Code   RO         1842    i.HAL_Init          stm32g4xx_hal.o
    0x08001c9e   0x08001c9e   0x00000002   PAD
    0x08001ca0   0x08001ca0   0x00000044   Code   RO         1843    i.HAL_InitTick      stm32g4xx_hal.o
    0x08001ce4   0x08001ce4   0x00000030   Code   RO          418    i.HAL_MspInit       stm32g4xx_hal_msp.o
    0x08001d14   0x08001d14   0x0000001a   Code   RO         2932    i.HAL_NVIC_EnableIRQ  stm32g4xx_hal_cortex.o
    0x08001d2e   0x08001d2e   0x00000002   PAD
    0x08001d30   0x08001d30   0x00000040   Code   RO         2938    i.HAL_NVIC_SetPriority  stm32g4xx_hal_cortex.o
    0x08001d70   0x08001d70   0x00000024   Code   RO         2939    i.HAL_NVIC_SetPriorityGrouping  stm32g4xx_hal_cortex.o
    0x08001d94   0x08001d94   0x000000bc   Code   RO         1588    i.HAL_PWREx_ControlVoltageScaling  stm32g4xx_hal_pwr_ex.o
    0x08001e50   0x08001e50   0x00000010   Code   RO         1600    i.HAL_PWREx_DisableUCPDDeadBattery  stm32g4xx_hal_pwr_ex.o
    0x08001e60   0x08001e60   0x00000288   Code   RO         2187    i.HAL_RCCEx_PeriphCLKConfig  stm32g4xx_hal_rcc_ex.o
    0x080020e8   0x080020e8   0x000001dc   Code   RO         2062    i.HAL_RCC_ClockConfig  stm32g4xx_hal_rcc.o
    0x080022c4   0x080022c4   0x00000024   Code   RO         2070    i.HAL_RCC_GetPCLK1Freq  stm32g4xx_hal_rcc.o
    0x080022e8   0x080022e8   0x00000024   Code   RO         2071    i.HAL_RCC_GetPCLK2Freq  stm32g4xx_hal_rcc.o
    0x0800230c   0x0800230c   0x00000070   Code   RO         2072    i.HAL_RCC_GetSysClockFreq  stm32g4xx_hal_rcc.o
    0x0800237c   0x0800237c   0x0000040c   Code   RO         2075    i.HAL_RCC_OscConfig  stm32g4xx_hal_rcc.o
    0x08002788   0x08002788   0x00000028   Code   RO         2943    i.HAL_SYSTICK_Config  stm32g4xx_hal_cortex.o
    0x080027b0   0x080027b0   0x00000002   Code   RO         1158    i.HAL_TIMEx_Break2Callback  stm32g4xx_hal_tim_ex.o
    0x080027b2   0x080027b2   0x00000002   Code   RO         1159    i.HAL_TIMEx_BreakCallback  stm32g4xx_hal_tim_ex.o
    0x080027b4   0x080027b4   0x00000002   Code   RO         1160    i.HAL_TIMEx_CommutCallback  stm32g4xx_hal_tim_ex.o
    0x080027b6   0x080027b6   0x00000002   PAD
    0x080027b8   0x080027b8   0x000000ac   Code   RO         1163    i.HAL_TIMEx_ConfigBreakDeadTime  stm32g4xx_hal_tim_ex.o
    0x08002864   0x08002864   0x00000002   Code   RO         1171    i.HAL_TIMEx_DirectionChangeCallback  stm32g4xx_hal_tim_ex.o
    0x08002866   0x08002866   0x00000002   Code   RO         1185    i.HAL_TIMEx_EncoderIndexCallback  stm32g4xx_hal_tim_ex.o
    0x08002868   0x08002868   0x00000002   Code   RO         1199    i.HAL_TIMEx_IndexErrorCallback  stm32g4xx_hal_tim_ex.o
    0x0800286a   0x0800286a   0x00000002   Code   RO         1221    i.HAL_TIMEx_TransitionErrorCallback  stm32g4xx_hal_tim_ex.o
    0x0800286c   0x0800286c   0x00000062   Code   RO          444    i.HAL_TIM_Base_Init  stm32g4xx_hal_tim.o
    0x080028ce   0x080028ce   0x00000002   PAD
    0x080028d0   0x080028d0   0x00000054   Code   RO          221    i.HAL_TIM_Base_MspInit  tim.o
    0x08002924   0x08002924   0x00000002   Code   RO          478    i.HAL_TIM_IC_CaptureCallback  stm32g4xx_hal_tim.o
    0x08002926   0x08002926   0x000001fc   Code   RO          492    i.HAL_TIM_IRQHandler  stm32g4xx_hal_tim.o
    0x08002b22   0x08002b22   0x00000002   PAD
    0x08002b24   0x08002b24   0x00000050   Code   RO          224    i.HAL_TIM_MspPostInit  tim.o
    0x08002b74   0x08002b74   0x00000002   Code   RO          495    i.HAL_TIM_OC_DelayElapsedCallback  stm32g4xx_hal_tim.o
    0x08002b76   0x08002b76   0x00000124   Code   RO          516    i.HAL_TIM_PWM_ConfigChannel  stm32g4xx_hal_tim.o
    0x08002c9a   0x08002c9a   0x00000062   Code   RO          519    i.HAL_TIM_PWM_Init  stm32g4xx_hal_tim.o
    0x08002cfc   0x08002cfc   0x00000002   Code   RO          521    i.HAL_TIM_PWM_MspInit  stm32g4xx_hal_tim.o
    0x08002cfe   0x08002cfe   0x00000002   Code   RO          522    i.HAL_TIM_PWM_PulseFinishedCallback  stm32g4xx_hal_tim.o
    0x08002d00   0x08002d00   0x000000fc   Code   RO          524    i.HAL_TIM_PWM_Start  stm32g4xx_hal_tim.o
    0x08002dfc   0x08002dfc   0x00000002   Code   RO          530    i.HAL_TIM_PeriodElapsedCallback  stm32g4xx_hal_tim.o
    0x08002dfe   0x08002dfe   0x00000002   Code   RO          535    i.HAL_TIM_TriggerCallback  stm32g4xx_hal_tim.o
    0x08002e00   0x08002e00   0x0000003e   Code   RO         3482    i.HAL_UARTEx_DisableFifoMode  stm32g4xx_hal_uart_ex.o
    0x08002e3e   0x08002e3e   0x00000002   Code   RO         3071    i.HAL_UARTEx_RxEventCallback  stm32g4xx_hal_uart.o
    0x08002e40   0x08002e40   0x00000002   Code   RO         3489    i.HAL_UARTEx_RxFifoFullCallback  stm32g4xx_hal_uart_ex.o
    0x08002e42   0x08002e42   0x0000004c   Code   RO         3490    i.HAL_UARTEx_SetRxFifoThreshold  stm32g4xx_hal_uart_ex.o
    0x08002e8e   0x08002e8e   0x0000004c   Code   RO         3491    i.HAL_UARTEx_SetTxFifoThreshold  stm32g4xx_hal_uart_ex.o
    0x08002eda   0x08002eda   0x00000002   Code   RO         3493    i.HAL_UARTEx_TxFifoEmptyCallback  stm32g4xx_hal_uart_ex.o
    0x08002edc   0x08002edc   0x00000002   Code   RO         3494    i.HAL_UARTEx_WakeupCallback  stm32g4xx_hal_uart_ex.o
    0x08002ede   0x08002ede   0x00000002   Code   RO         3087    i.HAL_UART_ErrorCallback  stm32g4xx_hal_uart.o
    0x08002ee0   0x08002ee0   0x000002e0   Code   RO         3090    i.HAL_UART_IRQHandler  stm32g4xx_hal_uart.o
    0x080031c0   0x080031c0   0x0000006a   Code   RO         3091    i.HAL_UART_Init     stm32g4xx_hal_uart.o
    0x0800322a   0x0800322a   0x00000002   PAD
    0x0800322c   0x0800322c   0x0000008c   Code   RO          283    i.HAL_UART_MspInit  usart.o
    0x080032b8   0x080032b8   0x00000054   Code   RO         3096    i.HAL_UART_Receive_IT  stm32g4xx_hal_uart.o
    0x0800330c   0x0800330c   0x0000002c   Code   RO         4082    i.HAL_UART_RxCpltCallback  input.o
    0x08003338   0x08003338   0x000000bc   Code   RO         3100    i.HAL_UART_Transmit  stm32g4xx_hal_uart.o
    0x080033f4   0x080033f4   0x00000002   Code   RO         3103    i.HAL_UART_TxCpltCallback  stm32g4xx_hal_uart.o
    0x080033f6   0x080033f6   0x00000002   Code   RO          326    i.HardFault_Handler  stm32g4xx_it.o
    0x080033f8   0x080033f8   0x0000002c   Code   RO         3688    i.LCD_BusIn         lcd.o
    0x08003424   0x08003424   0x00000030   Code   RO         3689    i.LCD_BusOut        lcd.o
    0x08003454   0x08003454   0x00000024   Code   RO         3690    i.LCD_Clear         lcd.o
    0x08003478   0x08003478   0x00000020   Code   RO         3691    i.LCD_ClearLine     lcd.o
    0x08003498   0x08003498   0x00000090   Code   RO         3692    i.LCD_CtrlLinesConfig  lcd.o
    0x08003528   0x08003528   0x00000018   Code   RO         3693    i.LCD_DisplayChar   lcd.o
    0x08003540   0x08003540   0x0000002a   Code   RO         3696    i.LCD_DisplayStringLine  lcd.o
    0x0800356a   0x0800356a   0x00000002   PAD
    0x0800356c   0x0800356c   0x00000058   Code   RO         3697    i.LCD_DrawChar      lcd.o
    0x080035c4   0x080035c4   0x00000034   Code   RO         3703    i.LCD_Init          lcd.o
    0x080035f8   0x080035f8   0x00000080   Code   RO         3706    i.LCD_ReadReg       lcd.o
    0x08003678   0x08003678   0x00000018   Code   RO         3708    i.LCD_SetCursor     lcd.o
    0x08003690   0x08003690   0x00000058   Code   RO         3713    i.LCD_WriteRAM      lcd.o
    0x080036e8   0x080036e8   0x0000005c   Code   RO         3714    i.LCD_WriteRAM_Prepare  lcd.o
    0x08003744   0x08003744   0x0000006c   Code   RO         3715    i.LCD_WriteReg      lcd.o
    0x080037b0   0x080037b0   0x000000d4   Code   RO          196    i.MX_GPIO_Init      gpio.o
    0x08003884   0x08003884   0x00000098   Code   RO          225    i.MX_TIM17_Init     tim.o
    0x0800391c   0x0800391c   0x00000068   Code   RO          284    i.MX_USART1_UART_Init  usart.o
    0x08003984   0x08003984   0x00000002   Code   RO          327    i.MemManage_Handler  stm32g4xx_it.o
    0x08003986   0x08003986   0x00000002   Code   RO          328    i.NMI_Handler       stm32g4xx_it.o
    0x08003988   0x08003988   0x00000002   Code   RO          329    i.PendSV_Handler    stm32g4xx_it.o
    0x0800398a   0x0800398a   0x00000112   Code   RO         3716    i.REG_8230_Init     lcd.o
    0x08003a9c   0x08003a9c   0x00000202   Code   RO         3717    i.REG_932X_Init     lcd.o
    0x08003c9e   0x08003c9e   0x00000002   Code   RO          330    i.SVC_Handler       stm32g4xx_it.o
    0x08003ca0   0x08003ca0   0x00000004   Code   RO          331    i.SysTick_Handler   stm32g4xx_it.o
    0x08003ca4   0x08003ca4   0x00000066   Code   RO           14    i.SystemClock_Config  main.o
    0x08003d0a   0x08003d0a   0x00000002   PAD
    0x08003d0c   0x08003d0c   0x00000010   Code   RO         3595    i.SystemInit        system_stm32g4xx.o
    0x08003d1c   0x08003d1c   0x0000000c   Code   RO          332    i.TIM3_IRQHandler   stm32g4xx_it.o
    0x08003d28   0x08003d28   0x0000000c   Code   RO          333    i.TIM7_IRQHandler   stm32g4xx_it.o
    0x08003d34   0x08003d34   0x000000b0   Code   RO          537    i.TIM_Base_SetConfig  stm32g4xx_hal_tim.o
    0x08003de4   0x08003de4   0x0000001a   Code   RO          538    i.TIM_CCxChannelCmd  stm32g4xx_hal_tim.o
    0x08003dfe   0x08003dfe   0x00000002   PAD
    0x08003e00   0x08003e00   0x0000009c   Code   RO          550    i.TIM_OC1_SetConfig  stm32g4xx_hal_tim.o
    0x08003e9c   0x08003e9c   0x00000090   Code   RO          551    i.TIM_OC2_SetConfig  stm32g4xx_hal_tim.o
    0x08003f2c   0x08003f2c   0x00000090   Code   RO          552    i.TIM_OC3_SetConfig  stm32g4xx_hal_tim.o
    0x08003fbc   0x08003fbc   0x00000090   Code   RO          553    i.TIM_OC4_SetConfig  stm32g4xx_hal_tim.o
    0x0800404c   0x0800404c   0x00000070   Code   RO          554    i.TIM_OC5_SetConfig  stm32g4xx_hal_tim.o
    0x080040bc   0x080040bc   0x00000070   Code   RO          555    i.TIM_OC6_SetConfig  stm32g4xx_hal_tim.o
    0x0800412c   0x0800412c   0x00000044   Code   RO         3495    i.UARTEx_SetNbDataToProcess  stm32g4xx_hal_uart_ex.o
    0x08004170   0x08004170   0x000000c8   Code   RO         3105    i.UART_AdvFeatureConfig  stm32g4xx_hal_uart.o
    0x08004238   0x08004238   0x00000060   Code   RO         3106    i.UART_CheckIdleState  stm32g4xx_hal_uart.o
    0x08004298   0x08004298   0x00000014   Code   RO         3107    i.UART_DMAAbortOnError  stm32g4xx_hal_uart.o
    0x080042ac   0x080042ac   0x00000054   Code   RO         3117    i.UART_EndRxTransfer  stm32g4xx_hal_uart.o
    0x08004300   0x08004300   0x000000a2   Code   RO         3119    i.UART_RxISR_16BIT  stm32g4xx_hal_uart.o
    0x080043a2   0x080043a2   0x00000002   PAD
    0x080043a4   0x080043a4   0x00000174   Code   RO         3120    i.UART_RxISR_16BIT_FIFOEN  stm32g4xx_hal_uart.o
    0x08004518   0x08004518   0x000000a2   Code   RO         3121    i.UART_RxISR_8BIT   stm32g4xx_hal_uart.o
    0x080045ba   0x080045ba   0x00000002   PAD
    0x080045bc   0x080045bc   0x00000174   Code   RO         3122    i.UART_RxISR_8BIT_FIFOEN  stm32g4xx_hal_uart.o
    0x08004730   0x08004730   0x00000274   Code   RO         3123    i.UART_SetConfig    stm32g4xx_hal_uart.o
    0x080049a4   0x080049a4   0x00000118   Code   RO         3125    i.UART_Start_Receive_IT  stm32g4xx_hal_uart.o
    0x08004abc   0x08004abc   0x000000c6   Code   RO         3130    i.UART_WaitOnFlagUntilTimeout  stm32g4xx_hal_uart.o
    0x08004b82   0x08004b82   0x00000002   PAD
    0x08004b84   0x08004b84   0x0000000c   Code   RO          334    i.USART1_IRQHandler  stm32g4xx_it.o
    0x08004b90   0x08004b90   0x00000002   Code   RO          335    i.UsageFault_Handler  stm32g4xx_it.o
    0x08004b92   0x08004b92   0x00000002   PAD
    0x08004b94   0x08004b94   0x00000034   Code   RO         4004    i._LEDDisplay       config.o
    0x08004bc8   0x08004bc8   0x00000030   Code   RO         4430    i.__ARM_fpclassify  m_wm.l(fpclassify.o)
    0x08004bf8   0x08004bf8   0x00000020   Code   RO         2945    i.__NVIC_SetPriority  stm32g4xx_hal_cortex.o
    0x08004c18   0x08004c18   0x00000118   Code   RO         4235    i.__hardfp_ceil     m_wm.l(ceil.o)
    0x08004d30   0x08004d30   0x0000008c   Code   RO         4005    i._dataMessageDisplay  config.o
    0x08004dbc   0x08004dbc   0x0000000e   Code   RO         4189    i._is_digit         c_w.l(__printf_wp.o)
    0x08004dca   0x08004dca   0x00000002   PAD
    0x08004dcc   0x08004dcc   0x000000b4   Code   RO         4006    i._keyPro           config.o
    0x08004e80   0x08004e80   0x00000078   Code   RO         4007    i._paraMessageDisplay  config.o
    0x08004ef8   0x08004ef8   0x00000240   Code   RO         4009    i._usartMsgProcess  config.o
    0x08005138   0x08005138   0x00000034   Code   RO         3935    i.addListNode       list.o
    0x0800516c   0x0800516c   0x00000038   Code   RO         3896    i.changeAllLedByStateNumber  led.o
    0x080051a4   0x080051a4   0x00000038   Code   RO         3897    i.changeLedStateByLocation  led.o
    0x080051dc   0x080051dc   0x000000a8   Code   RO         3968    i.checkData         datahandle.o
    0x08005284   0x08005284   0x00000058   Code   RO         3936    i.deleteListNode    list.o
    0x080052dc   0x080052dc   0x00000020   Code   RO         3969    i.getIntRxBuffDataByLocation  datahandle.o
    0x080052fc   0x080052fc   0x00000018   Code   RO         3970    i.getStringRxBuffDataByLocation  datahandle.o
    0x08005314   0x08005314   0x00000030   Code   RO         3718    i.lcdInit           lcd.o
    0x08005344   0x08005344   0x0000001e   Code   RO           15    i.main              main.o
    0x08005362   0x08005362   0x00000002   PAD
    0x08005364   0x08005364   0x00000060   Code   RO         3971    i.myMktime          datahandle.o
    0x080053c4   0x080053c4   0x000000c0   Code   RO         3634    i.scanKey           key.o
    0x08005484   0x08005484   0x00000020   Code   RO         3938    i.searchListNode    list.o
    0x080054a4   0x080054a4   0x0000004c   Code   RO         4010    i.sysInit           config.o
    0x080054f0   0x080054f0   0x00000028   Code   RO         4011    i.sysWork           config.o
    0x08005518   0x08005518   0x0000002c   Code   RO         4413    locale$$code        c_w.l(lc_numeric_c.o)
    0x08005544   0x08005544   0x00000150   Code   RO         4215    x$fpl$dadd          fz_wm.l(daddsub_clz.o)
    0x08005694   0x08005694   0x00000018   Code   RO         4461    x$fpl$dcmpinf       fz_wm.l(dcmpi.o)
    0x080056ac   0x080056ac   0x000002b0   Code   RO         4222    x$fpl$ddiv          fz_wm.l(ddiv.o)
    0x0800595c   0x0800595c   0x00000026   Code   RO         4225    x$fpl$dfltu         fz_wm.l(dflt_clz.o)
    0x08005982   0x08005982   0x00000002   PAD
    0x08005984   0x08005984   0x00000078   Code   RO         4424    x$fpl$dleqf         fz_wm.l(dleqf.o)
    0x080059fc   0x080059fc   0x00000154   Code   RO         4231    x$fpl$dmul          fz_wm.l(dmul.o)
    0x08005b50   0x08005b50   0x0000009c   Code   RO         4339    x$fpl$dnaninf       fz_wm.l(dnaninf.o)
    0x08005bec   0x08005bec   0x0000000c   Code   RO         4341    x$fpl$dretinf       fz_wm.l(dretinf.o)
    0x08005bf8   0x08005bf8   0x0000006c   Code   RO         4343    x$fpl$drleqf        fz_wm.l(drleqf.o)
    0x08005c64   0x08005c64   0x00000016   Code   RO         4216    x$fpl$drsb          fz_wm.l(daddsub_clz.o)
    0x08005c7a   0x08005c7a   0x00000002   PAD
    0x08005c7c   0x08005c7c   0x000001d4   Code   RO         4217    x$fpl$dsub          fz_wm.l(daddsub_clz.o)
    0x08005e50   0x08005e50   0x0000000a   Code   RO         4426    x$fpl$fpinit        fz_wm.l(fpinit.o)
    0x08005e5a   0x08005e5a   0x00000004   Code   RO         4233    x$fpl$printf1       fz_wm.l(printf1.o)
    0x08005e5e   0x08005e5e   0x00000000   Code   RO         4345    x$fpl$usenofp       fz_wm.l(usenofp.o)
    0x08005e5e   0x08005e5e   0x00000018   Data   RO         3131    .constdata          stm32g4xx_hal_uart.o
    0x08005e76   0x08005e76   0x00000010   Data   RO         3496    .constdata          stm32g4xx_hal_uart_ex.o
    0x08005e86   0x08005e86   0x00000010   Data   RO         3596    .constdata          system_stm32g4xx.o
    0x08005e96   0x08005e96   0x00000008   Data   RO         3597    .constdata          system_stm32g4xx.o
    0x08005e9e   0x08005e9e   0x000011d0   Data   RO         3719    .constdata          lcd.o
    0x0800706e   0x0800706e   0x00000002   PAD
    0x08007070   0x08007070   0x00000094   Data   RO         4388    .constdata          c_w.l(bigflt0.o)
    0x08007104   0x08007104   0x00000020   Data   RO         4521    Region$$Table       anon$$obj.o
    0x08007124   0x08007124   0x0000001c   Data   RO         4412    locale$$data        c_w.l(lc_numeric_c.o)


    Execution Region RW_IRAM1 (Exec base: 0x20000000, Load base: 0x08007140, Size: 0x00000860, Max: 0x00008000, ABSOLUTE)

    Exec Addr    Load Addr    Size         Type   Attr      Idx    E Section Name        Object

    0x20000000   0x08007140   0x0000000c   Data   RW         1862    .data               stm32g4xx_hal.o
    0x2000000c   0x0800714c   0x00000004   Data   RW         3598    .data               system_stm32g4xx.o
    0x20000010   0x08007150   0x00000001   Data   RW         3638    .data               key.o
    0x20000011   0x08007151   0x00000001   PAD
    0x20000012   0x08007152   0x00000006   Data   RW         3720    .data               lcd.o
    0x20000018   0x08007158   0x00000030   Data   RW         3972    .data               datahandle.o
    0x20000048   0x08007188   0x00000028   Data   RW         4013    .data               config.o
    0x20000070        -       0x0000004c   Zero   RW          226    .bss                tim.o
    0x200000bc        -       0x0000004c   Zero   RW          227    .bss                tim.o
    0x20000108        -       0x0000004c   Zero   RW          228    .bss                tim.o
    0x20000154        -       0x00000090   Zero   RW          285    .bss                usart.o
    0x200001e4        -       0x00000016   Zero   RW         4012    .bss                config.o
    0x200001fa   0x080071b0   0x00000002   PAD
    0x200001fc        -       0x00000060   Zero   RW         4349    .bss                c_w.l(libspace.o)
    0x2000025c   0x080071b0   0x00000004   PAD
    0x20000260        -       0x00000200   Zero   RW            2    HEAP                startup_stm32g431xx.o
    0x20000460        -       0x00000400   Zero   RW            1    STACK               startup_stm32g431xx.o


==============================================================================

Image component sizes


      Code (inc. data)   RO Data    RW Data    ZI Data      Debug   Object Name

      1184        204          0         40         22       5848   config.o
       320         26          0         48          0       4041   datahandle.o
       212         18          0          0          0       1111   gpio.o
        44         12          0          0          0        898   input.o
       192          8          0          1          0        786   key.o
      1814        100       4560          6          0      12802   lcd.o
       112         18          0          0          0       1311   led.o
       172          0          0          0          0       2516   list.o
       136          0          0          0          0     646417   main.o
        64         26        472          0       1536        900   startup_stm32g431xx.o
       162         24          0         12          0       4725   stm32g4xx_hal.o
       198         14          0          0          0      34171   stm32g4xx_hal_cortex.o
       226          0          0          0          0       2107   stm32g4xx_hal_dma.o
       604         34          0          0          0       3227   stm32g4xx_hal_gpio.o
        48          6          0          0          0        950   stm32g4xx_hal_msp.o
       204         18          0          0          0       1521   stm32g4xx_hal_pwr_ex.o
      1696         92          0          0          0       6608   stm32g4xx_hal_rcc.o
       648         10          0          0          0       1988   stm32g4xx_hal_rcc_ex.o
      2274        212          0          0          0      16374   stm32g4xx_hal_tim.o
       186          8          0          0          0       5928   stm32g4xx_hal_tim_ex.o
      3694        124         24          0          0      37838   stm32g4xx_hal_uart.o
       288          6         16          0          0       5810   stm32g4xx_hal_uart_ex.o
        56         18          0          0          0       6134   stm32g4xx_it.o
        16          4         24          4          0       1275   system_stm32g4xx.o
       316         28          0          0        228       2742   tim.o
       244         18          0          0        144       1986   usart.o

    ----------------------------------------------------------------------
     15140       1028       5130        112       1932     810014   Object Totals
         0          0         32          0          0          0   (incl. Generated)
        30          0          2          1          2          0   (incl. Padding)

    ----------------------------------------------------------------------

      Code (inc. data)   RO Data    RW Data    ZI Data      Debug   Library Member Name

         8          0          0          0          0         68   __main.o
       284          0          0          0          0        156   __printf_wp.o
         0          0          0          0          0          0   __rtentry.o
        12          0          0          0          0          0   __rtentry2.o
         6          0          0          0          0          0   __rtentry4.o
        52          8          0          0          0          0   __scatter.o
        26          0          0          0          0          0   __scatter_copy.o
        28          0          0          0          0          0   __scatter_zi.o
        44          0          0          0          0        108   _printf_char.o
        48          6          0          0          0         96   _printf_char_common.o
         6          0          0          0          0          0   _printf_d.o
       120         16          0          0          0         92   _printf_dec.o
         6          0          0          0          0          0   _printf_f.o
      1054          0          0          0          0        216   _printf_fp_dec.o
       128         16          0          0          0         84   _printf_fp_infnan.o
       178          0          0          0          0         88   _printf_intcommon.o
        78          0          0          0          0        108   _printf_pad.o
         0          0          0          0          0          0   _printf_percent.o
         4          0          0          0          0          0   _printf_percent_end.o
         6          0          0          0          0          0   _printf_s.o
        82          0          0          0          0         80   _printf_str.o
        10          0          0          0          0         68   _sputc.o
       228          4        148          0          0         96   bigflt0.o
      1936        128          0          0          0        672   btod.o
        10          0          0          0          0         68   defsig_exit.o
        50          0          0          0          0         88   defsig_general.o
        80         58          0          0          0         76   defsig_rtmem_inner.o
        14          0          0          0          0         80   defsig_rtmem_outer.o
        18          0          0          0          0         80   exit.o
        94          0          0          0          0         80   h1_alloc.o
        52          0          0          0          0         68   h1_extend.o
        78          0          0          0          0         80   h1_free.o
        14          0          0          0          0         84   h1_init.o
         6          0          0          0          0        152   heapauxi.o
         4          0          0          0          0        136   hguard.o
         0          0          0          0          0          0   indicate_semi.o
       138          0          0          0          0        168   init_alloc.o
        44         10         28          0          0         76   lc_numeric_c.o
         2          0          0          0          0          0   libinit.o
        30          0          0          0          0          0   libinit2.o
         2          0          0          0          0          0   libshutdown.o
         2          0          0          0          0          0   libshutdown2.o
         8          4          0          0         96         68   libspace.o
       138          0          0          0          0         80   lludiv10.o
       238          0          0          0          0        100   lludivv7m.o
         0          0          0          0          0          0   maybetermalloc1.o
        40          6          0          0          0         84   noretval__2sprintf.o
         8          4          0          0          0         68   rt_heap_descriptor_intlibspace.o
         8          4          0          0          0         68   rt_locale_intlibspace.o
        68          0          0          0          0         68   rt_memclr.o
        78          0          0          0          0         80   rt_memclr_w.o
         2          0          0          0          0          0   rtexit.o
        10          0          0          0          0          0   rtexit2.o
       128          0          0          0          0         68   strcmpv7m.o
        62          0          0          0          0         76   strlen.o
        12          4          0          0          0         68   sys_exit.o
        74          0          0          0          0         80   sys_stackheap_outer.o
        14          0          0          0          0         76   sys_wrch.o
         2          0          0          0          0         68   use_no_semi.o
       826         16          0          0          0        492   daddsub_clz.o
        24          0          0          0          0        116   dcmpi.o
       688        140          0          0          0        256   ddiv.o
        38          0          0          0          0        116   dflt_clz.o
       120          4          0          0          0        140   dleqf.o
       340         12          0          0          0        152   dmul.o
       156          4          0          0          0        140   dnaninf.o
        12          0          0          0          0        116   dretinf.o
       108          0          0          0          0        128   drleqf.o
        10          0          0          0          0        116   fpinit.o
         4          0          0          0          0        116   printf1.o
         0          0          0          0          0          0   usenofp.o
       280         28          0          0          0        156   ceil.o
        48          0          0          0          0        124   fpclassify.o

    ----------------------------------------------------------------------
      8546        472        176          0        100       6388   Library Totals
        20          0          0          0          4          0   (incl. Padding)

    ----------------------------------------------------------------------

      Code (inc. data)   RO Data    RW Data    ZI Data      Debug   Library Name

      5872        268        176          0         96       4220   c_w.l
      2326        176          0          0          0       1888   fz_wm.l
       328         28          0          0          0        280   m_wm.l

    ----------------------------------------------------------------------
      8546        472        176          0        100       6388   Library Totals

    ----------------------------------------------------------------------

==============================================================================


      Code (inc. data)   RO Data    RW Data    ZI Data      Debug   

     23686       1500       5306        112       2032     799810   Grand Totals
     23686       1500       5306        112       2032     799810   ELF Image Totals
     23686       1500       5306        112          0          0   ROM Totals

==============================================================================

    Total RO  Size (Code + RO Data)                28992 (  28.31kB)
    Total RW  Size (RW Data + ZI Data)              2144 (   2.09kB)
    Total ROM Size (Code + RO Data + RW Data)      29104 (  28.42kB)

==============================================================================

