<html>
<body>
<pre>
<h1>µVision Build Log</h1>
<h2>Tool Versions:</h2>
IDE-Version: ¦ÌVision V5.26.2.0
Copyright (C) 2018 ARM Ltd and ARM Germany GmbH. All rights reserved.
License Information: 13123 lenovo, 1232, LIC=RC93N-YPUZT-45FT5-GNFLF-JYCSH-0VV8P
 
Tool Versions:
Toolchain:       MDK-ARM Plus  Version: 5.26.2.0
Toolchain Path:  D:\keil\ARM\ARMCC\Bin
C Compiler:      Armcc.exe V5.06 update 6 (build 750)
Assembler:       Armasm.exe V5.06 update 6 (build 750)
Linker/Locator:  ArmLink.exe V5.06 update 6 (build 750)
Library Manager: ArmAr.exe V5.06 update 6 (build 750)
Hex Converter:   FromElf.exe V5.06 update 6 (build 750)
CPU DLL:         SARMCM3.DLL V5.26.2.0
Dialog DLL:      DCM.DLL V1.17.2.0
Target DLL:      CMSIS_AGDI.dll V1.30.6.0
Dialog DLL:      TCM.DLL V1.36.1.0
 
<h2>Project:</h2>
D:\workPlace\keil5_text\LanQiaoBei-QianRuShi\sheng_sai\12jie_shengsai\parkingManagementSystem\MDK-ARM\parkingManagementSystem.uvprojx
Project File Date:  12/31/2022

<h2>Output:</h2>
*** Using Compiler 'V5.06 update 6 (build 750)', folder: 'D:\keil\ARM\ARMCC\Bin'
Rebuild target 'parkingManagementSystem'
assembling startup_stm32g431xx.s...
compiling gpio.c...
compiling tim.c...
compiling main.c...
compiling stm32g4xx_it.c...
compiling usart.c...
compiling stm32g4xx_hal_pwr_ex.c...
compiling stm32g4xx_hal_msp.c...
compiling stm32g4xx_hal_rcc.c...
compiling stm32g4xx_hal.c...
compiling stm32g4xx_hal_tim_ex.c...
compiling stm32g4xx_hal_tim.c...
compiling stm32g4xx_hal_rcc_ex.c...
compiling stm32g4xx_hal_flash.c...
compiling stm32g4xx_hal_flash_ramfunc.c...
compiling stm32g4xx_hal_gpio.c...
compiling stm32g4xx_hal_exti.c...
compiling list.c...
compiling dataHandle.c...
compiling stm32g4xx_hal_flash_ex.c...
compiling stm32g4xx_hal_dma.c...
compiling stm32g4xx_hal_dma_ex.c...
compiling stm32g4xx_hal_pwr.c...
compiling stm32g4xx_hal_uart_ex.c...
compiling stm32g4xx_hal_cortex.c...
compiling stm32g4xx_hal_uart.c...
compiling system_stm32g4xx.c...
compiling key.c...
compiling input.c...
compiling led.c...
compiling config.c...
compiling lcd.c...
linking...
Program Size: Code=23686 RO-data=5306 RW-data=112 ZI-data=2032  
FromELF: creating hex file...
"parkingManagementSystem\parkingManagementSystem.axf" - 0 Error(s), 0 Warning(s).

<h2>Software Packages used:</h2>

Package Vendor: ARM
                http://www.keil.com/pack/ARM.CMSIS.5.9.0.pack
                ARM.CMSIS.5.9.0
                CMSIS (Common Microcontroller Software Interface Standard)
   * Component: CORE Version: 5.6.0

Package Vendor: Keil
                http://www.keil.com/pack/Keil.STM32G4xx_DFP.1.2.0.pack
                Keil.STM32G4xx_DFP.1.2.0
                STMicroelectronics STM32G4 Series Device Support, Drivers and Examples

<h2>Collection of Component include folders:</h2>
  .\RTE\_parkingManagementSystem
  D:\keil\ARM\PACK\ARM\CMSIS\5.9.0\CMSIS\Core\Include
  D:\keil\ARM\PACK\Keil\STM32G4xx_DFP\1.2.0\Drivers\CMSIS\Device\ST\STM32G4xx\Include

<h2>Collection of Component Files used:</h2>

   * Component: ARM::CMSIS:CORE:5.6.0
Build Time Elapsed:  00:00:24
</pre>
</body>
</html>
