Component: ARM Compiler 5.06 update 6 (build 750) Tool: armlink [4d35ed]

==============================================================================

Section Cross References

    startup_stm32g431xx.o(STACK) refers (Special) to heapauxi.o(.text) for __use_two_region_memory
    startup_stm32g431xx.o(HEAP) refers (Special) to heapauxi.o(.text) for __use_two_region_memory
    startup_stm32g431xx.o(RESET) refers (Special) to heapauxi.o(.text) for __use_two_region_memory
    startup_stm32g431xx.o(RESET) refers to startup_stm32g431xx.o(STACK) for __initial_sp
    startup_stm32g431xx.o(RESET) refers to startup_stm32g431xx.o(.text) for Reset_Handler
    startup_stm32g431xx.o(RESET) refers to stm32g4xx_it.o(i.NMI_Handler) for NMI_Handler
    startup_stm32g431xx.o(RESET) refers to stm32g4xx_it.o(i.HardFault_Handler) for HardFault_Handler
    startup_stm32g431xx.o(RESET) refers to stm32g4xx_it.o(i.MemManage_Handler) for MemManage_Handler
    startup_stm32g431xx.o(RESET) refers to stm32g4xx_it.o(i.BusFault_Handler) for BusFault_Handler
    startup_stm32g431xx.o(RESET) refers to stm32g4xx_it.o(i.UsageFault_Handler) for UsageFault_Handler
    startup_stm32g431xx.o(RESET) refers to stm32g4xx_it.o(i.SVC_Handler) for SVC_Handler
    startup_stm32g431xx.o(RESET) refers to stm32g4xx_it.o(i.DebugMon_Handler) for DebugMon_Handler
    startup_stm32g431xx.o(RESET) refers to stm32g4xx_it.o(i.PendSV_Handler) for PendSV_Handler
    startup_stm32g431xx.o(RESET) refers to stm32g4xx_it.o(i.SysTick_Handler) for SysTick_Handler
    startup_stm32g431xx.o(RESET) refers to stm32g4xx_it.o(i.DMA1_Channel1_IRQHandler) for DMA1_Channel1_IRQHandler
    startup_stm32g431xx.o(RESET) refers to stm32g4xx_it.o(i.TIM2_IRQHandler) for TIM2_IRQHandler
    startup_stm32g431xx.o(RESET) refers to stm32g4xx_it.o(i.USART1_IRQHandler) for USART1_IRQHandler
    startup_stm32g431xx.o(RESET) refers to stm32g4xx_it.o(i.TIM7_IRQHandler) for TIM7_IRQHandler
    startup_stm32g431xx.o(RESET) refers to stm32g4xx_it.o(i.DMAMUX_OVR_IRQHandler) for DMAMUX_OVR_IRQHandler
    startup_stm32g431xx.o(.text) refers (Special) to heapauxi.o(.text) for __use_two_region_memory
    startup_stm32g431xx.o(.text) refers to system_stm32g4xx.o(i.SystemInit) for SystemInit
    startup_stm32g431xx.o(.text) refers to __main.o(!!!main) for __main
    startup_stm32g431xx.o(.text) refers to startup_stm32g431xx.o(HEAP) for Heap_Mem
    startup_stm32g431xx.o(.text) refers to startup_stm32g431xx.o(STACK) for Stack_Mem
    main.o(i.SystemClock_Config) refers to rt_memclr_w.o(.text) for __aeabi_memclr4
    main.o(i.SystemClock_Config) refers to stm32g4xx_hal_pwr_ex.o(i.HAL_PWREx_ControlVoltageScaling) for HAL_PWREx_ControlVoltageScaling
    main.o(i.SystemClock_Config) refers to stm32g4xx_hal_rcc.o(i.HAL_RCC_OscConfig) for HAL_RCC_OscConfig
    main.o(i.SystemClock_Config) refers to stm32g4xx_hal_rcc.o(i.HAL_RCC_ClockConfig) for HAL_RCC_ClockConfig
    main.o(i.main) refers to stm32g4xx_hal.o(i.HAL_Init) for HAL_Init
    main.o(i.main) refers to main.o(i.SystemClock_Config) for SystemClock_Config
    main.o(i.main) refers to gpio.o(i.MX_GPIO_Init) for MX_GPIO_Init
    main.o(i.main) refers to tim.o(i.MX_TIM2_Init) for MX_TIM2_Init
    main.o(i.main) refers to tim.o(i.MX_TIM3_Init) for MX_TIM3_Init
    main.o(i.main) refers to usart.o(i.MX_USART1_UART_Init) for MX_USART1_UART_Init
    main.o(i.main) refers to dma.o(i.MX_DMA_Init) for MX_DMA_Init
    main.o(i.main) refers to tim.o(i.MX_TIM7_Init) for MX_TIM7_Init
    main.o(i.main) refers to config.o(i.sysInit) for sysInit
    main.o(i.main) refers to config.o(i.sysWork) for sysWork
    gpio.o(i.MX_GPIO_Init) refers to rt_memclr_w.o(.text) for __aeabi_memclr4
    gpio.o(i.MX_GPIO_Init) refers to stm32g4xx_hal_gpio.o(i.HAL_GPIO_WritePin) for HAL_GPIO_WritePin
    gpio.o(i.MX_GPIO_Init) refers to stm32g4xx_hal_gpio.o(i.HAL_GPIO_Init) for HAL_GPIO_Init
    dma.o(i.MX_DMA_Init) refers to stm32g4xx_hal_cortex.o(i.HAL_NVIC_SetPriority) for HAL_NVIC_SetPriority
    dma.o(i.MX_DMA_Init) refers to stm32g4xx_hal_cortex.o(i.HAL_NVIC_EnableIRQ) for HAL_NVIC_EnableIRQ
    tim.o(i.HAL_TIM_Base_MspDeInit) refers to stm32g4xx_hal_cortex.o(i.HAL_NVIC_DisableIRQ) for HAL_NVIC_DisableIRQ
    tim.o(i.HAL_TIM_Base_MspInit) refers to stm32g4xx_hal_cortex.o(i.HAL_NVIC_SetPriority) for HAL_NVIC_SetPriority
    tim.o(i.HAL_TIM_Base_MspInit) refers to stm32g4xx_hal_cortex.o(i.HAL_NVIC_EnableIRQ) for HAL_NVIC_EnableIRQ
    tim.o(i.HAL_TIM_MspPostInit) refers to rt_memclr_w.o(.text) for __aeabi_memclr4
    tim.o(i.HAL_TIM_MspPostInit) refers to stm32g4xx_hal_gpio.o(i.HAL_GPIO_Init) for HAL_GPIO_Init
    tim.o(i.MX_TIM2_Init) refers to rt_memclr_w.o(.text) for __aeabi_memclr4
    tim.o(i.MX_TIM2_Init) refers to stm32g4xx_hal_tim.o(i.HAL_TIM_Base_Init) for HAL_TIM_Base_Init
    tim.o(i.MX_TIM2_Init) refers to main.o(i.Error_Handler) for Error_Handler
    tim.o(i.MX_TIM2_Init) refers to stm32g4xx_hal_tim.o(i.HAL_TIM_ConfigClockSource) for HAL_TIM_ConfigClockSource
[...]
    i.HAL_UARTEx_RxFifoFullCallback          0x08003022   Section        0  stm32g4xx_hal_uart_ex.o(i.HAL_UARTEx_RxFifoFullCallback)
    i.HAL_UARTEx_SetRxFifoThreshold          0x08003024   Section        0  stm32g4xx_hal_uart_ex.o(i.HAL_UARTEx_SetRxFifoThreshold)
    i.HAL_UARTEx_SetTxFifoThreshold          0x08003070   Section        0  stm32g4xx_hal_uart_ex.o(i.HAL_UARTEx_SetTxFifoThreshold)
    i.HAL_UARTEx_TxFifoEmptyCallback         0x080030bc   Section        0  stm32g4xx_hal_uart_ex.o(i.HAL_UARTEx_TxFifoEmptyCallback)
    i.HAL_UARTEx_WakeupCallback              0x080030be   Section        0  stm32g4xx_hal_uart_ex.o(i.HAL_UARTEx_WakeupCallback)
    i.HAL_UART_ErrorCallback                 0x080030c0   Section        0  stm32g4xx_hal_uart.o(i.HAL_UART_ErrorCallback)
    i.HAL_UART_IRQHandler                    0x080030c4   Section        0  stm32g4xx_hal_uart.o(i.HAL_UART_IRQHandler)
    i.HAL_UART_Init                          0x080033a4   Section        0  stm32g4xx_hal_uart.o(i.HAL_UART_Init)
    i.HAL_UART_MspInit                       0x08003410   Section        0  usart.o(i.HAL_UART_MspInit)
    i.HAL_UART_Receive_IT                    0x080034d0   Section        0  stm32g4xx_hal_uart.o(i.HAL_UART_Receive_IT)
    i.HAL_UART_RxCpltCallback                0x08003524   Section        0  interrupt.o(i.HAL_UART_RxCpltCallback)
    i.HAL_UART_Transmit                      0x08003540   Section        0  stm32g4xx_hal_uart.o(i.HAL_UART_Transmit)
    i.HAL_UART_TxCpltCallback                0x080035fc   Section        0  stm32g4xx_hal_uart.o(i.HAL_UART_TxCpltCallback)
    i.HardFault_Handler                      0x080035fe   Section        0  stm32g4xx_it.o(i.HardFault_Handler)
    i.LCD_BusIn                              0x08003600   Section        0  lcd.o(i.LCD_BusIn)
    i.LCD_BusOut                             0x0800362c   Section        0  lcd.o(i.LCD_BusOut)
    i.LCD_Clear                              0x0800365c   Section        0  lcd.o(i.LCD_Clear)
    i.LCD_CtrlLinesConfig                    0x08003680   Section        0  lcd.o(i.LCD_CtrlLinesConfig)
    i.LCD_DisplayChar                        0x08003710   Section        0  lcd.o(i.LCD_DisplayChar)
    i.LCD_DisplayStringLine                  0x08003728   Section        0  lcd.o(i.LCD_DisplayStringLine)
    i.LCD_DrawChar                           0x08003754   Section        0  lcd.o(i.LCD_DrawChar)
    i.LCD_Init                               0x080037ac   Section        0  lcd.o(i.LCD_Init)
    i.LCD_ReadReg                            0x080037e0   Section        0  lcd.o(i.LCD_ReadReg)
    i.LCD_SetCursor                          0x08003860   Section        0  lcd.o(i.LCD_SetCursor)
    i.LCD_WriteRAM                           0x08003878   Section        0  lcd.o(i.LCD_WriteRAM)
    i.LCD_WriteRAM_Prepare                   0x080038d8   Section        0  lcd.o(i.LCD_WriteRAM_Prepare)
    i.LCD_WriteReg                           0x0800393c   Section        0  lcd.o(i.LCD_WriteReg)
    i.MX_DMA_Init                            0x080039b0   Section        0  dma.o(i.MX_DMA_Init)
    i.MX_GPIO_Init                           0x080039fc   Section        0  gpio.o(i.MX_GPIO_Init)
    i.MX_TIM2_Init                           0x08003ad0   Section        0  tim.o(i.MX_TIM2_Init)
    i.MX_TIM3_Init                           0x08003b6c   Section        0  tim.o(i.MX_TIM3_Init)
    i.MX_TIM7_Init                           0x08003be0   Section        0  tim.o(i.MX_TIM7_Init)
    i.MX_USART1_UART_Init                    0x08003c28   Section        0  usart.o(i.MX_USART1_UART_Init)
    i.MemManage_Handler                      0x08003c90   Section        0  stm32g4xx_it.o(i.MemManage_Handler)
    i.NMI_Handler                            0x08003c92   Section        0  stm32g4xx_it.o(i.NMI_Handler)
    i.PendSV_Handler                         0x08003c94   Section        0  stm32g4xx_it.o(i.PendSV_Handler)
    i.REG_8230_Init                          0x08003c96   Section        0  lcd.o(i.REG_8230_Init)
    i.REG_932X_Init                          0x08003da8   Section        0  lcd.o(i.REG_932X_Init)
    i.SVC_Handler                            0x08003faa   Section        0  stm32g4xx_it.o(i.SVC_Handler)
    i.SysTick_Handler                        0x08003fac   Section        0  stm32g4xx_it.o(i.SysTick_Handler)
    i.SystemClock_Config                     0x08003fb0   Section        0  main.o(i.SystemClock_Config)
    i.SystemInit                             0x08004018   Section        0  system_stm32g4xx.o(i.SystemInit)
    i.TIM2_IRQHandler                        0x08004028   Section        0  stm32g4xx_it.o(i.TIM2_IRQHandler)
    i.TIM7_IRQHandler                        0x08004034   Section        0  stm32g4xx_it.o(i.TIM7_IRQHandler)
    i.TIM_Base_SetConfig                     0x08004040   Section        0  stm32g4xx_hal_tim.o(i.TIM_Base_SetConfig)
    i.TIM_CCxChannelCmd                      0x080040f0   Section        0  stm32g4xx_hal_tim.o(i.TIM_CCxChannelCmd)
    i.TIM_ETR_SetConfig                      0x0800410a   Section        0  stm32g4xx_hal_tim.o(i.TIM_ETR_SetConfig)
    i.TIM_ITRx_SetConfig                     0x08004120   Section        0  stm32g4xx_hal_tim.o(i.TIM_ITRx_SetConfig)
    TIM_ITRx_SetConfig                       0x08004121   Thumb Code    16  stm32g4xx_hal_tim.o(i.TIM_ITRx_SetConfig)
    i.TIM_OC1_SetConfig                      0x08004134   Section        0  stm32g4xx_hal_tim.o(i.TIM_OC1_SetConfig)
    TIM_OC1_SetConfig                        0x08004135   Thumb Code   132  stm32g4xx_hal_tim.o(i.TIM_OC1_SetConfig)
    i.TIM_OC2_SetConfig                      0x080041d0   Section        0  stm32g4xx_hal_tim.o(i.TIM_OC2_SetConfig)
    i.TIM_OC3_SetConfig                      0x08004260   Section        0  stm32g4xx_hal_tim.o(i.TIM_OC3_SetConfig)
    TIM_OC3_SetConfig                        0x08004261   Thumb Code   118  stm32g4xx_hal_tim.o(i.TIM_OC3_SetConfig)
    i.TIM_OC4_SetConfig                      0x080042f0   Section        0  stm32g4xx_hal_tim.o(i.TIM_OC4_SetConfig)
    TIM_OC4_SetConfig                        0x080042f1   Thumb Code   120  stm32g4xx_hal_tim.o(i.TIM_OC4_SetConfig)
    i.TIM_OC5_SetConfig                      0x08004380   Section        0  stm32g4xx_hal_tim.o(i.TIM_OC5_SetConfig)
    TIM_OC5_SetConfig                        0x08004381   Thumb Code    86  stm32g4xx_hal_tim.o(i.TIM_OC5_SetConfig)
    i.TIM_OC6_SetConfig                      0x080043f0   Section        0  stm32g4xx_hal_tim.o(i.TIM_OC6_SetConfig)
    TIM_OC6_SetConfig                        0x080043f1   Thumb Code    88  stm32g4xx_hal_tim.o(i.TIM_OC6_SetConfig)
    i.TIM_TI1_ConfigInputStage               0x08004460   Section        0  stm32g4xx_hal_tim.o(i.TIM_TI1_ConfigInputStage)
    TIM_TI1_ConfigInputStage                 0x08004461   Thumb Code    34  stm32g4xx_hal_tim.o(i.TIM_TI1_ConfigInputStage)
    i.TIM_TI2_ConfigInputStage               0x08004482   Section        0  stm32g4xx_hal_tim.o(i.TIM_TI2_ConfigInputStage)
    TIM_TI2_ConfigInputStage                 0x08004483   Thumb Code    36  stm32g4xx_hal_tim.o(i.TIM_TI2_ConfigInputStage)
    i.UARTEx_SetNbDataToProcess              0x080044a8   Section        0  stm32g4xx_hal_uart_ex.o(i.UARTEx_SetNbDataToProcess)
    UARTEx_SetNbDataToProcess                0x080044a9   Thumb Code    62  stm32g4xx_hal_uart_ex.o(i.UARTEx_SetNbDataToProcess)
    i.UART_AdvFeatureConfig                  0x080044ec   Section        0  stm32g4xx_hal_uart.o(i.UART_AdvFeatureConfig)
    i.UART_CheckIdleState                    0x080045b4   Section        0  stm32g4xx_hal_uart.o(i.UART_CheckIdleState)
    i.UART_DMAAbortOnError                   0x08004614   Section        0  stm32g4xx_hal_uart.o(i.UART_DMAAbortOnError)
    UART_DMAAbortOnError                     0x08004615   Thumb Code    20  stm32g4xx_hal_uart.o(i.UART_DMAAbortOnError)
    i.UART_EndRxTransfer                     0x08004628   Section        0  stm32g4xx_hal_uart.o(i.UART_EndRxTransfer)
    UART_EndRxTransfer                       0x08004629   Thumb Code    78  stm32g4xx_hal_uart.o(i.UART_EndRxTransfer)
    i.UART_RxISR_16BIT                       0x0800467c   Section        0  stm32g4xx_hal_uart.o(i.UART_RxISR_16BIT)
    UART_RxISR_16BIT                         0x0800467d   Thumb Code   162  stm32g4xx_hal_uart.o(i.UART_RxISR_16BIT)
    i.UART_RxISR_16BIT_FIFOEN                0x08004720   Section        0  stm32g4xx_hal_uart.o(i.UART_RxISR_16BIT_FIFOEN)
    UART_RxISR_16BIT_FIFOEN                  0x08004721   Thumb Code   364  stm32g4xx_hal_uart.o(i.UART_RxISR_16BIT_FIFOEN)
    i.UART_RxISR_8BIT                        0x08004894   Section        0  stm32g4xx_hal_uart.o(i.UART_RxISR_8BIT)
    UART_RxISR_8BIT                          0x08004895   Thumb Code   162  stm32g4xx_hal_uart.o(i.UART_RxISR_8BIT)
    i.UART_RxISR_8BIT_FIFOEN                 0x08004938   Section        0  stm32g4xx_hal_uart.o(i.UART_RxISR_8BIT_FIFOEN)
    UART_RxISR_8BIT_FIFOEN                   0x08004939   Thumb Code   364  stm32g4xx_hal_uart.o(i.UART_RxISR_8BIT_FIFOEN)
    i.UART_SetConfig                         0x08004aac   Section        0  stm32g4xx_hal_uart.o(i.UART_SetConfig)
    i.UART_Start_Receive_IT                  0x08004d20   Section        0  stm32g4xx_hal_uart.o(i.UART_Start_Receive_IT)
    i.UART_WaitOnFlagUntilTimeout            0x08004e38   Section        0  stm32g4xx_hal_uart.o(i.UART_WaitOnFlagUntilTimeout)
    i.USART1_IRQHandler                      0x08004f00   Section        0  stm32g4xx_it.o(i.USART1_IRQHandler)
    i.UsageFault_Handler                     0x08004f0c   Section        0  stm32g4xx_it.o(i.UsageFault_Handler)
    i.__ARM_fpclassify                       0x08004f0e   Section        0  fpclassify.o(i.__ARM_fpclassify)
    i.__NVIC_SetPriority                     0x08004f3e   Section        0  stm32g4xx_hal_cortex.o(i.__NVIC_SetPriority)
    __NVIC_SetPriority                       0x08004f3f   Thumb Code    32  stm32g4xx_hal_cortex.o(i.__NVIC_SetPriority)
    i._is_digit                              0x08004f5e   Section        0  __printf_wp.o(i._is_digit)
    i.changeAllLedByStateNumber              0x08004f6c   Section        0  led.o(i.changeAllLedByStateNumber)
    i.changeLedStateByLocation               0x08004fa4   Section        0  led.o(i.changeLedStateByLocation)
    i.changePWM                              0x08004fdc   Section        0  config.o(i.changePWM)
    changePWM                                0x08004fdd   Thumb Code   154  config.o(i.changePWM)
    i.keyPro                                 0x08005088   Section        0  config.o(i.keyPro)
    keyPro                                   0x08005089   Thumb Code   140  config.o(i.keyPro)
    i.lcdDisplay                             0x0800511c   Section        0  config.o(i.lcdDisplay)
    lcdDisplay                               0x0800511d   Thumb Code   136  config.o(i.lcdDisplay)
    i.lcdInit                                0x08005200   Section        0  lcd.o(i.lcdInit)
    i.ledPro                                 0x08005230   Section        0  config.o(i.ledPro)
    ledPro                                   0x08005231   Thumb Code   192  config.o(i.ledPro)
    i.main                                   0x080052f8   Section        0  main.o(i.main)
    i.rollbackLedByLocation                  0x08005324   Section        0  led.o(i.rollbackLedByLocation)
    i.scanKey                                0x08005350   Section        0  key.o(i.scanKey)
    i.sysInit                                0x08005410   Section        0  config.o(i.sysInit)
    i.sysWork                                0x08005454   Section        0  config.o(i.sysWork)
    i.usartPro                               0x08005470   Section        0  config.o(i.usartPro)
    usartPro                                 0x08005471   Thumb Code    86  config.o(i.usartPro)
    locale$$code                             0x080054f4   Section       44  lc_numeric_c.o(locale$$code)
    x$fpl$dretinf                            0x08005520   Section       12  dretinf.o(x$fpl$dretinf)
    $v0                                      0x08005520   Number         0  dretinf.o(x$fpl$dretinf)
    x$fpl$f2d                                0x0800552c   Section       86  f2d.o(x$fpl$f2d)
    $v0                                      0x0800552c   Number         0  f2d.o(x$fpl$f2d)
    x$fpl$fnaninf                            0x08005582   Section      140  fnaninf.o(x$fpl$fnaninf)
    $v0                                      0x08005582   Number         0  fnaninf.o(x$fpl$fnaninf)
    x$fpl$fpinit                             0x0800560e   Section       10  fpinit.o(x$fpl$fpinit)
    $v0                                      0x0800560e   Number         0  fpinit.o(x$fpl$fpinit)
    x$fpl$printf1                            0x08005618   Section        4  printf1.o(x$fpl$printf1)
    $v0                                      0x08005618   Number         0  printf1.o(x$fpl$printf1)
    .constdata                               0x0800561c   Section       24  stm32g4xx_hal_uart.o(.constdata)
    x$fpl$usenofp                            0x0800561c   Section        0  usenofp.o(x$fpl$usenofp)
    .constdata                               0x08005634   Section       16  stm32g4xx_hal_uart_ex.o(.constdata)
    numerator                                0x08005634   Data           8  stm32g4xx_hal_uart_ex.o(.constdata)
    denominator                              0x0800563c   Data           8  stm32g4xx_hal_uart_ex.o(.constdata)
    .constdata                               0x08005644   Section       16  system_stm32g4xx.o(.constdata)
    .constdata                               0x08005654   Section        8  system_stm32g4xx.o(.constdata)
    .constdata                               0x0800565c   Section     4560  lcd.o(.constdata)
    .constdata                               0x0800682c   Section      148  bigflt0.o(.constdata)
    tenpwrs_x                                0x0800682c   Data          60  bigflt0.o(.constdata)
    tenpwrs_i                                0x08006868   Data          64  bigflt0.o(.constdata)
    locale$$data                             0x080068e0   Section       28  lc_numeric_c.o(locale$$data)
    __lcnum_c_name                           0x080068e4   Data           2  lc_numeric_c.o(locale$$data)
    __lcnum_c_start                          0x080068ec   Data           0  lc_numeric_c.o(locale$$data)
    __lcnum_c_point                          0x080068f8   Data           0  lc_numeric_c.o(locale$$data)
    __lcnum_c_thousands                      0x080068fa   Data           0  lc_numeric_c.o(locale$$data)
    __lcnum_c_grouping                       0x080068fb   Data           0  lc_numeric_c.o(locale$$data)
    __lcnum_c_end                            0x080068fc   Data           0  lc_numeric_c.o(locale$$data)
    .data                                    0x20000000   Section       12  stm32g4xx_hal.o(.data)
    .data                                    0x2000000c   Section        4  system_stm32g4xx.o(.data)
    .data                                    0x20000010   Section       52  config.o(.data)
    .data                                    0x20000044   Section        4  interrupt.o(.data)
    .data                                    0x20000048   Section        1  key.o(.data)
    keyLock                                  0x20000048   Data           1  key.o(.data)
    .data                                    0x2000004a   Section        6  lcd.o(.data)
    TextColor                                0x2000004a   Data           2  lcd.o(.data)
    BackColor                                0x2000004c   Data           2  lcd.o(.data)
    .bss                                     0x20000050   Section      228  tim.o(.bss)
    .bss                                     0x20000134   Section      240  usart.o(.bss)
    .bss                                     0x20000224   Section       96  libspace.o(.bss)
    HEAP                                     0x20000288   Section      512  startup_stm32g431xx.o(HEAP)
    Heap_Mem                                 0x20000288   Data         512  startup_stm32g431xx.o(HEAP)
    STACK                                    0x20000488   Section     1024  startup_stm32g431xx.o(STACK)
    Stack_Mem                                0x20000488   Data        1024  startup_stm32g431xx.o(STACK)
    __initial_sp                             0x20000888   Data           0  startup_stm32g431xx.o(STACK)

    Global Symbols

    Symbol Name                              Value     Ov Type        Size  Object(Section)

    BuildAttributes$$THM_ISAv4$E$P$D$K$B$S$7EM$VFPi3$EXTD16$VFPS$VFMA$PE$A:L22UL41UL21$X:L11$S22US41US21$IEEE1$IW$USESV6$~STKCKD$USESV7$~SHL$OTIME$ROPI$IEEEJ$EBA8$UX$STANDARDLIB$REQ8$PRES8$EABIv2 0x00000000   Number         0  anon$$obj.o ABSOLUTE
    __ARM_use_no_argv                        0x00000000   Number         0  main.o ABSOLUTE
    _printf_flags                            0x00000000   Number         0  printf_stubs.o ABSOLUTE
    _printf_return_value                     0x00000000   Number         0  printf_stubs.o ABSOLUTE
    _printf_sizespec                         0x00000000   Number         0  printf_stubs.o ABSOLUTE
    _printf_widthprec                        0x00000000   Number         0  printf_stubs.o ABSOLUTE
    __ARM_exceptions_init                     - Undefined Weak Reference
    __alloca_initialize                       - Undefined Weak Reference
    __arm_preinit_                            - Undefined Weak Reference
    __cpp_initialize__aeabi_                  - Undefined Weak Reference
    __cxa_finalize                            - Undefined Weak Reference
    __sigvec_lookup                           - Undefined Weak Reference
    _atexit_init                              - Undefined Weak Reference
    _call_atexit_fns                          - Undefined Weak Reference
    _clock_init                               - Undefined Weak Reference
    _fp_trap_init                             - Undefined Weak Reference
    _fp_trap_shutdown                         - Undefined Weak Reference
    _get_lc_collate                           - Undefined Weak Reference
    _get_lc_ctype                             - Undefined Weak Reference
    _get_lc_monetary                          - Undefined Weak Reference
    _get_lc_time                              - Undefined Weak Reference
    _getenv_init                              - Undefined Weak Reference
    _handle_redirection                       - Undefined Weak Reference
    _init_alloc                               - Undefined Weak Reference
    _init_user_alloc                          - Undefined Weak Reference
    _initio                                   - Undefined Weak Reference
    _printf_mbtowc                            - Undefined Weak Reference
    _printf_post_padding                      - Undefined Weak Reference
    _printf_pre_padding                       - Undefined Weak Reference
    _printf_truncate_signed                   - Undefined Weak Reference
    _printf_truncate_unsigned                 - Undefined Weak Reference
    _rand_init                                - Undefined Weak Reference
    _signal_finish                            - Undefined Weak Reference
    _signal_init                              - Undefined Weak Reference
    _terminate_alloc                          - Undefined Weak Reference
    _terminate_user_alloc                     - Undefined Weak Reference
    _terminateio                              - Undefined Weak Reference
    __Vectors_Size                           0x000001d8   Number         0  startup_stm32g431xx.o ABSOLUTE
    __Vectors                                0x08000000   Data           4  startup_stm32g431xx.o(RESET)
    __Vectors_End                            0x080001d8   Data           0  startup_stm32g431xx.o(RESET)
    __main                                   0x080001d9   Thumb Code     8  __main.o(!!!main)
    __scatterload                            0x080001e1   Thumb Code     0  __scatter.o(!!!scatter)
    __scatterload_rt2                        0x080001e1   Thumb Code    44  __scatter.o(!!!scatter)
    __scatterload_rt2_thumb_only             0x080001e1   Thumb Code     0  __scatter.o(!!!scatter)
    __scatterload_null                       0x080001ef   Thumb Code     0  __scatter.o(!!!scatter)
    __scatterload_copy                       0x08000215   Thumb Code    26  __scatter_copy.o(!!handler_copy)
    __scatterload_zeroinit                   0x08000231   Thumb Code    28  __scatter_zi.o(!!handler_zi)
    _printf_f                                0x0800024d   Thumb Code     0  _printf_f.o(.ARM.Collect$$_printf_percent$$00000003)
    _printf_percent                          0x0800024d   Thumb Code     0  _printf_percent.o(.ARM.Collect$$_printf_percent$$00000000)
    _printf_d                                0x08000253   Thumb Code     0  _printf_d.o(.ARM.Collect$$_printf_percent$$00000009)
    _printf_s                                0x08000259   Thumb Code     0  _printf_s.o(.ARM.Collect$$_printf_percent$$00000014)
    _printf_percent_end                      0x0800025f   Thumb Code     0  _printf_percent_end.o(.ARM.Collect$$_printf_percent$$00000017)
    __rt_lib_init                            0x08000263   Thumb Code     0  libinit.o(.ARM.Collect$$libinit$$00000000)
    __rt_lib_init_fp_1                       0x08000265   Thumb Code     0  libinit2.o(.ARM.Collect$$libinit$$00000001)
    __rt_lib_init_heap_1                     0x08000269   Thumb Code     0  libinit2.o(.ARM.Collect$$libinit$$0000000A)
    __rt_lib_init_lc_common                  0x08000269   Thumb Code     0  libinit2.o(.ARM.Collect$$libinit$$0000000F)
    __rt_lib_init_preinit_1                  0x08000269   Thumb Code     0  libinit2.o(.ARM.Collect$$libinit$$00000004)
    __rt_lib_init_rand_1                     0x08000269   Thumb Code     0  libinit2.o(.ARM.Collect$$libinit$$0000000E)
    __rt_lib_init_user_alloc_1               0x08000269   Thumb Code     0  libinit2.o(.ARM.Collect$$libinit$$0000000C)
    __rt_lib_init_lc_collate_1               0x0800026f   Thumb Code     0  libinit2.o(.ARM.Collect$$libinit$$00000011)
    __rt_lib_init_lc_ctype_1                 0x0800026f   Thumb Code     0  libinit2.o(.ARM.Collect$$libinit$$00000013)
    __rt_lib_init_lc_monetary_1              0x0800026f   Thumb Code     0  libinit2.o(.ARM.Collect$$libinit$$00000015)
    __rt_lib_init_lc_numeric_2               0x0800026f   Thumb Code     0  libinit2.o(.ARM.Collect$$libinit$$00000016)
    __rt_lib_init_alloca_1                   0x08000279   Thumb Code     0  libinit2.o(.ARM.Collect$$libinit$$0000002E)
    __rt_lib_init_argv_1                     0x08000279   Thumb Code     0  libinit2.o(.ARM.Collect$$libinit$$0000002C)
    __rt_lib_init_atexit_1                   0x08000279   Thumb Code     0  libinit2.o(.ARM.Collect$$libinit$$0000001B)
    __rt_lib_init_clock_1                    0x08000279   Thumb Code     0  libinit2.o(.ARM.Collect$$libinit$$00000021)
    __rt_lib_init_cpp_1                      0x08000279   Thumb Code     0  libinit2.o(.ARM.Collect$$libinit$$00000032)
    __rt_lib_init_exceptions_1               0x08000279   Thumb Code     0  libinit2.o(.ARM.Collect$$libinit$$00000030)
    __rt_lib_init_fp_trap_1                  0x08000279   Thumb Code     0  libinit2.o(.ARM.Collect$$libinit$$0000001F)
    __rt_lib_init_getenv_1                   0x08000279   Thumb Code     0  libinit2.o(.ARM.Collect$$libinit$$00000023)
    __rt_lib_init_lc_numeric_1               0x08000279   Thumb Code     0  libinit2.o(.ARM.Collect$$libinit$$00000017)
    __rt_lib_init_lc_time_1                  0x08000279   Thumb Code     0  libinit2.o(.ARM.Collect$$libinit$$00000019)
    __rt_lib_init_return                     0x08000279   Thumb Code     0  libinit2.o(.ARM.Collect$$libinit$$00000033)
    __rt_lib_init_signal_1                   0x08000279   Thumb Code     0  libinit2.o(.ARM.Collect$$libinit$$0000001D)
    __rt_lib_init_stdio_1                    0x08000279   Thumb Code     0  libinit2.o(.ARM.Collect$$libinit$$00000025)
    __rt_lib_shutdown                        0x0800027b   Thumb Code     0  libshutdown.o(.ARM.Collect$$libshutdown$$00000000)
    __rt_lib_shutdown_cpp_1                  0x0800027d   Thumb Code     0  libshutdown2.o(.ARM.Collect$$libshutdown$$00000002)
    __rt_lib_shutdown_fp_trap_1              0x0800027d   Thumb Code     0  libshutdown2.o(.ARM.Collect$$libshutdown$$00000007)
    __rt_lib_shutdown_heap_1                 0x0800027d   Thumb Code     0  libshutdown2.o(.ARM.Collect$$libshutdown$$0000000F)
    __rt_lib_shutdown_return                 0x0800027d   Thumb Code     0  libshutdown2.o(.ARM.Collect$$libshutdown$$00000010)
    __rt_lib_shutdown_signal_1               0x0800027d   Thumb Code     0  libshutdown2.o(.ARM.Collect$$libshutdown$$0000000A)
    __rt_lib_shutdown_stdio_1                0x0800027d   Thumb Code     0  libshutdown2.o(.ARM.Collect$$libshutdown$$00000004)
    __rt_lib_shutdown_user_alloc_1           0x0800027d   Thumb Code     0  libshutdown2.o(.ARM.Collect$$libshutdown$$0000000C)
    __rt_entry                               0x0800027f   Thumb Code     0  __rtentry.o(.ARM.Collect$$rtentry$$00000000)
    __rt_entry_presh_1                       0x0800027f   Thumb Code     0  __rtentry2.o(.ARM.Collect$$rtentry$$00000002)
    __rt_entry_sh                            0x0800027f   Thumb Code     0  __rtentry4.o(.ARM.Collect$$rtentry$$00000004)
    __rt_entry_li                            0x08000285   Thumb Code     0  __rtentry2.o(.ARM.Collect$$rtentry$$0000000A)
    __rt_entry_postsh_1                      0x08000285   Thumb Code     0  __rtentry2.o(.ARM.Collect$$rtentry$$00000009)
    __rt_entry_main                          0x08000289   Thumb Code     0  __rtentry2.o(.ARM.Collect$$rtentry$$0000000D)
    __rt_entry_postli_1                      0x08000289   Thumb Code     0  __rtentry2.o(.ARM.Collect$$rtentry$$0000000C)
    __rt_exit                                0x08000291   Thumb Code     0  rtexit.o(.ARM.Collect$$rtexit$$00000000)
    __rt_exit_ls                             0x08000293   Thumb Code     0  rtexit2.o(.ARM.Collect$$rtexit$$00000003)
    __rt_exit_prels_1                        0x08000293   Thumb Code     0  rtexit2.o(.ARM.Collect$$rtexit$$00000002)
    __rt_exit_exit                           0x08000297   Thumb Code     0  rtexit2.o(.ARM.Collect$$rtexit$$00000004)
    Reset_Handler                            0x0800029d   Thumb Code     8  startup_stm32g431xx.o(.text)
    ADC1_2_IRQHandler                        0x080002b7   Thumb Code     0  startup_stm32g431xx.o(.text)
    COMP1_2_3_IRQHandler                     0x080002b7   Thumb Code     0  startup_stm32g431xx.o(.text)
    COMP4_IRQHandler                         0x080002b7   Thumb Code     0  startup_stm32g431xx.o(.text)
    CORDIC_IRQHandler                        0x080002b7   Thumb Code     0  startup_stm32g431xx.o(.text)
    CRS_IRQHandler                           0x080002b7   Thumb Code     0  startup_stm32g431xx.o(.text)
    DMA1_Channel2_IRQHandler                 0x080002b7   Thumb Code     0  startup_stm32g431xx.o(.text)
    DMA1_Channel3_IRQHandler                 0x080002b7   Thumb Code     0  startup_stm32g431xx.o(.text)
    DMA1_Channel4_IRQHandler                 0x080002b7   Thumb Code     0  startup_stm32g431xx.o(.text)
    DMA1_Channel5_IRQHandler                 0x080002b7   Thumb Code     0  startup_stm32g431xx.o(.text)
    DMA1_Channel6_IRQHandler                 0x080002b7   Thumb Code     0  startup_stm32g431xx.o(.text)
    DMA2_Channel1_IRQHandler                 0x080002b7   Thumb Code     0  startup_stm32g431xx.o(.text)
    DMA2_Channel2_IRQHandler                 0x080002b7   Thumb Code     0  startup_stm32g431xx.o(.text)
    DMA2_Channel3_IRQHandler                 0x080002b7   Thumb Code     0  startup_stm32g431xx.o(.text)
    DMA2_Channel4_IRQHandler                 0x080002b7   Thumb Code     0  startup_stm32g431xx.o(.text)
    DMA2_Channel5_IRQHandler                 0x080002b7   Thumb Code     0  startup_stm32g431xx.o(.text)
    DMA2_Channel6_IRQHandler                 0x080002b7   Thumb Code     0  startup_stm32g431xx.o(.text)
    EXTI0_IRQHandler                         0x080002b7   Thumb Code     0  startup_stm32g431xx.o(.text)
    EXTI15_10_IRQHandler                     0x080002b7   Thumb Code     0  startup_stm32g431xx.o(.text)
    EXTI1_IRQHandler                         0x080002b7   Thumb Code     0  startup_stm32g431xx.o(.text)
    EXTI2_IRQHandler                         0x080002b7   Thumb Code     0  startup_stm32g431xx.o(.text)
    EXTI3_IRQHandler                         0x080002b7   Thumb Code     0  startup_stm32g431xx.o(.text)
    EXTI4_IRQHandler                         0x080002b7   Thumb Code     0  startup_stm32g431xx.o(.text)
    EXTI9_5_IRQHandler                       0x080002b7   Thumb Code     0  startup_stm32g431xx.o(.text)
    FDCAN1_IT0_IRQHandler                    0x080002b7   Thumb Code     0  startup_stm32g431xx.o(.text)
    FDCAN1_IT1_IRQHandler                    0x080002b7   Thumb Code     0  startup_stm32g431xx.o(.text)
    FLASH_IRQHandler                         0x080002b7   Thumb Code     0  startup_stm32g431xx.o(.text)
    FMAC_IRQHandler                          0x080002b7   Thumb Code     0  startup_stm32g431xx.o(.text)
    FPU_IRQHandler                           0x080002b7   Thumb Code     0  startup_stm32g431xx.o(.text)
    I2C1_ER_IRQHandler                       0x080002b7   Thumb Code     0  startup_stm32g431xx.o(.text)
    I2C1_EV_IRQHandler                       0x080002b7   Thumb Code     0  startup_stm32g431xx.o(.text)
    I2C2_ER_IRQHandler                       0x080002b7   Thumb Code     0  startup_stm32g431xx.o(.text)
    I2C2_EV_IRQHandler                       0x080002b7   Thumb Code     0  startup_stm32g431xx.o(.text)
    I2C3_ER_IRQHandler                       0x080002b7   Thumb Code     0  startup_stm32g431xx.o(.text)
    I2C3_EV_IRQHandler                       0x080002b7   Thumb Code     0  startup_stm32g431xx.o(.text)
    LPTIM1_IRQHandler                        0x080002b7   Thumb Code     0  startup_stm32g431xx.o(.text)
    LPUART1_IRQHandler                       0x080002b7   Thumb Code     0  startup_stm32g431xx.o(.text)
    PVD_PVM_IRQHandler                       0x080002b7   Thumb Code     0  startup_stm32g431xx.o(.text)
    RCC_IRQHandler                           0x080002b7   Thumb Code     0  startup_stm32g431xx.o(.text)
    RNG_IRQHandler                           0x080002b7   Thumb Code     0  startup_stm32g431xx.o(.text)
    RTC_Alarm_IRQHandler                     0x080002b7   Thumb Code     0  startup_stm32g431xx.o(.text)
    RTC_TAMP_LSECSS_IRQHandler               0x080002b7   Thumb Code     0  startup_stm32g431xx.o(.text)
    RTC_WKUP_IRQHandler                      0x080002b7   Thumb Code     0  startup_stm32g431xx.o(.text)
    SAI1_IRQHandler                          0x080002b7   Thumb Code     0  startup_stm32g431xx.o(.text)
    SPI1_IRQHandler                          0x080002b7   Thumb Code     0  startup_stm32g431xx.o(.text)
    SPI2_IRQHandler                          0x080002b7   Thumb Code     0  startup_stm32g431xx.o(.text)
    SPI3_IRQHandler                          0x080002b7   Thumb Code     0  startup_stm32g431xx.o(.text)
    TIM1_BRK_TIM15_IRQHandler                0x080002b7   Thumb Code     0  startup_stm32g431xx.o(.text)
    TIM1_CC_IRQHandler                       0x080002b7   Thumb Code     0  startup_stm32g431xx.o(.text)
    TIM1_TRG_COM_TIM17_IRQHandler            0x080002b7   Thumb Code     0  startup_stm32g431xx.o(.text)
    TIM1_UP_TIM16_IRQHandler                 0x080002b7   Thumb Code     0  startup_stm32g431xx.o(.text)
    TIM3_IRQHandler                          0x080002b7   Thumb Code     0  startup_stm32g431xx.o(.text)
    TIM4_IRQHandler                          0x080002b7   Thumb Code     0  startup_stm32g431xx.o(.text)
    TIM6_DAC_IRQHandler                      0x080002b7   Thumb Code     0  startup_stm32g431xx.o(.text)
    TIM8_BRK_IRQHandler                      0x080002b7   Thumb Code     0  startup_stm32g431xx.o(.text)
    TIM8_CC_IRQHandler                       0x080002b7   Thumb Code     0  startup_stm32g431xx.o(.text)
    TIM8_TRG_COM_IRQHandler                  0x080002b7   Thumb Code     0  startup_stm32g431xx.o(.text)
    TIM8_UP_IRQHandler                       0x080002b7   Thumb Code     0  startup_stm32g431xx.o(.text)
    UART4_IRQHandler                         0x080002b7   Thumb Code     0  startup_stm32g431xx.o(.text)
    UCPD1_IRQHandler                         0x080002b7   Thumb Code     0  startup_stm32g431xx.o(.text)
    USART2_IRQHandler                        0x080002b7   Thumb Code     0  startup_stm32g431xx.o(.text)
    USART3_IRQHandler                        0x080002b7   Thumb Code     0  startup_stm32g431xx.o(.text)
    USBWakeUp_IRQHandler                     0x080002b7   Thumb Code     0  startup_stm32g431xx.o(.text)
    USB_HP_IRQHandler                        0x080002b7   Thumb Code     0  startup_stm32g431xx.o(.text)
    USB_LP_IRQHandler                        0x080002b7   Thumb Code     0  startup_stm32g431xx.o(.text)
    WWDG_IRQHandler                          0x080002b7   Thumb Code     0  startup_stm32g431xx.o(.text)
    __user_initial_stackheap                 0x080002b9   Thumb Code     0  startup_stm32g431xx.o(.text)
    __aeabi_uldivmod                         0x080002dd   Thumb Code     0  lludivv7m.o(.text)
    _ll_udiv                                 0x080002dd   Thumb Code   238  lludivv7m.o(.text)
    __2sprintf                               0x080003cd   Thumb Code    34  noretval__2sprintf.o(.text)
    _printf_str                              0x080003f5   Thumb Code    82  _printf_str.o(.text)
    _printf_int_dec                          0x08000449   Thumb Code   104  _printf_dec.o(.text)
    __printf                                 0x080004c1   Thumb Code   270  __printf_wp.o(.text)
    strlen                                   0x080005cf   Thumb Code    62  strlen.o(.text)
    __aeabi_memclr4                          0x0800060d   Thumb Code     0  rt_memclr_w.o(.text)
    __aeabi_memclr8                          0x0800060d   Thumb Code     0  rt_memclr_w.o(.text)
    __rt_memclr_w                            0x0800060d   Thumb Code    78  rt_memclr_w.o(.text)
    _memset_w                                0x08000611   Thumb Code     0  rt_memclr_w.o(.text)
    strcmp                                   0x0800065d   Thumb Code   128  strcmpv7m.o(.text)
    __use_two_region_memory                  0x080006dd   Thumb Code     2  heapauxi.o(.text)
    __rt_heap_escrow$2region                 0x080006df   Thumb Code     2  heapauxi.o(.text)
    __rt_heap_expand$2region                 0x080006e1   Thumb Code     2  heapauxi.o(.text)
    _printf_int_common                       0x080006e3   Thumb Code   178  _printf_intcommon.o(.text)
    __lib_sel_fp_printf                      0x08000795   Thumb Code     2  _printf_fp_dec.o(.text)
    _printf_fp_dec_real                      0x08000947   Thumb Code   620  _printf_fp_dec.o(.text)
    _printf_char_common                      0x08000bbf   Thumb Code    32  _printf_char_common.o(.text)
    _sputc                                   0x08000be5   Thumb Code    10  _sputc.o(.text)
    _printf_cs_common                        0x08000bef   Thumb Code    20  _printf_char.o(.text)
    _printf_char                             0x08000c03   Thumb Code    16  _printf_char.o(.text)
    _printf_string                           0x08000c13   Thumb Code     8  _printf_char.o(.text)
    __rt_locale                              0x08000c1d   Thumb Code     8  rt_locale_intlibspace.o(.text)
    _ll_udiv10                               0x08000c25   Thumb Code   138  lludiv10.o(.text)
    _printf_fp_infnan                        0x08000cb1   Thumb Code   112  _printf_fp_infnan.o(.text)
    _btod_etento                             0x08000d31   Thumb Code   224  bigflt0.o(.text)
    __user_libspace                          0x08000e15   Thumb Code     8  libspace.o(.text)
    __user_perproc_libspace                  0x08000e15   Thumb Code     0  libspace.o(.text)
    __user_perthread_libspace                0x08000e15   Thumb Code     0  libspace.o(.text)
    __user_setup_stackheap                   0x08000e1d   Thumb Code    74  sys_stackheap_outer.o(.text)
    exit                                     0x08000e67   Thumb Code    18  exit.o(.text)
    _sys_exit                                0x08000e79   Thumb Code     8  sys_exit.o(.text)
    __I$use$semihosting                      0x08000e85   Thumb Code     0  use_no_semi.o(.text)
    __use_no_semihosting_swi                 0x08000e85   Thumb Code     2  use_no_semi.o(.text)
    __semihosting_library_function           0x08000e87   Thumb Code     0  indicate_semi.o(.text)
    _btod_d2e                                0x08000e87   Thumb Code    62  btod.o(CL$$btod_d2e)
    _d2e_denorm_low                          0x08000ec5   Thumb Code    70  btod.o(CL$$btod_d2e_denorm_low)
    _d2e_norm_op1                            0x08000f0b   Thumb Code    96  btod.o(CL$$btod_d2e_norm_op1)
    __btod_div_common                        0x08000f6b   Thumb Code   696  btod.o(CL$$btod_div_common)
    _e2e                                     0x080012a3   Thumb Code   220  btod.o(CL$$btod_e2e)
    _btod_ediv                               0x0800137f   Thumb Code    42  btod.o(CL$$btod_ediv)
    _btod_emul                               0x080013a9   Thumb Code    42  btod.o(CL$$btod_emul)
    __btod_mult_common                       0x080013d3   Thumb Code   580  btod.o(CL$$btod_mult_common)
    BusFault_Handler                         0x08001617   Thumb Code     2  stm32g4xx_it.o(i.BusFault_Handler)
    DMA1_Channel1_IRQHandler                 0x08001619   Thumb Code     6  stm32g4xx_it.o(i.DMA1_Channel1_IRQHandler)
    DMAMUX_OVR_IRQHandler                    0x08001625   Thumb Code     2  stm32g4xx_it.o(i.DMAMUX_OVR_IRQHandler)
    DebugMon_Handler                         0x0800168d   Thumb Code     2  stm32g4xx_it.o(i.DebugMon_Handler)
    Delay_LCD                                0x0800168f   Thumb Code    28  lcd.o(i.Delay_LCD)
    Error_Handler                            0x080016ab   Thumb Code     4  main.o(i.Error_Handler)
    HAL_DMA_Abort                            0x080016af   Thumb Code   106  stm32g4xx_hal_dma.o(i.HAL_DMA_Abort)
    HAL_DMA_Abort_IT                         0x08001719   Thumb Code   120  stm32g4xx_hal_dma.o(i.HAL_DMA_Abort_IT)
    HAL_DMA_IRQHandler                       0x08001791   Thumb Code   186  stm32g4xx_hal_dma.o(i.HAL_DMA_IRQHandler)
    HAL_DMA_Init                             0x0800184d   Thumb Code   178  stm32g4xx_hal_dma.o(i.HAL_DMA_Init)
    HAL_Delay                                0x0800190d   Thumb Code    32  stm32g4xx_hal.o(i.HAL_Delay)
    HAL_GPIO_Init                            0x08001931   Thumb Code   550  stm32g4xx_hal_gpio.o(i.HAL_GPIO_Init)
    HAL_GPIO_ReadPin                         0x08001b79   Thumb Code    10  stm32g4xx_hal_gpio.o(i.HAL_GPIO_ReadPin)
    HAL_GPIO_TogglePin                       0x08001b83   Thumb Code    16  stm32g4xx_hal_gpio.o(i.HAL_GPIO_TogglePin)
    HAL_GPIO_WritePin                        0x08001b93   Thumb Code    10  stm32g4xx_hal_gpio.o(i.HAL_GPIO_WritePin)
    HAL_GetTick                              0x08001b9d   Thumb Code     6  stm32g4xx_hal.o(i.HAL_GetTick)
    HAL_IncTick                              0x08001ba9   Thumb Code    12  stm32g4xx_hal.o(i.HAL_IncTick)
    HAL_Init                                 0x08001bb9   Thumb Code    30  stm32g4xx_hal.o(i.HAL_Init)
    HAL_InitTick                             0x08001bd9   Thumb Code    58  stm32g4xx_hal.o(i.HAL_InitTick)
    HAL_MspInit                              0x08001c1d   Thumb Code    42  stm32g4xx_hal_msp.o(i.HAL_MspInit)
    HAL_NVIC_EnableIRQ                       0x08001c4d   Thumb Code    26  stm32g4xx_hal_cortex.o(i.HAL_NVIC_EnableIRQ)
    HAL_NVIC_SetPriority                     0x08001c69   Thumb Code    60  stm32g4xx_hal_cortex.o(i.HAL_NVIC_SetPriority)
    HAL_NVIC_SetPriorityGrouping             0x08001ca9   Thumb Code    26  stm32g4xx_hal_cortex.o(i.HAL_NVIC_SetPriorityGrouping)
    HAL_PWREx_ControlVoltageScaling          0x08001ccd   Thumb Code   174  stm32g4xx_hal_pwr_ex.o(i.HAL_PWREx_ControlVoltageScaling)
    HAL_PWREx_DisableUCPDDeadBattery         0x08001d89   Thumb Code    12  stm32g4xx_hal_pwr_ex.o(i.HAL_PWREx_DisableUCPDDeadBattery)
    HAL_RCCEx_PeriphCLKConfig                0x08001d99   Thumb Code   638  stm32g4xx_hal_rcc_ex.o(i.HAL_RCCEx_PeriphCLKConfig)
    HAL_RCC_ClockConfig                      0x08002021   Thumb Code   444  stm32g4xx_hal_rcc.o(i.HAL_RCC_ClockConfig)
    HAL_RCC_GetPCLK1Freq                     0x080021fd   Thumb Code    24  stm32g4xx_hal_rcc.o(i.HAL_RCC_GetPCLK1Freq)
    HAL_RCC_GetPCLK2Freq                     0x08002221   Thumb Code    24  stm32g4xx_hal_rcc.o(i.HAL_RCC_GetPCLK2Freq)
    HAL_RCC_GetSysClockFreq                  0x08002245   Thumb Code    98  stm32g4xx_hal_rcc.o(i.HAL_RCC_GetSysClockFreq)
    HAL_RCC_OscConfig                        0x080022b5   Thumb Code  1036  stm32g4xx_hal_rcc.o(i.HAL_RCC_OscConfig)
    HAL_SYSTICK_Config                       0x080026c1   Thumb Code    40  stm32g4xx_hal_cortex.o(i.HAL_SYSTICK_Config)
    HAL_TIMEx_Break2Callback                 0x080026e9   Thumb Code     2  stm32g4xx_hal_tim_ex.o(i.HAL_TIMEx_Break2Callback)
    HAL_TIMEx_BreakCallback                  0x080026eb   Thumb Code     2  stm32g4xx_hal_tim_ex.o(i.HAL_TIMEx_BreakCallback)
    HAL_TIMEx_CommutCallback                 0x080026ed   Thumb Code     2  stm32g4xx_hal_tim_ex.o(i.HAL_TIMEx_CommutCallback)
    HAL_TIMEx_DirectionChangeCallback        0x080026ef   Thumb Code     2  stm32g4xx_hal_tim_ex.o(i.HAL_TIMEx_DirectionChangeCallback)
    HAL_TIMEx_EncoderIndexCallback           0x080026f1   Thumb Code     2  stm32g4xx_hal_tim_ex.o(i.HAL_TIMEx_EncoderIndexCallback)
    HAL_TIMEx_IndexErrorCallback             0x080026f3   Thumb Code     2  stm32g4xx_hal_tim_ex.o(i.HAL_TIMEx_IndexErrorCallback)
    HAL_TIMEx_MasterConfigSynchronization    0x080026f5   Thumb Code   132  stm32g4xx_hal_tim_ex.o(i.HAL_TIMEx_MasterConfigSynchronization)
    HAL_TIMEx_TransitionErrorCallback        0x08002791   Thumb Code     2  stm32g4xx_hal_tim_ex.o(i.HAL_TIMEx_TransitionErrorCallback)
    HAL_TIM_Base_Init                        0x08002793   Thumb Code    98  stm32g4xx_hal_tim.o(i.HAL_TIM_Base_Init)
    HAL_TIM_Base_MspInit                     0x080027f5   Thumb Code    86  tim.o(i.HAL_TIM_Base_MspInit)
    HAL_TIM_Base_Start_IT                    0x08002855   Thumb Code    94  stm32g4xx_hal_tim.o(i.HAL_TIM_Base_Start_IT)
    HAL_TIM_ConfigClockSource                0x080028cd   Thumb Code   246  stm32g4xx_hal_tim.o(i.HAL_TIM_ConfigClockSource)
    HAL_TIM_IC_CaptureCallback               0x080029cd   Thumb Code     2  stm32g4xx_hal_tim.o(i.HAL_TIM_IC_CaptureCallback)
    HAL_TIM_IRQHandler                       0x080029cf   Thumb Code   508  stm32g4xx_hal_tim.o(i.HAL_TIM_IRQHandler)
    HAL_TIM_MspPostInit                      0x08002bcd   Thumb Code   106  tim.o(i.HAL_TIM_MspPostInit)
    HAL_TIM_OC_ConfigChannel                 0x08002c41   Thumb Code   110  stm32g4xx_hal_tim.o(i.HAL_TIM_OC_ConfigChannel)
    HAL_TIM_OC_DelayElapsedCallback          0x08002caf   Thumb Code     2  stm32g4xx_hal_tim.o(i.HAL_TIM_OC_DelayElapsedCallback)
    HAL_TIM_OC_Init                          0x08002cb1   Thumb Code    98  stm32g4xx_hal_tim.o(i.HAL_TIM_OC_Init)
    HAL_TIM_OC_MspInit                       0x08002d15   Thumb Code    30  tim.o(i.HAL_TIM_OC_MspInit)
    HAL_TIM_PWM_ConfigChannel                0x08002d3d   Thumb Code   292  stm32g4xx_hal_tim.o(i.HAL_TIM_PWM_ConfigChannel)
    HAL_TIM_PWM_Init                         0x08002e61   Thumb Code    98  stm32g4xx_hal_tim.o(i.HAL_TIM_PWM_Init)
    HAL_TIM_PWM_MspInit                      0x08002ec3   Thumb Code     2  stm32g4xx_hal_tim.o(i.HAL_TIM_PWM_MspInit)
    HAL_TIM_PWM_PulseFinishedCallback        0x08002ec5   Thumb Code     2  stm32g4xx_hal_tim.o(i.HAL_TIM_PWM_PulseFinishedCallback)
    HAL_TIM_PWM_Start                        0x08002ec9   Thumb Code   218  stm32g4xx_hal_tim.o(i.HAL_TIM_PWM_Start)
    HAL_TIM_PeriodElapsedCallback            0x08002fc5   Thumb Code    18  interrupt.o(i.HAL_TIM_PeriodElapsedCallback)
    HAL_TIM_TriggerCallback                  0x08002fe1   Thumb Code     2  stm32g4xx_hal_tim.o(i.HAL_TIM_TriggerCallback)
    HAL_UARTEx_DisableFifoMode               0x08002fe3   Thumb Code    62  stm32g4xx_hal_uart_ex.o(i.HAL_UARTEx_DisableFifoMode)
    HAL_UARTEx_RxEventCallback               0x08003021   Thumb Code     2  stm32g4xx_hal_uart.o(i.HAL_UARTEx_RxEventCallback)
    HAL_UARTEx_RxFifoFullCallback            0x08003023   Thumb Code     2  stm32g4xx_hal_uart_ex.o(i.HAL_UARTEx_RxFifoFullCallback)
    HAL_UARTEx_SetRxFifoThreshold            0x08003025   Thumb Code    76  stm32g4xx_hal_uart_ex.o(i.HAL_UARTEx_SetRxFifoThreshold)
    HAL_UARTEx_SetTxFifoThreshold            0x08003071   Thumb Code    76  stm32g4xx_hal_uart_ex.o(i.HAL_UARTEx_SetTxFifoThreshold)
    HAL_UARTEx_TxFifoEmptyCallback           0x080030bd   Thumb Code     2  stm32g4xx_hal_uart_ex.o(i.HAL_UARTEx_TxFifoEmptyCallback)
    HAL_UARTEx_WakeupCallback                0x080030bf   Thumb Code     2  stm32g4xx_hal_uart_ex.o(i.HAL_UARTEx_WakeupCallback)
    HAL_UART_ErrorCallback                   0x080030c1   Thumb Code     2  stm32g4xx_hal_uart.o(i.HAL_UART_ErrorCallback)
    HAL_UART_IRQHandler                      0x080030c5   Thumb Code   722  stm32g4xx_hal_uart.o(i.HAL_UART_IRQHandler)
    HAL_UART_Init                            0x080033a5   Thumb Code   106  stm32g4xx_hal_uart.o(i.HAL_UART_Init)
    HAL_UART_MspInit                         0x08003411   Thumb Code   176  usart.o(i.HAL_UART_MspInit)
    HAL_UART_Receive_IT                      0x080034d1   Thumb Code    80  stm32g4xx_hal_uart.o(i.HAL_UART_Receive_IT)
    HAL_UART_RxCpltCallback                  0x08003525   Thumb Code    18  interrupt.o(i.HAL_UART_RxCpltCallback)
    HAL_UART_Transmit                        0x08003541   Thumb Code   188  stm32g4xx_hal_uart.o(i.HAL_UART_Transmit)
    HAL_UART_TxCpltCallback                  0x080035fd   Thumb Code     2  stm32g4xx_hal_uart.o(i.HAL_UART_TxCpltCallback)
    HardFault_Handler                        0x080035ff   Thumb Code     2  stm32g4xx_it.o(i.HardFault_Handler)
    LCD_BusIn                                0x08003601   Thumb Code    40  lcd.o(i.LCD_BusIn)
    LCD_BusOut                               0x0800362d   Thumb Code    42  lcd.o(i.LCD_BusOut)
    LCD_Clear                                0x0800365d   Thumb Code    36  lcd.o(i.LCD_Clear)
    LCD_CtrlLinesConfig                      0x08003681   Thumb Code   136  lcd.o(i.LCD_CtrlLinesConfig)
    LCD_DisplayChar                          0x08003711   Thumb Code    18  lcd.o(i.LCD_DisplayChar)
    LCD_DisplayStringLine                    0x08003729   Thumb Code    42  lcd.o(i.LCD_DisplayStringLine)
    LCD_DrawChar                             0x08003755   Thumb Code    84  lcd.o(i.LCD_DrawChar)
    LCD_Init                                 0x080037ad   Thumb Code    46  lcd.o(i.LCD_Init)
    LCD_ReadReg                              0x080037e1   Thumb Code   120  lcd.o(i.LCD_ReadReg)
    LCD_SetCursor                            0x08003861   Thumb Code    24  lcd.o(i.LCD_SetCursor)
    LCD_WriteRAM                             0x08003879   Thumb Code    88  lcd.o(i.LCD_WriteRAM)
    LCD_WriteRAM_Prepare                     0x080038d9   Thumb Code    90  lcd.o(i.LCD_WriteRAM_Prepare)
    LCD_WriteReg                             0x0800393d   Thumb Code   106  lcd.o(i.LCD_WriteReg)
    MX_DMA_Init                              0x080039b1   Thumb Code    72  dma.o(i.MX_DMA_Init)
    MX_GPIO_Init                             0x080039fd   Thumb Code   194  gpio.o(i.MX_GPIO_Init)
    MX_TIM2_Init                             0x08003ad1   Thumb Code   150  tim.o(i.MX_TIM2_Init)
    MX_TIM3_Init                             0x08003b6d   Thumb Code   106  tim.o(i.MX_TIM3_Init)
    MX_TIM7_Init                             0x08003be1   Thumb Code    62  tim.o(i.MX_TIM7_Init)
    MX_USART1_UART_Init                      0x08003c29   Thumb Code    94  usart.o(i.MX_USART1_UART_Init)
    MemManage_Handler                        0x08003c91   Thumb Code     2  stm32g4xx_it.o(i.MemManage_Handler)
    NMI_Handler                              0x08003c93   Thumb Code     2  stm32g4xx_it.o(i.NMI_Handler)
    PendSV_Handler                           0x08003c95   Thumb Code     2  stm32g4xx_it.o(i.PendSV_Handler)
    REG_8230_Init                            0x08003c97   Thumb Code   274  lcd.o(i.REG_8230_Init)
    REG_932X_Init                            0x08003da9   Thumb Code   514  lcd.o(i.REG_932X_Init)
    SVC_Handler                              0x08003fab   Thumb Code     2  stm32g4xx_it.o(i.SVC_Handler)
    SysTick_Handler                          0x08003fad   Thumb Code     4  stm32g4xx_it.o(i.SysTick_Handler)
    SystemClock_Config                       0x08003fb1   Thumb Code   102  main.o(i.SystemClock_Config)
    SystemInit                               0x08004019   Thumb Code    12  system_stm32g4xx.o(i.SystemInit)
    TIM2_IRQHandler                          0x08004029   Thumb Code     6  stm32g4xx_it.o(i.TIM2_IRQHandler)
    TIM7_IRQHandler                          0x08004035   Thumb Code     6  stm32g4xx_it.o(i.TIM7_IRQHandler)
    TIM_Base_SetConfig                       0x08004041   Thumb Code   146  stm32g4xx_hal_tim.o(i.TIM_Base_SetConfig)
    TIM_CCxChannelCmd                        0x080040f1   Thumb Code    26  stm32g4xx_hal_tim.o(i.TIM_CCxChannelCmd)
    TIM_ETR_SetConfig                        0x0800410b   Thumb Code    20  stm32g4xx_hal_tim.o(i.TIM_ETR_SetConfig)
    TIM_OC2_SetConfig                        0x080041d1   Thumb Code   120  stm32g4xx_hal_tim.o(i.TIM_OC2_SetConfig)
    UART_AdvFeatureConfig                    0x080044ed   Thumb Code   200  stm32g4xx_hal_uart.o(i.UART_AdvFeatureConfig)
    UART_CheckIdleState                      0x080045b5   Thumb Code    96  stm32g4xx_hal_uart.o(i.UART_CheckIdleState)
    UART_SetConfig                           0x08004aad   Thumb Code   582  stm32g4xx_hal_uart.o(i.UART_SetConfig)
    UART_Start_Receive_IT                    0x08004d21   Thumb Code   262  stm32g4xx_hal_uart.o(i.UART_Start_Receive_IT)
    UART_WaitOnFlagUntilTimeout              0x08004e39   Thumb Code   198  stm32g4xx_hal_uart.o(i.UART_WaitOnFlagUntilTimeout)
    USART1_IRQHandler                        0x08004f01   Thumb Code     6  stm32g4xx_it.o(i.USART1_IRQHandler)
    UsageFault_Handler                       0x08004f0d   Thumb Code     2  stm32g4xx_it.o(i.UsageFault_Handler)
    __ARM_fpclassify                         0x08004f0f   Thumb Code    48  fpclassify.o(i.__ARM_fpclassify)
    _is_digit                                0x08004f5f   Thumb Code    14  __printf_wp.o(i._is_digit)
    changeAllLedByStateNumber                0x08004f6d   Thumb Code    48  led.o(i.changeAllLedByStateNumber)
    changeLedStateByLocation                 0x08004fa5   Thumb Code    46  led.o(i.changeLedStateByLocation)
    lcdInit                                  0x08005201   Thumb Code    42  lcd.o(i.lcdInit)
    main                                     0x080052f9   Thumb Code    42  main.o(i.main)
    rollbackLedByLocation                    0x08005325   Thumb Code    36  led.o(i.rollbackLedByLocation)
    scanKey                                  0x08005351   Thumb Code   184  key.o(i.scanKey)
    sysInit                                  0x08005411   Thumb Code    48  config.o(i.sysInit)
    sysWork                                  0x08005455   Thumb Code    26  config.o(i.sysWork)
    _get_lc_numeric                          0x080054f5   Thumb Code    44  lc_numeric_c.o(locale$$code)
    __fpl_dretinf                            0x08005521   Thumb Code    12  dretinf.o(x$fpl$dretinf)
    __aeabi_f2d                              0x0800552d   Thumb Code     0  f2d.o(x$fpl$f2d)
    _f2d                                     0x0800552d   Thumb Code    86  f2d.o(x$fpl$f2d)
    __fpl_fnaninf                            0x08005583   Thumb Code   140  fnaninf.o(x$fpl$fnaninf)
    _fp_init                                 0x0800560f   Thumb Code    10  fpinit.o(x$fpl$fpinit)
    __fplib_config_fpu_vfp                   0x08005617   Thumb Code     0  fpinit.o(x$fpl$fpinit)
    __fplib_config_pureend_doubles           0x08005617   Thumb Code     0  fpinit.o(x$fpl$fpinit)
    _printf_fp_dec                           0x08005619   Thumb Code     4  printf1.o(x$fpl$printf1)
    UARTPrescTable                           0x0800561c   Data          24  stm32g4xx_hal_uart.o(.constdata)
    __I$use$fp                               0x0800561c   Number         0  usenofp.o(x$fpl$usenofp)
    AHBPrescTable                            0x08005644   Data          16  system_stm32g4xx.o(.constdata)
    APBPrescTable                            0x08005654   Data           8  system_stm32g4xx.o(.constdata)
    ASCII_Table                              0x0800565c   Data        4560  lcd.o(.constdata)
    Region$$Table$$Base                      0x080068c0   Number         0  anon$$obj.o(Region$$Table)
    Region$$Table$$Limit                     0x080068e0   Number         0  anon$$obj.o(Region$$Table)
    uwTickPrio                               0x20000000   Data           4  stm32g4xx_hal.o(.data)
    uwTickFreq                               0x20000004   Data           4  stm32g4xx_hal.o(.data)
    uwTick                                   0x20000008   Data           4  stm32g4xx_hal.o(.data)
    SystemCoreClock                          0x2000000c   Data           4  system_stm32g4xx.o(.data)
    displayCount                             0x20000010   Data           1  config.o(.data)
    contrlMod                                0x20000011   Data           1  config.o(.data)
    flag                                     0x20000012   Data           1  config.o(.data)
    displayData                              0x20000014   Data          24  config.o(.data)
    oldData                                  0x2000002c   Data          24  config.o(.data)
    _ucRxbuff                                0x20000044   Data           1  interrupt.o(.data)
    tim7Count                                0x20000046   Data           2  interrupt.o(.data)
    dummy                                    0x2000004e   Data           2  lcd.o(.data)
    htim2                                    0x20000050   Data          76  tim.o(.bss)
    htim3                                    0x2000009c   Data          76  tim.o(.bss)
    htim7                                    0x200000e8   Data          76  tim.o(.bss)
    huart1                                   0x20000134   Data         144  usart.o(.bss)
    hdma_usart1_tx                           0x200001c4   Data          96  usart.o(.bss)
    __libspace_start                         0x20000224   Data          96  libspace.o(.bss)
    __temporary_stack_top$libspace           0x20000284   Data           0  libspace.o(.bss)



==============================================================================

Memory Map of the image

  Image Entry point : 0x080001d9

  Load Region LR_IROM1 (Base: 0x08000000, Size: 0x0000694c, Max: 0x00020000, ABSOLUTE)

    Execution Region ER_IROM1 (Exec base: 0x08000000, Load base: 0x08000000, Size: 0x000068fc, Max: 0x00020000, ABSOLUTE)

    Exec Addr    Load Addr    Size         Type   Attr      Idx    E Section Name        Object

    0x08000000   0x08000000   0x000001d8   Data   RO            3    RESET               startup_stm32g431xx.o
    0x080001d8   0x080001d8   0x00000008   Code   RO         4118  * !!!main             c_w.l(__main.o)
    0x080001e0   0x080001e0   0x00000034   Code   RO         4348    !!!scatter          c_w.l(__scatter.o)
    0x08000214   0x08000214   0x0000001a   Code   RO         4350    !!handler_copy      c_w.l(__scatter_copy.o)
    0x0800022e   0x0800022e   0x00000002   PAD
    0x08000230   0x08000230   0x0000001c   Code   RO         4352    !!handler_zi        c_w.l(__scatter_zi.o)
    0x0800024c   0x0800024c   0x00000000   Code   RO         4109    .ARM.Collect$$_printf_percent$$00000000  c_w.l(_printf_percent.o)
    0x0800024c   0x0800024c   0x00000006   Code   RO         4108    .ARM.Collect$$_printf_percent$$00000003  c_w.l(_printf_f.o)
    0x08000252   0x08000252   0x00000006   Code   RO         4107    .ARM.Collect$$_printf_percent$$00000009  c_w.l(_printf_d.o)
    0x08000258   0x08000258   0x00000006   Code   RO         4106    .ARM.Collect$$_printf_percent$$00000014  c_w.l(_printf_s.o)
    0x0800025e   0x0800025e   0x00000004   Code   RO         4139    .ARM.Collect$$_printf_percent$$00000017  c_w.l(_printf_percent_end.o)
    0x08000262   0x08000262   0x00000002   Code   RO         4221    .ARM.Collect$$libinit$$00000000  c_w.l(libinit.o)
    0x08000264   0x08000264   0x00000004   Code   RO         4222    .ARM.Collect$$libinit$$00000001  c_w.l(libinit2.o)
    0x08000268   0x08000268   0x00000000   Code   RO         4225    .ARM.Collect$$libinit$$00000004  c_w.l(libinit2.o)
    0x08000268   0x08000268   0x00000000   Code   RO         4228    .ARM.Collect$$libinit$$0000000A  c_w.l(libinit2.o)
    0x08000268   0x08000268   0x00000000   Code   RO         4230    .ARM.Collect$$libinit$$0000000C  c_w.l(libinit2.o)
    0x08000268   0x08000268   0x00000000   Code   RO         4232    .ARM.Collect$$libinit$$0000000E  c_w.l(libinit2.o)
    0x08000268   0x08000268   0x00000006   Code   RO         4233    .ARM.Collect$$libinit$$0000000F  c_w.l(libinit2.o)
    0x0800026e   0x0800026e   0x00000000   Code   RO         4235    .ARM.Collect$$libinit$$00000011  c_w.l(libinit2.o)
    0x0800026e   0x0800026e   0x00000000   Code   RO         4237    .ARM.Collect$$libinit$$00000013  c_w.l(libinit2.o)
    0x0800026e   0x0800026e   0x00000000   Code   RO         4239    .ARM.Collect$$libinit$$00000015  c_w.l(libinit2.o)
    0x0800026e   0x0800026e   0x0000000a   Code   RO         4240    .ARM.Collect$$libinit$$00000016  c_w.l(libinit2.o)
    0x08000278   0x08000278   0x00000000   Code   RO         4241    .ARM.Collect$$libinit$$00000017  c_w.l(libinit2.o)
    0x08000278   0x08000278   0x00000000   Code   RO         4243    .ARM.Collect$$libinit$$00000019  c_w.l(libinit2.o)
    0x08000278   0x08000278   0x00000000   Code   RO         4245    .ARM.Collect$$libinit$$0000001B  c_w.l(libinit2.o)
    0x08000278   0x08000278   0x00000000   Code   RO         4247    .ARM.Collect$$libinit$$0000001D  c_w.l(libinit2.o)
    0x08000278   0x08000278   0x00000000   Code   RO         4249    .ARM.Collect$$libinit$$0000001F  c_w.l(libinit2.o)
    0x08000278   0x08000278   0x00000000   Code   RO         4251    .ARM.Collect$$libinit$$00000021  c_w.l(libinit2.o)
    0x08000278   0x08000278   0x00000000   Code   RO         4253    .ARM.Collect$$libinit$$00000023  c_w.l(libinit2.o)
    0x08000278   0x08000278   0x00000000   Code   RO         4255    .ARM.Collect$$libinit$$00000025  c_w.l(libinit2.o)
    0x08000278   0x08000278   0x00000000   Code   RO         4259    .ARM.Collect$$libinit$$0000002C  c_w.l(libinit2.o)
    0x08000278   0x08000278   0x00000000   Code   RO         4261    .ARM.Collect$$libinit$$0000002E  c_w.l(libinit2.o)
    0x08000278   0x08000278   0x00000000   Code   RO         4263    .ARM.Collect$$libinit$$00000030  c_w.l(libinit2.o)
    0x08000278   0x08000278   0x00000000   Code   RO         4265    .ARM.Collect$$libinit$$00000032  c_w.l(libinit2.o)
    0x08000278   0x08000278   0x00000002   Code   RO         4266    .ARM.Collect$$libinit$$00000033  c_w.l(libinit2.o)
    0x0800027a   0x0800027a   0x00000002   Code   RO         4313    .ARM.Collect$$libshutdown$$00000000  c_w.l(libshutdown.o)
    0x0800027c   0x0800027c   0x00000000   Code   RO         4331    .ARM.Collect$$libshutdown$$00000002  c_w.l(libshutdown2.o)
    0x0800027c   0x0800027c   0x00000000   Code   RO         4333    .ARM.Collect$$libshutdown$$00000004  c_w.l(libshutdown2.o)
    0x0800027c   0x0800027c   0x00000000   Code   RO         4336    .ARM.Collect$$libshutdown$$00000007  c_w.l(libshutdown2.o)
    0x0800027c   0x0800027c   0x00000000   Code   RO         4339    .ARM.Collect$$libshutdown$$0000000A  c_w.l(libshutdown2.o)
    0x0800027c   0x0800027c   0x00000000   Code   RO         4341    .ARM.Collect$$libshutdown$$0000000C  c_w.l(libshutdown2.o)
    0x0800027c   0x0800027c   0x00000000   Code   RO         4344    .ARM.Collect$$libshutdown$$0000000F  c_w.l(libshutdown2.o)
    0x0800027c   0x0800027c   0x00000002   Code   RO         4345    .ARM.Collect$$libshutdown$$00000010  c_w.l(libshutdown2.o)
    0x0800027e   0x0800027e   0x00000000   Code   RO         4124    .ARM.Collect$$rtentry$$00000000  c_w.l(__rtentry.o)
    0x0800027e   0x0800027e   0x00000000   Code   RO         4146    .ARM.Collect$$rtentry$$00000002  c_w.l(__rtentry2.o)
    0x0800027e   0x0800027e   0x00000006   Code   RO         4158    .ARM.Collect$$rtentry$$00000004  c_w.l(__rtentry4.o)
    0x08000284   0x08000284   0x00000000   Code   RO         4148    .ARM.Collect$$rtentry$$00000009  c_w.l(__rtentry2.o)
    0x08000284   0x08000284   0x00000004   Code   RO         4149    .ARM.Collect$$rtentry$$0000000A  c_w.l(__rtentry2.o)
    0x08000288   0x08000288   0x00000000   Code   RO         4151    .ARM.Collect$$rtentry$$0000000C  c_w.l(__rtentry2.o)
    0x08000288   0x08000288   0x00000008   Code   RO         4152    .ARM.Collect$$rtentry$$0000000D  c_w.l(__rtentry2.o)
    0x08000290   0x08000290   0x00000002   Code   RO         4267    .ARM.Collect$$rtexit$$00000000  c_w.l(rtexit.o)
    0x08000292   0x08000292   0x00000000   Code   RO         4282    .ARM.Collect$$rtexit$$00000002  c_w.l(rtexit2.o)
    0x08000292   0x08000292   0x00000004   Code   RO         4283    .ARM.Collect$$rtexit$$00000003  c_w.l(rtexit2.o)
    0x08000296   0x08000296   0x00000006   Code   RO         4284    .ARM.Collect$$rtexit$$00000004  c_w.l(rtexit2.o)
    0x0800029c   0x0800029c   0x00000040   Code   RO            4    .text               startup_stm32g431xx.o
    0x080002dc   0x080002dc   0x000000ee   Code   RO         4074    .text               c_w.l(lludivv7m.o)
    0x080003ca   0x080003ca   0x00000002   PAD
    0x080003cc   0x080003cc   0x00000028   Code   RO         4078    .text               c_w.l(noretval__2sprintf.o)
    0x080003f4   0x080003f4   0x00000052   Code   RO         4082    .text               c_w.l(_printf_str.o)
    0x08000446   0x08000446   0x00000002   PAD
    0x08000448   0x08000448   0x00000078   Code   RO         4084    .text               c_w.l(_printf_dec.o)
    0x080004c0   0x080004c0   0x0000010e   Code   RO         4094    .text               c_w.l(__printf_wp.o)
    0x080005ce   0x080005ce   0x0000003e   Code   RO         4110    .text               c_w.l(strlen.o)
    0x0800060c   0x0800060c   0x0000004e   Code   RO         4112    .text               c_w.l(rt_memclr_w.o)
    0x0800065a   0x0800065a   0x00000002   PAD
    0x0800065c   0x0800065c   0x00000080   Code   RO         4114    .text               c_w.l(strcmpv7m.o)
    0x080006dc   0x080006dc   0x00000006   Code   RO         4116    .text               c_w.l(heapauxi.o)
    0x080006e2   0x080006e2   0x000000b2   Code   RO         4129    .text               c_w.l(_printf_intcommon.o)
    0x08000794   0x08000794   0x0000041e   Code   RO         4131    .text               c_w.l(_printf_fp_dec.o)
    0x08000bb2   0x08000bb2   0x00000002   PAD
    0x08000bb4   0x08000bb4   0x00000030   Code   RO         4133    .text               c_w.l(_printf_char_common.o)
    0x08000be4   0x08000be4   0x0000000a   Code   RO         4135    .text               c_w.l(_sputc.o)
    0x08000bee   0x08000bee   0x0000002c   Code   RO         4137    .text               c_w.l(_printf_char.o)
    0x08000c1a   0x08000c1a   0x00000002   PAD
    0x08000c1c   0x08000c1c   0x00000008   Code   RO         4165    .text               c_w.l(rt_locale_intlibspace.o)
    0x08000c24   0x08000c24   0x0000008a   Code   RO         4167    .text               c_w.l(lludiv10.o)
    0x08000cae   0x08000cae   0x00000002   PAD
    0x08000cb0   0x08000cb0   0x00000080   Code   RO         4169    .text               c_w.l(_printf_fp_infnan.o)
    0x08000d30   0x08000d30   0x000000e4   Code   RO         4173    .text               c_w.l(bigflt0.o)
    0x08000e14   0x08000e14   0x00000008   Code   RO         4205    .text               c_w.l(libspace.o)
    0x08000e1c   0x08000e1c   0x0000004a   Code   RO         4208    .text               c_w.l(sys_stackheap_outer.o)
    0x08000e66   0x08000e66   0x00000012   Code   RO         4210    .text               c_w.l(exit.o)
    0x08000e78   0x08000e78   0x0000000c   Code   RO         4279    .text               c_w.l(sys_exit.o)
    0x08000e84   0x08000e84   0x00000002   Code   RO         4300    .text               c_w.l(use_no_semi.o)
    0x08000e86   0x08000e86   0x00000000   Code   RO         4302    .text               c_w.l(indicate_semi.o)
    0x08000e86   0x08000e86   0x0000003e   Code   RO         4176    CL$$btod_d2e        c_w.l(btod.o)
    0x08000ec4   0x08000ec4   0x00000046   Code   RO         4178    CL$$btod_d2e_denorm_low  c_w.l(btod.o)
    0x08000f0a   0x08000f0a   0x00000060   Code   RO         4177    CL$$btod_d2e_norm_op1  c_w.l(btod.o)
    0x08000f6a   0x08000f6a   0x00000338   Code   RO         4186    CL$$btod_div_common  c_w.l(btod.o)
    0x080012a2   0x080012a2   0x000000dc   Code   RO         4183    CL$$btod_e2e        c_w.l(btod.o)
    0x0800137e   0x0800137e   0x0000002a   Code   RO         4180    CL$$btod_ediv       c_w.l(btod.o)
    0x080013a8   0x080013a8   0x0000002a   Code   RO         4179    CL$$btod_emul       c_w.l(btod.o)
    0x080013d2   0x080013d2   0x00000244   Code   RO         4185    CL$$btod_mult_common  c_w.l(btod.o)
    0x08001616   0x08001616   0x00000002   Code   RO          348    i.BusFault_Handler  stm32g4xx_it.o
    0x08001618   0x08001618   0x0000000c   Code   RO          349    i.DMA1_Channel1_IRQHandler  stm32g4xx_it.o
    0x08001624   0x08001624   0x00000002   Code   RO          350    i.DMAMUX_OVR_IRQHandler  stm32g4xx_it.o
    0x08001626   0x08001626   0x00000002   PAD
    0x08001628   0x08001628   0x00000040   Code   RO         2696    i.DMA_CalcDMAMUXChannelBaseAndMask  stm32g4xx_hal_dma.o
    0x08001668   0x08001668   0x00000024   Code   RO         2697    i.DMA_CalcDMAMUXRequestGenBaseAndMask  stm32g4xx_hal_dma.o
    0x0800168c   0x0800168c   0x00000002   Code   RO          351    i.DebugMon_Handler  stm32g4xx_it.o
    0x0800168e   0x0800168e   0x0000001c   Code   RO         3824    i.Delay_LCD         lcd.o
    0x080016aa   0x080016aa   0x00000004   Code   RO           13    i.Error_Handler     main.o
    0x080016ae   0x080016ae   0x0000006a   Code   RO         2699    i.HAL_DMA_Abort     stm32g4xx_hal_dma.o
    0x08001718   0x08001718   0x00000078   Code   RO         2700    i.HAL_DMA_Abort_IT  stm32g4xx_hal_dma.o
    0x08001790   0x08001790   0x000000ba   Code   RO         2704    i.HAL_DMA_IRQHandler  stm32g4xx_hal_dma.o
    0x0800184a   0x0800184a   0x00000002   PAD
    0x0800184c   0x0800184c   0x000000c0   Code   RO         2705    i.HAL_DMA_Init      stm32g4xx_hal_dma.o
    0x0800190c   0x0800190c   0x00000024   Code   RO         1870    i.HAL_Delay         stm32g4xx_hal.o
    0x08001930   0x08001930   0x00000248   Code   RO         2561    i.HAL_GPIO_Init     stm32g4xx_hal_gpio.o
    0x08001b78   0x08001b78   0x0000000a   Code   RO         2563    i.HAL_GPIO_ReadPin  stm32g4xx_hal_gpio.o
    0x08001b82   0x08001b82   0x00000010   Code   RO         2564    i.HAL_GPIO_TogglePin  stm32g4xx_hal_gpio.o
    0x08001b92   0x08001b92   0x0000000a   Code   RO         2565    i.HAL_GPIO_WritePin  stm32g4xx_hal_gpio.o
    0x08001b9c   0x08001b9c   0x0000000c   Code   RO         1874    i.HAL_GetTick       stm32g4xx_hal.o
    0x08001ba8   0x08001ba8   0x00000010   Code   RO         1877    i.HAL_IncTick       stm32g4xx_hal.o
    0x08001bb8   0x08001bb8   0x0000001e   Code   RO         1878    i.HAL_Init          stm32g4xx_hal.o
    0x08001bd6   0x08001bd6   0x00000002   PAD
    0x08001bd8   0x08001bd8   0x00000044   Code   RO         1879    i.HAL_InitTick      stm32g4xx_hal.o
    0x08001c1c   0x08001c1c   0x00000030   Code   RO          454    i.HAL_MspInit       stm32g4xx_hal_msp.o
    0x08001c4c   0x08001c4c   0x0000001a   Code   RO         2968    i.HAL_NVIC_EnableIRQ  stm32g4xx_hal_cortex.o
    0x08001c66   0x08001c66   0x00000002   PAD
    0x08001c68   0x08001c68   0x00000040   Code   RO         2974    i.HAL_NVIC_SetPriority  stm32g4xx_hal_cortex.o
    0x08001ca8   0x08001ca8   0x00000024   Code   RO         2975    i.HAL_NVIC_SetPriorityGrouping  stm32g4xx_hal_cortex.o
    0x08001ccc   0x08001ccc   0x000000bc   Code   RO         1624    i.HAL_PWREx_ControlVoltageScaling  stm32g4xx_hal_pwr_ex.o
    0x08001d88   0x08001d88   0x00000010   Code   RO         1636    i.HAL_PWREx_DisableUCPDDeadBattery  stm32g4xx_hal_pwr_ex.o
    0x08001d98   0x08001d98   0x00000288   Code   RO         2223    i.HAL_RCCEx_PeriphCLKConfig  stm32g4xx_hal_rcc_ex.o
    0x08002020   0x08002020   0x000001dc   Code   RO         2098    i.HAL_RCC_ClockConfig  stm32g4xx_hal_rcc.o
    0x080021fc   0x080021fc   0x00000024   Code   RO         2106    i.HAL_RCC_GetPCLK1Freq  stm32g4xx_hal_rcc.o
    0x08002220   0x08002220   0x00000024   Code   RO         2107    i.HAL_RCC_GetPCLK2Freq  stm32g4xx_hal_rcc.o
    0x08002244   0x08002244   0x00000070   Code   RO         2108    i.HAL_RCC_GetSysClockFreq  stm32g4xx_hal_rcc.o
    0x080022b4   0x080022b4   0x0000040c   Code   RO         2111    i.HAL_RCC_OscConfig  stm32g4xx_hal_rcc.o
    0x080026c0   0x080026c0   0x00000028   Code   RO         2979    i.HAL_SYSTICK_Config  stm32g4xx_hal_cortex.o
    0x080026e8   0x080026e8   0x00000002   Code   RO         1194    i.HAL_TIMEx_Break2Callback  stm32g4xx_hal_tim_ex.o
    0x080026ea   0x080026ea   0x00000002   Code   RO         1195    i.HAL_TIMEx_BreakCallback  stm32g4xx_hal_tim_ex.o
    0x080026ec   0x080026ec   0x00000002   Code   RO         1196    i.HAL_TIMEx_CommutCallback  stm32g4xx_hal_tim_ex.o
    0x080026ee   0x080026ee   0x00000002   Code   RO         1207    i.HAL_TIMEx_DirectionChangeCallback  stm32g4xx_hal_tim_ex.o
    0x080026f0   0x080026f0   0x00000002   Code   RO         1221    i.HAL_TIMEx_EncoderIndexCallback  stm32g4xx_hal_tim_ex.o
    0x080026f2   0x080026f2   0x00000002   Code   RO         1235    i.HAL_TIMEx_IndexErrorCallback  stm32g4xx_hal_tim_ex.o
    0x080026f4   0x080026f4   0x0000009c   Code   RO         1236    i.HAL_TIMEx_MasterConfigSynchronization  stm32g4xx_hal_tim_ex.o
    0x08002790   0x08002790   0x00000002   Code   RO         1257    i.HAL_TIMEx_TransitionErrorCallback  stm32g4xx_hal_tim_ex.o
    0x08002792   0x08002792   0x00000062   Code   RO          480    i.HAL_TIM_Base_Init  stm32g4xx_hal_tim.o
    0x080027f4   0x080027f4   0x00000060   Code   RO          235    i.HAL_TIM_Base_MspInit  tim.o
    0x08002854   0x08002854   0x00000078   Code   RO          485    i.HAL_TIM_Base_Start_IT  stm32g4xx_hal_tim.o
    0x080028cc   0x080028cc   0x00000100   Code   RO          489    i.HAL_TIM_ConfigClockSource  stm32g4xx_hal_tim.o
    0x080029cc   0x080029cc   0x00000002   Code   RO          514    i.HAL_TIM_IC_CaptureCallback  stm32g4xx_hal_tim.o
    0x080029ce   0x080029ce   0x000001fc   Code   RO          528    i.HAL_TIM_IRQHandler  stm32g4xx_hal_tim.o
    0x08002bca   0x08002bca   0x00000002   PAD
    0x08002bcc   0x08002bcc   0x00000074   Code   RO          236    i.HAL_TIM_MspPostInit  tim.o
    0x08002c40   0x08002c40   0x0000006e   Code   RO          529    i.HAL_TIM_OC_ConfigChannel  stm32g4xx_hal_tim.o
    0x08002cae   0x08002cae   0x00000002   Code   RO          531    i.HAL_TIM_OC_DelayElapsedCallback  stm32g4xx_hal_tim.o
    0x08002cb0   0x08002cb0   0x00000062   Code   RO          533    i.HAL_TIM_OC_Init   stm32g4xx_hal_tim.o
    0x08002d12   0x08002d12   0x00000002   PAD
    0x08002d14   0x08002d14   0x00000028   Code   RO          238    i.HAL_TIM_OC_MspInit  tim.o
    0x08002d3c   0x08002d3c   0x00000124   Code   RO          552    i.HAL_TIM_PWM_ConfigChannel  stm32g4xx_hal_tim.o
    0x08002e60   0x08002e60   0x00000062   Code   RO          555    i.HAL_TIM_PWM_Init  stm32g4xx_hal_tim.o
    0x08002ec2   0x08002ec2   0x00000002   Code   RO          557    i.HAL_TIM_PWM_MspInit  stm32g4xx_hal_tim.o
    0x08002ec4   0x08002ec4   0x00000002   Code   RO          558    i.HAL_TIM_PWM_PulseFinishedCallback  stm32g4xx_hal_tim.o
    0x08002ec6   0x08002ec6   0x00000002   PAD
    0x08002ec8   0x08002ec8   0x000000fc   Code   RO          560    i.HAL_TIM_PWM_Start  stm32g4xx_hal_tim.o
    0x08002fc4   0x08002fc4   0x0000001c   Code   RO         3730    i.HAL_TIM_PeriodElapsedCallback  interrupt.o
    0x08002fe0   0x08002fe0   0x00000002   Code   RO          571    i.HAL_TIM_TriggerCallback  stm32g4xx_hal_tim.o
    0x08002fe2   0x08002fe2   0x0000003e   Code   RO         3518    i.HAL_UARTEx_DisableFifoMode  stm32g4xx_hal_uart_ex.o
    0x08003020   0x08003020   0x00000002   Code   RO         3107    i.HAL_UARTEx_RxEventCallback  stm32g4xx_hal_uart.o
    0x08003022   0x08003022   0x00000002   Code   RO         3525    i.HAL_UARTEx_RxFifoFullCallback  stm32g4xx_hal_uart_ex.o
    0x08003024   0x08003024   0x0000004c   Code   RO         3526    i.HAL_UARTEx_SetRxFifoThreshold  stm32g4xx_hal_uart_ex.o
    0x08003070   0x08003070   0x0000004c   Code   RO         3527    i.HAL_UARTEx_SetTxFifoThreshold  stm32g4xx_hal_uart_ex.o
    0x080030bc   0x080030bc   0x00000002   Code   RO         3529    i.HAL_UARTEx_TxFifoEmptyCallback  stm32g4xx_hal_uart_ex.o
    0x080030be   0x080030be   0x00000002   Code   RO         3530    i.HAL_UARTEx_WakeupCallback  stm32g4xx_hal_uart_ex.o
    0x080030c0   0x080030c0   0x00000002   Code   RO         3123    i.HAL_UART_ErrorCallback  stm32g4xx_hal_uart.o
    0x080030c2   0x080030c2   0x00000002   PAD
    0x080030c4   0x080030c4   0x000002e0   Code   RO         3126    i.HAL_UART_IRQHandler  stm32g4xx_hal_uart.o
    0x080033a4   0x080033a4   0x0000006a   Code   RO         3127    i.HAL_UART_Init     stm32g4xx_hal_uart.o
    0x0800340e   0x0800340e   0x00000002   PAD
    0x08003410   0x08003410   0x000000c0   Code   RO          307    i.HAL_UART_MspInit  usart.o
    0x080034d0   0x080034d0   0x00000054   Code   RO         3132    i.HAL_UART_Receive_IT  stm32g4xx_hal_uart.o
    0x08003524   0x08003524   0x0000001c   Code   RO         3731    i.HAL_UART_RxCpltCallback  interrupt.o
    0x08003540   0x08003540   0x000000bc   Code   RO         3136    i.HAL_UART_Transmit  stm32g4xx_hal_uart.o
    0x080035fc   0x080035fc   0x00000002   Code   RO         3139    i.HAL_UART_TxCpltCallback  stm32g4xx_hal_uart.o
    0x080035fe   0x080035fe   0x00000002   Code   RO          352    i.HardFault_Handler  stm32g4xx_it.o
    0x08003600   0x08003600   0x0000002c   Code   RO         3825    i.LCD_BusIn         lcd.o
    0x0800362c   0x0800362c   0x00000030   Code   RO         3826    i.LCD_BusOut        lcd.o
    0x0800365c   0x0800365c   0x00000024   Code   RO         3827    i.LCD_Clear         lcd.o
    0x08003680   0x08003680   0x00000090   Code   RO         3829    i.LCD_CtrlLinesConfig  lcd.o
    0x08003710   0x08003710   0x00000018   Code   RO         3830    i.LCD_DisplayChar   lcd.o
    0x08003728   0x08003728   0x0000002a   Code   RO         3833    i.LCD_DisplayStringLine  lcd.o
    0x08003752   0x08003752   0x00000002   PAD
    0x08003754   0x08003754   0x00000058   Code   RO         3834    i.LCD_DrawChar      lcd.o
    0x080037ac   0x080037ac   0x00000034   Code   RO         3840    i.LCD_Init          lcd.o
    0x080037e0   0x080037e0   0x00000080   Code   RO         3843    i.LCD_ReadReg       lcd.o
    0x08003860   0x08003860   0x00000018   Code   RO         3845    i.LCD_SetCursor     lcd.o
    0x08003878   0x08003878   0x00000060   Code   RO         3850    i.LCD_WriteRAM      lcd.o
    0x080038d8   0x080038d8   0x00000064   Code   RO         3851    i.LCD_WriteRAM_Prepare  lcd.o
    0x0800393c   0x0800393c   0x00000074   Code   RO         3852    i.LCD_WriteReg      lcd.o
    0x080039b0   0x080039b0   0x0000004c   Code   RO          210    i.MX_DMA_Init       dma.o
    0x080039fc   0x080039fc   0x000000d4   Code   RO          186    i.MX_GPIO_Init      gpio.o
    0x08003ad0   0x08003ad0   0x0000009c   Code   RO          239    i.MX_TIM2_Init      tim.o
    0x08003b6c   0x08003b6c   0x00000074   Code   RO          240    i.MX_TIM3_Init      tim.o
    0x08003be0   0x08003be0   0x00000048   Code   RO          241    i.MX_TIM7_Init      tim.o
    0x08003c28   0x08003c28   0x00000068   Code   RO          308    i.MX_USART1_UART_Init  usart.o
    0x08003c90   0x08003c90   0x00000002   Code   RO          353    i.MemManage_Handler  stm32g4xx_it.o
    0x08003c92   0x08003c92   0x00000002   Code   RO          354    i.NMI_Handler       stm32g4xx_it.o
    0x08003c94   0x08003c94   0x00000002   Code   RO          355    i.PendSV_Handler    stm32g4xx_it.o
    0x08003c96   0x08003c96   0x00000112   Code   RO         3853    i.REG_8230_Init     lcd.o
    0x08003da8   0x08003da8   0x00000202   Code   RO         3854    i.REG_932X_Init     lcd.o
    0x08003faa   0x08003faa   0x00000002   Code   RO          356    i.SVC_Handler       stm32g4xx_it.o
    0x08003fac   0x08003fac   0x00000004   Code   RO          357    i.SysTick_Handler   stm32g4xx_it.o
    0x08003fb0   0x08003fb0   0x00000066   Code   RO           14    i.SystemClock_Config  main.o
    0x08004016   0x08004016   0x00000002   PAD
    0x08004018   0x08004018   0x00000010   Code   RO         3631    i.SystemInit        system_stm32g4xx.o
    0x08004028   0x08004028   0x0000000c   Code   RO          358    i.TIM2_IRQHandler   stm32g4xx_it.o
    0x08004034   0x08004034   0x0000000c   Code   RO          359    i.TIM7_IRQHandler   stm32g4xx_it.o
    0x08004040   0x08004040   0x000000b0   Code   RO          573    i.TIM_Base_SetConfig  stm32g4xx_hal_tim.o
    0x080040f0   0x080040f0   0x0000001a   Code   RO          574    i.TIM_CCxChannelCmd  stm32g4xx_hal_tim.o
    0x0800410a   0x0800410a   0x00000014   Code   RO          584    i.TIM_ETR_SetConfig  stm32g4xx_hal_tim.o
    0x0800411e   0x0800411e   0x00000002   PAD
    0x08004120   0x08004120   0x00000014   Code   RO          585    i.TIM_ITRx_SetConfig  stm32g4xx_hal_tim.o
    0x08004134   0x08004134   0x0000009c   Code   RO          586    i.TIM_OC1_SetConfig  stm32g4xx_hal_tim.o
    0x080041d0   0x080041d0   0x00000090   Code   RO          587    i.TIM_OC2_SetConfig  stm32g4xx_hal_tim.o
    0x08004260   0x08004260   0x00000090   Code   RO          588    i.TIM_OC3_SetConfig  stm32g4xx_hal_tim.o
    0x080042f0   0x080042f0   0x00000090   Code   RO          589    i.TIM_OC4_SetConfig  stm32g4xx_hal_tim.o
    0x08004380   0x08004380   0x00000070   Code   RO          590    i.TIM_OC5_SetConfig  stm32g4xx_hal_tim.o
    0x080043f0   0x080043f0   0x00000070   Code   RO          591    i.TIM_OC6_SetConfig  stm32g4xx_hal_tim.o
    0x08004460   0x08004460   0x00000022   Code   RO          593    i.TIM_TI1_ConfigInputStage  stm32g4xx_hal_tim.o
    0x08004482   0x08004482   0x00000024   Code   RO          595    i.TIM_TI2_ConfigInputStage  stm32g4xx_hal_tim.o
    0x080044a6   0x080044a6   0x00000002   PAD
    0x080044a8   0x080044a8   0x00000044   Code   RO         3531    i.UARTEx_SetNbDataToProcess  stm32g4xx_hal_uart_ex.o
    0x080044ec   0x080044ec   0x000000c8   Code   RO         3141    i.UART_AdvFeatureConfig  stm32g4xx_hal_uart.o
    0x080045b4   0x080045b4   0x00000060   Code   RO         3142    i.UART_CheckIdleState  stm32g4xx_hal_uart.o
    0x08004614   0x08004614   0x00000014   Code   RO         3143    i.UART_DMAAbortOnError  stm32g4xx_hal_uart.o
    0x08004628   0x08004628   0x00000054   Code   RO         3153    i.UART_EndRxTransfer  stm32g4xx_hal_uart.o
    0x0800467c   0x0800467c   0x000000a2   Code   RO         3155    i.UART_RxISR_16BIT  stm32g4xx_hal_uart.o
    0x0800471e   0x0800471e   0x00000002   PAD
    0x08004720   0x08004720   0x00000174   Code   RO         3156    i.UART_RxISR_16BIT_FIFOEN  stm32g4xx_hal_uart.o
    0x08004894   0x08004894   0x000000a2   Code   RO         3157    i.UART_RxISR_8BIT   stm32g4xx_hal_uart.o
    0x08004936   0x08004936   0x00000002   PAD
    0x08004938   0x08004938   0x00000174   Code   RO         3158    i.UART_RxISR_8BIT_FIFOEN  stm32g4xx_hal_uart.o
    0x08004aac   0x08004aac   0x00000274   Code   RO         3159    i.UART_SetConfig    stm32g4xx_hal_uart.o
    0x08004d20   0x08004d20   0x00000118   Code   RO         3161    i.UART_Start_Receive_IT  stm32g4xx_hal_uart.o
    0x08004e38   0x08004e38   0x000000c6   Code   RO         3166    i.UART_WaitOnFlagUntilTimeout  stm32g4xx_hal_uart.o
    0x08004efe   0x08004efe   0x00000002   PAD
    0x08004f00   0x08004f00   0x0000000c   Code   RO          360    i.USART1_IRQHandler  stm32g4xx_it.o
    0x08004f0c   0x08004f0c   0x00000002   Code   RO          361    i.UsageFault_Handler  stm32g4xx_it.o
    0x08004f0e   0x08004f0e   0x00000030   Code   RO         4203    i.__ARM_fpclassify  m_wm.l(fpclassify.o)
    0x08004f3e   0x08004f3e   0x00000020   Code   RO         2981    i.__NVIC_SetPriority  stm32g4xx_hal_cortex.o
    0x08004f5e   0x08004f5e   0x0000000e   Code   RO         4096    i._is_digit         c_w.l(__printf_wp.o)
    0x08004f6c   0x08004f6c   0x00000038   Code   RO         4033    i.changeAllLedByStateNumber  led.o
    0x08004fa4   0x08004fa4   0x00000038   Code   RO         4034    i.changeLedStateByLocation  led.o
    0x08004fdc   0x08004fdc   0x000000ac   Code   RO         3668    i.changePWM         config.o
    0x08005088   0x08005088   0x00000094   Code   RO         3669    i.keyPro            config.o
    0x0800511c   0x0800511c   0x000000e4   Code   RO         3670    i.lcdDisplay        config.o
    0x08005200   0x08005200   0x00000030   Code   RO         3855    i.lcdInit           lcd.o
    0x08005230   0x08005230   0x000000c8   Code   RO         3671    i.ledPro            config.o
    0x080052f8   0x080052f8   0x0000002a   Code   RO           15    i.main              main.o
    0x08005322   0x08005322   0x00000002   PAD
    0x08005324   0x08005324   0x0000002c   Code   RO         4036    i.rollbackLedByLocation  led.o
    0x08005350   0x08005350   0x000000c0   Code   RO         3771    i.scanKey           key.o
    0x08005410   0x08005410   0x00000044   Code   RO         3672    i.sysInit           config.o
    0x08005454   0x08005454   0x0000001a   Code   RO         3673    i.sysWork           config.o
    0x0800546e   0x0800546e   0x00000002   PAD
    0x08005470   0x08005470   0x00000084   Code   RO         3674    i.usartPro          config.o
    0x080054f4   0x080054f4   0x0000002c   Code   RO         4199    locale$$code        c_w.l(lc_numeric_c.o)
    0x08005520   0x08005520   0x0000000c   Code   RO         4140    x$fpl$dretinf       fz_wm.l(dretinf.o)
    0x0800552c   0x0800552c   0x00000056   Code   RO         4120    x$fpl$f2d           fz_wm.l(f2d.o)
    0x08005582   0x08005582   0x0000008c   Code   RO         4142    x$fpl$fnaninf       fz_wm.l(fnaninf.o)
    0x0800560e   0x0800560e   0x0000000a   Code   RO         4277    x$fpl$fpinit        fz_wm.l(fpinit.o)
    0x08005618   0x08005618   0x00000004   Code   RO         4122    x$fpl$printf1       fz_wm.l(printf1.o)
    0x0800561c   0x0800561c   0x00000000   Code   RO         4144    x$fpl$usenofp       fz_wm.l(usenofp.o)
    0x0800561c   0x0800561c   0x00000018   Data   RO         3167    .constdata          stm32g4xx_hal_uart.o
    0x08005634   0x08005634   0x00000010   Data   RO         3532    .constdata          stm32g4xx_hal_uart_ex.o
    0x08005644   0x08005644   0x00000010   Data   RO         3632    .constdata          system_stm32g4xx.o
    0x08005654   0x08005654   0x00000008   Data   RO         3633    .constdata          system_stm32g4xx.o
    0x0800565c   0x0800565c   0x000011d0   Data   RO         3856    .constdata          lcd.o
    0x0800682c   0x0800682c   0x00000094   Data   RO         4174    .constdata          c_w.l(bigflt0.o)
    0x080068c0   0x080068c0   0x00000020   Data   RO         4346    Region$$Table       anon$$obj.o
    0x080068e0   0x080068e0   0x0000001c   Data   RO         4198    locale$$data        c_w.l(lc_numeric_c.o)


    Execution Region RW_IRAM1 (Exec base: 0x20000000, Load base: 0x080068fc, Size: 0x00000888, Max: 0x00008000, ABSOLUTE)

    Exec Addr    Load Addr    Size         Type   Attr      Idx    E Section Name        Object

    0x20000000   0x080068fc   0x0000000c   Data   RW         1898    .data               stm32g4xx_hal.o
    0x2000000c   0x08006908   0x00000004   Data   RW         3634    .data               system_stm32g4xx.o
    0x20000010   0x0800690c   0x00000034   Data   RW         3675    .data               config.o
    0x20000044   0x08006940   0x00000004   Data   RW         3733    .data               interrupt.o
    0x20000048   0x08006944   0x00000001   Data   RW         3775    .data               key.o
    0x20000049   0x08006945   0x00000001   PAD
    0x2000004a   0x08006946   0x00000006   Data   RW         3857    .data               lcd.o
    0x20000050        -       0x000000e4   Zero   RW          242    .bss                tim.o
    0x20000134        -       0x000000f0   Zero   RW          309    .bss                usart.o
    0x20000224        -       0x00000060   Zero   RW         4206    .bss                c_w.l(libspace.o)
    0x20000284   0x0800694c   0x00000004   PAD
    0x20000288        -       0x00000200   Zero   RW            2    HEAP                startup_stm32g431xx.o
    0x20000488        -       0x00000400   Zero   RW            1    STACK               startup_stm32g431xx.o


==============================================================================

Image component sizes


      Code (inc. data)   RO Data    RW Data    ZI Data      Debug   Object Name

       974        192          0         52          0       5442   config.o
        76          4          0          0          0        858   dma.o
       212         18          0          0          0       1055   gpio.o
        56         20          0          4          0       1789   interrupt.o
       192          8          0          1          0        758   key.o
      1806         76       4560          6          0      11846   lcd.o
       156         26          0          0          0       1827   led.o
       148          0          0          0          0     645973   main.o
        64         26        472          0       1536        872   startup_stm32g431xx.o
       162         24          0         12          0       4529   stm32g4xx_hal.o
       198         14          0          0          0      34011   stm32g4xx_hal_cortex.o
       704         30          0          0          0       5063   stm32g4xx_hal_dma.o
       620         34          0          0          0       3796   stm32g4xx_hal_gpio.o
        48          6          0          0          0        898   stm32g4xx_hal_msp.o
       204         18          0          0          0       1465   stm32g4xx_hal_pwr_ex.o
      1696         92          0          0          0       6460   stm32g4xx_hal_rcc.o
       648         10          0          0          0       1936   stm32g4xx_hal_rcc_ex.o
      2966        260          0          0          0      21199   stm32g4xx_hal_tim.o
       170         24          0          0          0       5664   stm32g4xx_hal_tim_ex.o
      3694        124         24          0          0      37266   stm32g4xx_hal_uart.o
       288          6         16          0          0       5598   stm32g4xx_hal_uart_ex.o
        70         24          0          0          0       6817   stm32g4xx_it.o
        16          4         24          4          0       1191   system_stm32g4xx.o
       596         56          0          0        228       4499   tim.o
       296         26          0          0        240       1977   usart.o

    ----------------------------------------------------------------------
     16096       1122       5128         80       2004     812789   Object Totals
         0          0         32          0          0          0   (incl. Generated)
        36          0          0          1          0          0   (incl. Padding)

    ----------------------------------------------------------------------

      Code (inc. data)   RO Data    RW Data    ZI Data      Debug   Library Member Name

         8          0          0          0          0         68   __main.o
       284          0          0          0          0        156   __printf_wp.o
         0          0          0          0          0          0   __rtentry.o
        12          0          0          0          0          0   __rtentry2.o
         6          0          0          0          0          0   __rtentry4.o
        52          8          0          0          0          0   __scatter.o
        26          0          0          0          0          0   __scatter_copy.o
        28          0          0          0          0          0   __scatter_zi.o
        44          0          0          0          0        108   _printf_char.o
        48          6          0          0          0         96   _printf_char_common.o
         6          0          0          0          0          0   _printf_d.o
       120         16          0          0          0         92   _printf_dec.o
         6          0          0          0          0          0   _printf_f.o
      1054          0          0          0          0        216   _printf_fp_dec.o
       128         16          0          0          0         84   _printf_fp_infnan.o
       178          0          0          0          0         88   _printf_intcommon.o
         0          0          0          0          0          0   _printf_percent.o
         4          0          0          0          0          0   _printf_percent_end.o
         6          0          0          0          0          0   _printf_s.o
        82          0          0          0          0         80   _printf_str.o
        10          0          0          0          0         68   _sputc.o
       228          4        148          0          0         96   bigflt0.o
      1936        128          0          0          0        672   btod.o
        18          0          0          0          0         80   exit.o
         6          0          0          0          0        152   heapauxi.o
         0          0          0          0          0          0   indicate_semi.o
        44         10         28          0          0         76   lc_numeric_c.o
         2          0          0          0          0          0   libinit.o
        22          0          0          0          0          0   libinit2.o
         2          0          0          0          0          0   libshutdown.o
         2          0          0          0          0          0   libshutdown2.o
         8          4          0          0         96         68   libspace.o
       138          0          0          0          0         80   lludiv10.o
       238          0          0          0          0        100   lludivv7m.o
        40          6          0          0          0         84   noretval__2sprintf.o
         8          4          0          0          0         68   rt_locale_intlibspace.o
        78          0          0          0          0         80   rt_memclr_w.o
         2          0          0          0          0          0   rtexit.o
        10          0          0          0          0          0   rtexit2.o
       128          0          0          0          0         68   strcmpv7m.o
        62          0          0          0          0         76   strlen.o
        12          4          0          0          0         68   sys_exit.o
        74          0          0          0          0         80   sys_stackheap_outer.o
         2          0          0          0          0         68   use_no_semi.o
        12          0          0          0          0        116   dretinf.o
        86          4          0          0          0        132   f2d.o
       140          4          0          0          0        132   fnaninf.o
        10          0          0          0          0        116   fpinit.o
         4          0          0          0          0        116   printf1.o
         0          0          0          0          0          0   usenofp.o
        48          0          0          0          0        124   fpclassify.o

    ----------------------------------------------------------------------
      5476        214        176          0        100       3708   Library Totals
        14          0          0          0          4          0   (incl. Padding)

    ----------------------------------------------------------------------

      Code (inc. data)   RO Data    RW Data    ZI Data      Debug   Library Name

      5162        206        176          0         96       2972   c_w.l
       252          8          0          0          0        612   fz_wm.l
        48          0          0          0          0        124   m_wm.l

    ----------------------------------------------------------------------
      5476        214        176          0        100       3708   Library Totals

    ----------------------------------------------------------------------

==============================================================================


      Code (inc. data)   RO Data    RW Data    ZI Data      Debug   

     21572       1336       5304         80       2104     800485   Grand Totals
     21572       1336       5304         80       2104     800485   ELF Image Totals
     21572       1336       5304         80          0          0   ROM Totals

==============================================================================

    Total RO  Size (Code + RO Data)                26876 (  26.25kB)
    Total RW  Size (RW Data + ZI Data)              2184 (   2.13kB)
    Total ROM Size (Code + RO Data + RW Data)      26956 (  26.32kB)

==============================================================================

